[pagead2.googlesyndication.com/pagead/js/f2226.txt]
[backblue.gif]
[fade.gif]
[index.html]
[localhost/worldofficialtrailer/feed/index.html]
[localhost/worldofficialtrailer/comments/feed/index.html]
[localhost/worldofficialtrailer/wp-json/index.html]
[localhost/worldofficialtrailer/wp-json/wp/v2/pages/14.json]
[localhost/worldofficialtrailer/xmlrpc0db0.php]
[localhost/worldofficialtrailer/wp-includes/wlwmanifest.xml]
[localhost/worldofficialtrailer/wp-json/oembed/1.0/embed41e9.json]
[localhost/worldofficialtrailer/wp-json/oembed/1.0/embed19b2]
[localhost/worldofficialtrailer/wp-content/uploads/2021/12/WorldOfficialTrailer.jpg]
[maxcdn.bootstrapcdn.com/bootstrap/4.0.0/css/bootstrap.min.css]
[code.jquery.com/jquery-3.2.1.slim.min.js]
[cdnjs.cloudflare.com/ajax/libs/popper.js/1.12.9/umd/popper.min.js]
[maxcdn.bootstrapcdn.com/bootstrap/4.0.0/js/bootstrap.min.js]
[localhost/worldofficialtrailer/wp-content/uploads/2021/12/WorldOfficialTrailer.gif]
[translate.google.com/translate_a/element7876.js]
[i.ytimg.com/vi/wp67TD8oE18/maxresdefault.jpg]
[i.ytimg.com/vi/uJ3hwQaRr0w/maxresdefault.jpg]
[i.ytimg.com/vi/GRVvzuOPp1c/maxresdefault.jpg]
[i.ytimg.com/vi/lI5QB-BOWNo/maxresdefault.jpg]
[i.ytimg.com/vi/6FTjtlNtDQc/maxresdefault.jpg]
[i.ytimg.com/vi/s5wtUwm9uiU/maxresdefault.jpg]
[i.ytimg.com/vi/fuUZCoyoHo4/maxresdefault.jpg]
[i.ytimg.com/vi/dte6YUfWwHw/maxresdefault.jpg]
[i.ytimg.com/vi/q-a15OrmiXA/maxresdefault.jpg]
[i.ytimg.com/vi/QXs1kszXkIs/maxresdefault.jpg]
[i.ytimg.com/vi/z9pp_ZxqRgc/maxresdefault.jpg]
[i.ytimg.com/vi/KPmY0IyD7FQ/maxresdefault.jpg]
[i.ytimg.com/vi/eQp07luHejw/maxresdefault.jpg]
[i.ytimg.com/vi/yF-_U7Rpovo/maxresdefault.jpg]
[i.ytimg.com/vi/40abc3hG_zE/maxresdefault.jpg]
[i.ytimg.com/vi/LaIB9_PcvQU/maxresdefault.jpg]
[localhost/worldofficialtrailer/wp-content/themes/exs/assets/js/min/init10f0.js]
[localhost/worldofficialtrailer/wp-content/plugins/wp-smushit/app/assets/js/smush-lazy-load.minf3c8.js]
[localhost/worldofficialtrailer/wp-includes/js/wp-embed.minc8d8.js]
[localhost/worldofficialtrailer/index.html]
[iclickcdn.com/tag.min.js]
[localhost/worldofficialtrailer/wp-includes/css/dist/block-library/style.minc8d8.css]
[localhost/worldofficialtrailer/wp-content/themes/exs/assets/css/min/main-120010f0.css]
[localhost/worldofficialtrailer/wp-content/themes/exs/assets/css/min/menu-desktop210f0.css]
[cdn.onesignal.com/sdks/OneSignalSDKc8d8.js]
[localhost/worldofficialtrailer/wp-content/plugins/all-in-one-video-gallery/public/assets/fonts/aiovg-iconscad5.eot]
[localhost/worldofficialtrailer/wp-content/plugins/all-in-one-video-gallery/public/assets/fonts/aiovg-iconscad5.ttf]
[localhost/worldofficialtrailer/wp-content/plugins/all-in-one-video-gallery/public/assets/fonts/aiovg-iconscad5.woff]
[localhost/worldofficialtrailer/wp-content/plugins/all-in-one-video-gallery/public/assets/images/play.png]
[localhost/worldofficialtrailer/wp-content/plugins/all-in-one-video-gallery/public/assets/css/backward-compatibility0875.css]
[localhost/worldofficialtrailer/wp-content/plugins/all-in-one-video-gallery/public/assets/css/public0875.css]
[localhost/worldofficialtrailer/OneSignalSDKUpdaterWorker.html]
[localhost/worldofficialtrailer/OneSignalSDKWorker.html]
[localhost/worldofficialtrailer/wp-content/plugins/onesignal-free-web-push-notifications/sdk_files/index.html]
[localhost/worldofficialtrailer/wp-json/wp/v2/pages/25.json]
[localhost/worldofficialtrailer/wp-json/oembed/1.0/embed4704.json]
[localhost/worldofficialtrailer/wp-json/oembed/1.0/embed109e]
[localhost/worldofficialtrailer/wp-includes/js/jquery/jquery.minaf6c.js]
[localhost/worldofficialtrailer/wp-includes/js/jquery/jquery-migrate.mind617.js]
[localhost/worldofficialtrailer/wp-content/plugins/gd-rating-system/js/rating/events.min18ce.js]
[localhost/worldofficialtrailer/wp-content/plugins/gd-rating-system/js/rating/core.min18ce.js]
[localhost/worldofficialtrailer/wp-content/plugins/gd-rating-system/js/methods/stars-rating.min18ce.js]
[localhost/worldofficialtrailer/about-us/index.html]
[localhost/worldofficialtrailer/wp-json/wp/v2/pages/27.json]
[localhost/worldofficialtrailer/wp-json/oembed/1.0/embed4752.json]
[localhost/worldofficialtrailer/wp-json/oembed/1.0/embedf615]
[localhost/worldofficialtrailer/privacy-policy-2/index.html]
[localhost/worldofficialtrailer/wp-json/wp/v2/pages/29.json]
[localhost/worldofficialtrailer/wp-json/oembed/1.0/embeda1ee.json]
[localhost/worldofficialtrailer/wp-json/oembed/1.0/embede93e]
[localhost/worldofficialtrailer/terms-conditions/index.html]
[maxcdn.bootstrapcdn.com/bootstrap/4.0.0/css/bootstrap.min.css]
[localhost/index.html]
[localhost/worldofficialtrailer/wp-json/oembed/1.0/embed19ef.json]
[localhost/worldofficialtrailer/wp-json/oembed/1.0/embedd2d7]
[m.media-amazon.com/images/M/MV5BMGJjNzE4NDAtNTQ1Ny00MDA3LWEwZjktZDE0NmU5ZGMyNWM1XkEyXkFqcGdeQXVyNjEwNTM2Mzc@._V1_UX67_CR0,0,67,98_AL_.jpg]
[lofrev.net/wp-content/photos/2017/05/Online_logo_2.png]
[i.ytimg.com/vi/WHXq62VCaCM/maxresdefault.jpg]
[i.ytimg.com/vi/7mwu0qYzhXM/maxresdefault.jpg]
[i.ytimg.com/vi/65Hiv0CvEyM/maxresdefault.jpg]
[i.ytimg.com/vi/LIatQvNpM6Y/maxresdefault.jpg]
[i.ytimg.com/vi/36F9JxfDEA4/maxresdefault.jpg]
[i.ytimg.com/vi/0svPonHFTYw/maxresdefault.jpg]
[img.youtube.com/vi/HWyXKnQiIXk/maxresdefault.jpg]
[i.ytimg.com/vi/7NU-STboFeI/maxresdefault.jpg]
[i.ytimg.com/vi/9uXDfwC2-Oo/maxresdefault.jpg]
[i.ytimg.com/vi/9-qhthp07fU/maxresdefault.jpg]
[i.ytimg.com/vi/4wCH1K-ckZw/maxresdefault.jpg]
[localhost/worldofficialtrailer/watch/summer-heat/index.html]
[localhost/worldofficialtrailer/wp-json/wp/v2/pages/12.json]
[localhost/worldofficialtrailer/wp-json/oembed/1.0/embed2ef2.json]
[localhost/worldofficialtrailer/wp-json/oembed/1.0/embed1ada]
[i.ytimg.com/vi/6NeMPrzh9aI/maxresdefault.jpg]
[localhost/worldofficialtrailer/video-category/english/index.html]
[localhost/worldofficialtrailer/wp-json/oembed/1.0/embedbb60.json]
[localhost/worldofficialtrailer/wp-json/oembed/1.0/embed6aa2]
[m.media-amazon.com/images/M/MV5BNDIxOGViNzUtNzFiZi00MjcyLWI1ZGUtM2M0ZWU5ZGFhZTBiXkEyXkFqcGdeQXVyOTI4ODg1NDQ@._V1_UY98_CR5,0,67,98_AL_.jpg]
[i.ytimg.com/vi/3eGP6im8AZA/maxresdefault.jpg]
[i.ytimg.com/vi/YwNUdIGetAw/maxresdefault.jpg]
[i.ytimg.com/vi/9ng0NxIWjaI/maxresdefault.jpg]
[i.ytimg.com/vi/KWxJXZ3S3-g/maxresdefault.jpg]
[localhost/worldofficialtrailer/watch/insidious-the-dark-realm/index.html]
[localhost/worldofficialtrailer/wp-json/oembed/1.0/embedb5af.json]
[localhost/worldofficialtrailer/wp-json/oembed/1.0/embed247e]
[i.ytimg.com/vi/GoFLm7sAPNc/maxresdefault.jpg]
[wegotthiscovered.com/wp-content/uploads/2021/12/brazen-trailer-thumbnail.jpg]
[i.ytimg.com/vi/ytWc6wbiazw/maxresdefault.jpg]
[i.ytimg.com/vi/9ghoXtoXx7o/maxresdefault.jpg]
[i.ytimg.com/vi/BT0zd0kmTxM/maxresdefault.jpg]
[i.ytimg.com/vi/7NDK4f9eQFQ/maxresdefault.jpg]
[i.ytimg.com/vi/f_vbAtFSEc0/maxresdefault.jpg]
[img.youtube.com/vi/cDjFpajxx8A/maxresdefault.jpg]
[localhost/worldofficialtrailer/watch/bajrangi-bhaijaan-2/index.html]
[localhost/worldofficialtrailer/video-category/hindi/index.html]
[localhost/worldofficialtrailer/wp-json/oembed/1.0/embed527c.json]
[localhost/worldofficialtrailer/wp-json/oembed/1.0/embedb16d]
[m.media-amazon.com/images/M/MV5BMDNhZWZkYjUtNDMyNS00NGEwLTk3ZmYtNzMxM2M1Yzc3ZGU3XkEyXkFqcGdeQXVyOTg4MDYyNw@@._V1_QL75_UX180_CR0,0,180,266_.jpg]
[i.ytimg.com/vi/XPzJ2B1B7hg/maxresdefault.jpg]
[localhost/worldofficialtrailer/watch/the-ledge/index.html]
[localhost/worldofficialtrailer/wp-json/oembed/1.0/embed18cc.json]
[localhost/worldofficialtrailer/wp-json/oembed/1.0/embede737]
[m.media-amazon.com/images/M/MV5BODIyNzk5NDg5M15BMl5BanBnXkFtZTgwMTE5NjA5MjI@._V1_UX67_CR0,0,67,98_AL_.jpg]
[i.ytimg.com/vi/9eQBl3_6FKA/maxresdefault.jpg]
[localhost/worldofficialtrailer/watch/ozark-season-4/index.html]
[localhost/worldofficialtrailer/wp-json/oembed/1.0/embeda87b.json]
[localhost/worldofficialtrailer/wp-json/oembed/1.0/embed9482]
[m.media-amazon.com/images/M/MV5BNjllNDk1OTItNmVlZi00YTUyLTg4Y2QtYWQyMzA0OTZjZjg2XkEyXkFqcGdeQXVyNjUxMjc1OTM@._V1_UY98_CR6,0,67,98_AL_.jpg]
[i.ytimg.com/vi/W8Sqk1GcqxY/maxresdefault.jpg]
[localhost/worldofficialtrailer/watch/archive-81/index.html]
[localhost/worldofficialtrailer/wp-json/oembed/1.0/embed21c4.json]
[localhost/worldofficialtrailer/wp-json/oembed/1.0/embeda7ed]
[m.media-amazon.com/images/M/MV5BYThkM2YyZmMtYzU1NC00NGQ0LWJmM2EtYmQxNTc3MThhZGJiXkEyXkFqcGdeQXVyMTEyMjM2NDc2._V1_QL75_UY281_CR6,0,190,281_.jpg]
[localhost/worldofficialtrailer/watch/the-woman-in-the-house/index.html]
[localhost/worldofficialtrailer/wp-json/oembed/1.0/embed266c.json]
[localhost/worldofficialtrailer/wp-json/oembed/1.0/embedc01c]
[i0.wp.com/teaser-trailer.com/wp-content/uploads/Sundown-movie-poster-1eb45.jpg]
[localhost/worldofficialtrailer/watch/sundown/index.html]
[localhost/worldofficialtrailer/wp-json/oembed/1.0/embed373f.json]
[localhost/worldofficialtrailer/wp-json/oembed/1.0/embed5b4f]
[www.bolivud.com/wp-content/uploads/2021/12/Human-Official-Trailer-Hotstar-Specials-on-Disney-Plus-Hotstar.jpg]
[localhost/worldofficialtrailer/watch/human/index.html]
[localhost/worldofficialtrailer/wp-json/oembed/1.0/embedc15c.json]
[localhost/worldofficialtrailer/wp-json/oembed/1.0/embedfa62]
[economictimes.indiatimes.com/thumb/msid-88725977,width-1200,height-900,resizemode-4,imgsize-23366/chakde-xpress5ad7.jpg]
[localhost/worldofficialtrailer/watch/chakda-xpress-official-trailer/index.html]
[localhost/worldofficialtrailer/wp-json/oembed/1.0/embedb41c.json]
[localhost/worldofficialtrailer/wp-json/oembed/1.0/embed8908]
[www.the-numbers.com/images/movies/opusdata/Commando-The-(2022)-Thumbnail.jpg]
[localhost/worldofficialtrailer/watch/the-commando/index.html]
[localhost/worldofficialtrailer/wp-json/oembed/1.0/embedb48d.json]
[localhost/worldofficialtrailer/wp-json/oembed/1.0/embed851f]
[www.the-numbers.com/images/movies/opusdata/Free-Fall-The-(2022)-Thumbnail.jpg]
[localhost/worldofficialtrailer/watch/the-free-fall/index.html]
[localhost/worldofficialtrailer/wp-json/oembed/1.0/embedabca.json]
[localhost/worldofficialtrailer/wp-json/oembed/1.0/embed64b7]
[www.the-numbers.com/images/movies/opusdata/Shattered-(2022)-Thumbnail.jpg]
[localhost/worldofficialtrailer/watch/shattered/index.html]
[localhost/worldofficialtrailer/wp-json/oembed/1.0/embede976.json]
[localhost/worldofficialtrailer/wp-json/oembed/1.0/embedfa80]
[www.the-numbers.com/images/movies/opusdata/Stoker-Hills-Thumbnail.jpg]
[localhost/worldofficialtrailer/watch/stoker-hills/index.html]
[localhost/worldofficialtrailer/wp-json/oembed/1.0/embed2b32.json]
[localhost/worldofficialtrailer/wp-json/oembed/1.0/embed9825]
[www.the-numbers.com/images/movies/opusdata/Italian-Studies-(2022)-Thumbnail.jpg]
[localhost/worldofficialtrailer/watch/italian-studies/index.html]
[localhost/worldofficialtrailer/wp-json/oembed/1.0/embedf700.json]
[localhost/worldofficialtrailer/wp-json/oembed/1.0/embed8a54]
[www.filmibeat.com/img/190x100x237/popcorn/movie_posters/bangarraju-20211231115217-20325.jpg]
[i.ytimg.com/vi/O4BIdZ4SJ8U/maxresdefault.jpg]
[i.ytimg.com/vi/XX-vYx4aUAA/maxresdefault.jpg]
[localhost/worldofficialtrailer/watch/bangarraju/index.html]
[localhost/worldofficialtrailer/video-category/telugu/index.html]
[i.ytimg.com/vi/_5HDMbQpExc/maxresdefault.jpg]
[localhost/worldofficialtrailer/page/2/index.html]
[i.gadgets360cdn.com/large/google_play_1559395346287d41d.jpg]
[i.ytimg.com/vi/DBArG6AoJw0/maxresdefault.jpg]
[localhost/worldofficialtrailer/page/3/index.html]
[localhost/worldofficialtrailer/wp-content/plugins/all-in-one-video-gallery/public/assets/fonts/aiovg-iconscad5.svg]
[localhost/worldofficialtrailer/index970c.html]
[localhost/worldofficialtrailer/about-us/OneSignalSDKUpdaterWorker.html]
[localhost/worldofficialtrailer/about-us/OneSignalSDKWorker.html]
[localhost/worldofficialtrailer/about-us/worldfirstofficialtrailer@gmail.html]
[localhost/worldofficialtrailer/wp-content/plugins/gd-rating-system/css/rating/grid.min18ce.css]
[localhost/worldofficialtrailer/wp-content/plugins/gd-rating-system/css/rating/core.min18ce.css]
[localhost/worldofficialtrailer/wp-content/plugins/gd-rating-system/css/fonts/default/gdrts-icons8aa7.eot]
[localhost/worldofficialtrailer/wp-content/plugins/gd-rating-system/css/fonts/default-embed.min18ce.css]
[localhost/worldofficialtrailer/wp-content/plugins/gd-rating-system/css/methods/stars/star.png]
[localhost/worldofficialtrailer/wp-content/plugins/gd-rating-system/css/methods/stars/heart.png]
[localhost/worldofficialtrailer/wp-content/plugins/gd-rating-system/css/methods/stars/snowflake.png]
[localhost/worldofficialtrailer/wp-content/plugins/gd-rating-system/css/methods/stars/christmas.png]
[localhost/worldofficialtrailer/wp-content/plugins/gd-rating-system/css/methods/stars/oxygen.png]
[localhost/worldofficialtrailer/wp-content/plugins/gd-rating-system/css/methods/stars/crystal.png]
[localhost/worldofficialtrailer/wp-content/plugins/gd-rating-system/css/methods/stars.min18ce.css]
[localhost/worldofficialtrailer/index1c4a.html]
[localhost/worldofficialtrailer/privacy-policy-2/OneSignalSDKUpdaterWorker.html]
[localhost/worldofficialtrailer/privacy-policy-2/OneSignalSDKWorker.html]
[localhost/worldofficialtrailer/index9cd7.html]
[localhost/worldofficialtrailer/terms-conditions/OneSignalSDKUpdaterWorker.html]
[localhost/worldofficialtrailer/terms-conditions/OneSignalSDKWorker.html]
[cdnjs.cloudflare.com/ajax/libs/font-awesome/3.1.0/css/font-awesome.min.css]
[localhost/dashboard/javascripts/modernizr.js]
[localhost/dashboard/images/favicon.png]
[connect.facebook.net/en_US/all.js]
[localhost/dashboard/images/bitnami-xampp.png]
[localhost/dashboard/images/fastly-logo.png]
[localhost/dashboard/javascripts/all.js]
[code.jquery.com/jquery-1.10.2.min.js]
[localhost/dashboard/index.html]
[localhost/worldofficialtrailer/indexd728.html]
[localhost/worldofficialtrailer/watch/summer-heat/OneSignalSDKUpdaterWorker.html]
[localhost/worldofficialtrailer/watch/summer-heat/OneSignalSDKWorker.html]
[localhost/worldofficialtrailer/author/worldtrailer/feed/index.html]
[localhost/worldofficialtrailer/wp-json/wp/v2/users/1.json]
[localhost/phpmyadmin/index.html]
[localhost/worldofficialtrailer/author/worldtrailer/index.html]
[localhost/worldofficialtrailer/wp-admin/admin-ajax05e5.json]
[localhost/worldofficialtrailer/player-embed/id/264/index.html]
[localhost/worldofficialtrailer/wp-json/oembed/1.0/embeda156.json]
[localhost/worldofficialtrailer/wp-json/oembed/1.0/embed9060]
[m.media-amazon.com/images/M/MV5BODk2NjAyOWMtM2FjZC00MjZhLTkxMjQtZTM3NjJlYTE5MDdlXkEyXkFqcGdeQXVyMTkxNjUyNQ@@._V1_FMjpg_UX1000_.jpg]
[localhost/worldofficialtrailer/watch/peacemaker/index.html]
[localhost/worldofficialtrailer/wp-json/oembed/1.0/embedd785.json]
[localhost/worldofficialtrailer/wp-json/oembed/1.0/embed509f]
[upload.wikimedia.org/wikipedia/en/thumb/e/ef/I_Want_You_Back_(film).jpg/220px-I_Want_You_Back_(film).jpg]
[localhost/worldofficialtrailer/watch/i-want-you-back/index.html]
[localhost/worldofficialtrailer/wp-json/oembed/1.0/embeda805.json]
[localhost/worldofficialtrailer/wp-json/oembed/1.0/embed9bef]
[upload.wikimedia.org/wikipedia/en/thumb/0/08/Doctor_Strange_in_the_Multiverse_of_Madness_poster.jpeg/220px-Doctor_Strange_in_the_Multiverse_of_Madness_poster.jpg]
[localhost/worldofficialtrailer/watch/doctor-strange-in-the-multiverse-of-madness/index.html]
[localhost/worldofficialtrailer/wp-json/oembed/1.0/embedbe47.json]
[localhost/worldofficialtrailer/wp-json/oembed/1.0/embed9852]
[upload.wikimedia.org/wikipedia/en/thumb/c/ce/JurassicWorldDominion_Poster.jpeg/220px-JurassicWorldDominion_Poster.jpg]
[localhost/worldofficialtrailer/watch/jurassic-world-3-dominion/index.html]
[localhost/worldofficialtrailer/wp-json/oembed/1.0/embed7c0b.json]
[localhost/worldofficialtrailer/wp-json/oembed/1.0/embedda60]
[www.gridsaratoga.com/wp-content/uploads/2021/02/MV5BOTc4N2MyZjYtZWFkMy00ZDdiLTg1YmYtNTE4MTgyYmQ4NTEyXkEyXkFqcGdeQXVyMTEyMjM2NDc2._V1_.jpg]
[localhost/worldofficialtrailer/watch/search-party-season-5/index.html]
[localhost/worldofficialtrailer/wp-json/oembed/1.0/embedc767.json]
[localhost/worldofficialtrailer/wp-json/oembed/1.0/embedea0f]
[m.media-amazon.com/images/I/41+S9fvRYfL.jpg]
[localhost/worldofficialtrailer/watch/death-on-the-nile/index.html]
[localhost/worldofficialtrailer/wp-json/oembed/1.0/embedfc93.json]
[localhost/worldofficialtrailer/wp-json/oembed/1.0/embed11a9]
[upload.wikimedia.org/wikipedia/en/thumb/5/51/Fantastic_Beasts,_The_Secrets_of_Dumbledore_teaser_poster.png/220px-Fantastic_Beasts,_The_Secrets_of_Dumbledore_teaser_poster.png]
[localhost/worldofficialtrailer/watch/fantastic-beasts-the-secrets-of-dumbledore/index.html]
[localhost/worldofficialtrailer/wp-json/oembed/1.0/embedf996.json]
[localhost/worldofficialtrailer/wp-json/oembed/1.0/embed35c9]
[upload.wikimedia.org/wikipedia/en/thumb/d/d2/Ambulance_film_poster.jpg/220px-Ambulance_film_poster.jpg]
[localhost/worldofficialtrailer/watch/ambulance/index.html]
[localhost/worldofficialtrailer/wp-json/oembed/1.0/embed1711.json]
[localhost/worldofficialtrailer/wp-json/oembed/1.0/embedef70]
[m.media-amazon.com/images/M/MV5BNmQ0OWJiNWUtZGRiOS00MDRkLTk5NzMtN2RhN2NiZDg5NTE0XkEyXkFqcGdeQXVyMTkxNjUyNQ@@._V1_FMjpg_UX1000_.jpg]
[localhost/worldofficialtrailer/watch/scream/index.html]
[localhost/worldofficialtrailer/wp-json/oembed/1.0/embedc327.json]
[localhost/worldofficialtrailer/wp-json/oembed/1.0/embed9a2c]
[m.media-amazon.com/images/M/MV5BMTExNjg5OTcxNDVeQTJeQWpwZ15BbWU3MDU3NTU4MjE@._V1_.jpg]
[localhost/worldofficialtrailer/watch/book-of-love/index.html]
[localhost/worldofficialtrailer/wp-json/oembed/1.0/embed795e.json]
[localhost/worldofficialtrailer/wp-json/oembed/1.0/embed539a]
[upload.wikimedia.org/wikipedia/en/thumb/c/c7/Uncharted_(film).jpg/220px-Uncharted_(film).jpg]
[localhost/worldofficialtrailer/watch/uncharted/index.html]
[localhost/worldofficialtrailer/watch/summer-heat/page/2.html]
[localhost/worldofficialtrailer/wp-content/plugins/shortcodes-ultimate/includes/images/player/default.png]
[localhost/worldofficialtrailer/wp-content/plugins/shortcodes-ultimate/includes/images/styles/style-soft.png]
[localhost/worldofficialtrailer/wp-content/plugins/shortcodes-ultimate/includes/images/styles/style-glass.png]
[localhost/worldofficialtrailer/wp-content/plugins/shortcodes-ultimate/includes/images/styles/style-bubbles.png]
[localhost/worldofficialtrailer/wp-content/plugins/shortcodes-ultimate/includes/images/styles/style-noise.png]
[localhost/worldofficialtrailer/wp-content/plugins/shortcodes-ultimate/includes/images/swiper/default.png]
[localhost/worldofficialtrailer/wp-content/plugins/shortcodes-ultimate/includes/images/quote.png]
[localhost/worldofficialtrailer/wp-content/plugins/shortcodes-ultimate/includes/images/player/default-start.png]
[localhost/worldofficialtrailer/wp-content/plugins/shortcodes-ultimate/includes/css/shortcodes4320.css]
[localhost/worldofficialtrailer/wp-content/plugins/all-in-one-video-gallery/public/assets/images/placeholder-image.png]
[localhost/worldofficialtrailer/video-category/index.html]
[localhost/worldofficialtrailer/index678b.html]
[localhost/worldofficialtrailer/video-category/english/OneSignalSDKUpdaterWorker.html]
[localhost/worldofficialtrailer/video-category/english/OneSignalSDKWorker.html]
[localhost/worldofficialtrailer/wp-json/oembed/1.0/embedc333.json]
[localhost/worldofficialtrailer/wp-json/oembed/1.0/embed8a50]
[upload.wikimedia.org/wikipedia/en/thumb/1/12/Moonfall2022Poster.jpg/220px-Moonfall2022Poster.jpg]
[localhost/worldofficialtrailer/watch/moonfall/index.html]
[localhost/worldofficialtrailer/video-category/english/page/2/index.html]
[localhost/worldofficialtrailer/index7d69.html]
[localhost/worldofficialtrailer/watch/insidious-the-dark-realm/OneSignalSDKUpdaterWorker.html]
[localhost/worldofficialtrailer/watch/insidious-the-dark-realm/OneSignalSDKWorker.html]
[localhost/worldofficialtrailer/wp-admin/admin-ajax96e6.json]
[localhost/worldofficialtrailer/player-embed/id/262/index.html]
[localhost/worldofficialtrailer/wp-json/oembed/1.0/embed95e3.json]
[localhost/worldofficialtrailer/wp-json/oembed/1.0/embed2646]
[upload.wikimedia.org/wikipedia/en/thumb/7/7f/The_Black_Phone.jpg/220px-The_Black_Phone.jpg]
[localhost/worldofficialtrailer/watch/the-black-phone/index.html]
[localhost/worldofficialtrailer/wp-json/oembed/1.0/embedfe70.json]
[localhost/worldofficialtrailer/wp-json/oembed/1.0/embedcc87]
[upload.wikimedia.org/wikipedia/en/thumb/5/5c/Home_Team_(2022_film).jpg/220px-Home_Team_(2022_film).jpg]
[localhost/worldofficialtrailer/watch/home-team/index.html]
[localhost/worldofficialtrailer/wp-json/oembed/1.0/embed7825.json]
[localhost/worldofficialtrailer/wp-json/oembed/1.0/embed624c]
[upload.wikimedia.org/wikipedia/en/thumb/a/a9/Black_Adam_(film)_poster.jpg/220px-Black_Adam_(film)_poster.jpg]
[localhost/worldofficialtrailer/watch/black-adam/index.html]
[localhost/worldofficialtrailer/wp-json/oembed/1.0/embed8673.json]
[localhost/worldofficialtrailer/wp-json/oembed/1.0/embedf930]
[upload.wikimedia.org/wikipedia/en/thumb/4/42/The_Royal_Treatment.jpg/220px-The_Royal_Treatment.jpg]
[localhost/worldofficialtrailer/watch/the-royal-treatment/index.html]
[localhost/worldofficialtrailer/watch/insidious-the-dark-realm/page/2.html]
[localhost/worldofficialtrailer/index8e1b.html]
[localhost/worldofficialtrailer/watch/bajrangi-bhaijaan-2/OneSignalSDKUpdaterWorker.html]
[localhost/worldofficialtrailer/watch/bajrangi-bhaijaan-2/OneSignalSDKWorker.html]
[localhost/worldofficialtrailer/wp-admin/admin-ajax253a.json]
[localhost/worldofficialtrailer/player-embed/id/260/index.html]
[localhost/worldofficialtrailer/wp-json/oembed/1.0/embeda627.json]
[localhost/worldofficialtrailer/wp-json/oembed/1.0/embedf606]
[m.media-amazon.com/images/M/MV5BOTdhZGIzMDYtYWM3Yi00NWMyLTg2ZTUtY2MwNGVlZWYxYTQ5XkEyXkFqcGdeQXVyMTI1NDEyNTM5._V1_FMjpg_UX1000_.jpg]
[localhost/worldofficialtrailer/watch/attack/index.html]
[localhost/worldofficialtrailer/wp-json/oembed/1.0/embed9092.json]
[localhost/worldofficialtrailer/wp-json/oembed/1.0/embede973]
[image.tmdb.org/t/p/w185/CaievsSWmbVuznon1yhiQswVsZ.jpg]
[localhost/worldofficialtrailer/watch/brazen-deadly-desires/index.html]
[localhost/worldofficialtrailer/wp-json/oembed/1.0/embedc536.json]
[localhost/worldofficialtrailer/wp-json/oembed/1.0/embedbaab]
[cdn.celpox.com/bby_uploads/media/340297218aed3d38ee456d565a69b59d.jpg]
[localhost/worldofficialtrailer/watch/pathan/index.html]
[localhost/worldofficialtrailer/wp-json/oembed/1.0/embed5b01.json]
[localhost/worldofficialtrailer/wp-json/oembed/1.0/embeda80e]
[m.media-amazon.com/images/M/MV5BM2I2MTE5ZmMtN2FkMy00MTRjLTg1N2ItZDNiMmU3OTI5Mzk4XkEyXkFqcGdeQXVyOTAzMTc2MjA@._V1_.jpg]
[localhost/worldofficialtrailer/watch/bachchan-pandey/index.html]
[localhost/worldofficialtrailer/wp-json/oembed/1.0/embed153e.json]
[localhost/worldofficialtrailer/wp-json/oembed/1.0/embed6e19]
[m.media-amazon.com/images/M/MV5BZjViYjRjODItYzI4ZC00MzI4LTkwYTQtZjI5ZjAzZWViMTZlXkEyXkFqcGdeQXVyMTI1NDEyNTM5._V1_UX100_CR0,0,100,100_AL_.jpg]
[localhost/worldofficialtrailer/watch/jersey/index.html]
[localhost/worldofficialtrailer/wp-json/oembed/1.0/embed28ce.json]
[localhost/worldofficialtrailer/wp-json/oembed/1.0/embed00ce]
[m.media-amazon.com/images/M/MV5BOTM3ODg3ZDMtZGUxNC00OWE2LWIwNWMtNzAzMGZmZjY2ODRmXkEyXkFqcGdeQXVyMTkzOTcxOTg@._V1_.jpg]
[localhost/worldofficialtrailer/watch/prithviraj/index.html]
[localhost/worldofficialtrailer/wp-json/oembed/1.0/embedd44f.json]
[localhost/worldofficialtrailer/wp-json/oembed/1.0/embed0ea8]
[upload.wikimedia.org/wikipedia/en/thumb/d/d7/RRR_Poster.jpg/220px-RRR_Poster.jpg]
[localhost/worldofficialtrailer/watch/rrr/index.html]
[localhost/worldofficialtrailer/wp-json/oembed/1.0/embeda930.json]
[localhost/worldofficialtrailer/wp-json/oembed/1.0/embedf2b6]
[i.ytimg.com/vi/cDjFpajxx8A/maxresdefault.jpg]
[localhost/worldofficialtrailer/watch/joker/index.html]
[localhost/worldofficialtrailer/video-category/hindi/OneSignalSDKUpdaterWorker.html]
[localhost/worldofficialtrailer/video-category/hindi/OneSignalSDKWorker.html]
[localhost/worldofficialtrailer/indexc544.html]
[localhost/worldofficialtrailer/watch/the-ledge/OneSignalSDKUpdaterWorker.html]
[localhost/worldofficialtrailer/watch/the-ledge/OneSignalSDKWorker.html]
[localhost/worldofficialtrailer/wp-admin/admin-ajax5e95.json]
[localhost/worldofficialtrailer/player-embed/id/259/index.html]
[localhost/worldofficialtrailer/wp-json/oembed/1.0/embedaa83.json]
[localhost/worldofficialtrailer/wp-json/oembed/1.0/embed7a41]
[upload.wikimedia.org/wikipedia/en/thumb/e/ee/TheLostCityPoster.jpg/220px-TheLostCityPoster.jpg]
[localhost/worldofficialtrailer/watch/the-lost-city/index.html]
[localhost/worldofficialtrailer/watch/the-ledge/page/2.html]
[localhost/worldofficialtrailer/index548d.html]
[localhost/worldofficialtrailer/watch/ozark-season-4/OneSignalSDKUpdaterWorker.html]
[localhost/worldofficialtrailer/watch/ozark-season-4/OneSignalSDKWorker.html]
[localhost/worldofficialtrailer/wp-admin/admin-ajax6696.json]
[localhost/worldofficialtrailer/player-embed/id/257/index.html]
[localhost/worldofficialtrailer/wp-json/oembed/1.0/embedc317.json]
[localhost/worldofficialtrailer/wp-json/oembed/1.0/embed1658]
[m.media-amazon.com/images/M/MV5BYjlhNTA3Y2ItYjhiYi00NTBiLTg5MDMtZDJjMDZjNzVjNjJmXkEyXkFqcGdeQXVyMTEyMjM2NDc2._V1_FMjpg_UX1000_.jpg]
[localhost/worldofficialtrailer/watch/morbius/index.html]
[localhost/worldofficialtrailer/watch/ozark-season-4/page/2.html]
[localhost/worldofficialtrailer/index0c93.html]
[localhost/worldofficialtrailer/watch/archive-81/OneSignalSDKUpdaterWorker.html]
[localhost/worldofficialtrailer/watch/archive-81/OneSignalSDKWorker.html]
[localhost/worldofficialtrailer/wp-admin/admin-ajax2ab5.json]
[localhost/worldofficialtrailer/player-embed/id/255/index.html]
[localhost/worldofficialtrailer/wp-json/oembed/1.0/embed25b6.json]
[localhost/worldofficialtrailer/wp-json/oembed/1.0/embedb6f2]
[m.media-amazon.com/images/M/MV5BZGFmNmRlZmQtMDAyYy00NTJjLTg2ODQtZDI0OWE3M2I2NDcyXkEyXkFqcGdeQXVyNjY1MTg4Mzc@._V1_.jpg]
[localhost/worldofficialtrailer/watch/operation-fortune-ruse-de-guerre/index.html]
[localhost/worldofficialtrailer/watch/archive-81/page/2.html]
[localhost/worldofficialtrailer/indexa943.html]
[localhost/worldofficialtrailer/watch/the-woman-in-the-house/OneSignalSDKUpdaterWorker.html]
[localhost/worldofficialtrailer/watch/the-woman-in-the-house/OneSignalSDKWorker.html]
[localhost/worldofficialtrailer/wp-admin/admin-ajax7f98.json]
[localhost/worldofficialtrailer/player-embed/id/252/index.html]
[localhost/worldofficialtrailer/watch/the-woman-in-the-house/page/2.html]
[localhost/worldofficialtrailer/indexcfe0.html]
[localhost/worldofficialtrailer/watch/sundown/OneSignalSDKUpdaterWorker.html]
[localhost/worldofficialtrailer/watch/sundown/OneSignalSDKWorker.html]
[localhost/worldofficialtrailer/player-embed/id/240/index.html]
[localhost/worldofficialtrailer/wp-admin/admin-ajax3e66.json]
[localhost/worldofficialtrailer/watch/sundown/page/2.html]
[localhost/worldofficialtrailer/index3dc6.html]
[localhost/worldofficialtrailer/watch/human/OneSignalSDKUpdaterWorker.html]
[localhost/worldofficialtrailer/watch/human/OneSignalSDKWorker.html]
[localhost/worldofficialtrailer/player-embed/id/238/index.html]
[localhost/worldofficialtrailer/index0133.html]
[localhost/worldofficialtrailer/watch/chakda-xpress-official-trailer/OneSignalSDKUpdaterWorker.html]
[localhost/worldofficialtrailer/watch/chakda-xpress-official-trailer/OneSignalSDKWorker.html]
[localhost/worldofficialtrailer/wp-admin/admin-ajaxba5a.json]
[localhost/worldofficialtrailer/wp-admin/admin-ajax6531.json]
[localhost/worldofficialtrailer/player-embed/id/236/index.html]
[localhost/worldofficialtrailer/index6cd9.html]
[localhost/worldofficialtrailer/watch/the-commando/OneSignalSDKUpdaterWorker.html]
[localhost/worldofficialtrailer/watch/the-commando/OneSignalSDKWorker.html]
[localhost/worldofficialtrailer/wp-admin/admin-ajaxd1d1.json]
[localhost/worldofficialtrailer/player-embed/id/234/index.html]
[localhost/worldofficialtrailer/watch/the-commando/page/2.html]
[localhost/worldofficialtrailer/index80c9.html]
[localhost/worldofficialtrailer/watch/the-free-fall/OneSignalSDKUpdaterWorker.html]
[localhost/worldofficialtrailer/watch/the-free-fall/OneSignalSDKWorker.html]
[localhost/worldofficialtrailer/player-embed/id/232/index.html]
[localhost/worldofficialtrailer/wp-admin/admin-ajaxfea9.json]
[localhost/worldofficialtrailer/watch/the-free-fall/page/2.html]
[localhost/worldofficialtrailer/index9fa1.html]
[localhost/worldofficialtrailer/watch/shattered/OneSignalSDKUpdaterWorker.html]
[localhost/worldofficialtrailer/watch/shattered/OneSignalSDKWorker.html]
[localhost/worldofficialtrailer/player-embed/id/230/index.html]
[localhost/worldofficialtrailer/wp-admin/admin-ajax9d28.json]
[localhost/worldofficialtrailer/watch/shattered/page/2.html]
[localhost/worldofficialtrailer/index6eea.html]
[localhost/worldofficialtrailer/watch/stoker-hills/OneSignalSDKUpdaterWorker.html]
[localhost/worldofficialtrailer/watch/stoker-hills/OneSignalSDKWorker.html]
[localhost/worldofficialtrailer/wp-admin/admin-ajax758e.json]
[localhost/worldofficialtrailer/player-embed/id/228/index.html]
[localhost/worldofficialtrailer/watch/stoker-hills/page/2.html]
[localhost/worldofficialtrailer/index8c34.html]
[localhost/worldofficialtrailer/watch/italian-studies/OneSignalSDKUpdaterWorker.html]
[localhost/worldofficialtrailer/watch/italian-studies/OneSignalSDKWorker.html]
[localhost/worldofficialtrailer/wp-admin/admin-ajax5148.json]
[localhost/worldofficialtrailer/player-embed/id/226/index.html]
[localhost/worldofficialtrailer/watch/italian-studies/page/2.html]
[localhost/worldofficialtrailer/indexd027.html]
[localhost/worldofficialtrailer/watch/bangarraju/OneSignalSDKUpdaterWorker.html]
[localhost/worldofficialtrailer/watch/bangarraju/OneSignalSDKWorker.html]
[localhost/worldofficialtrailer/wp-admin/admin-ajaxbed5.json]
[localhost/worldofficialtrailer/player-embed/id/223/index.html]
[localhost/worldofficialtrailer/wp-json/oembed/1.0/embed828b.json]
[localhost/worldofficialtrailer/wp-json/oembed/1.0/embed4aca]
[upload.wikimedia.org/wikipedia/en/thumb/b/bb/Bheemla_Nayak.jpg/220px-Bheemla_Nayak.jpg]
[localhost/worldofficialtrailer/watch/bheemla-nayak/index.html]
[localhost/worldofficialtrailer/wp-json/oembed/1.0/embed3830.json]
[localhost/worldofficialtrailer/wp-json/oembed/1.0/embed23cd]
[www.filmcompanion.in/wp-content/uploads/2020/07/F3F7776B-494A-4BFE-8FB4-B32F6B798D0A.jpg]
[localhost/worldofficialtrailer/watch/radhe-shyam/index.html]
[localhost/worldofficialtrailer/video-category/telugu/OneSignalSDKUpdaterWorker.html]
[localhost/worldofficialtrailer/video-category/telugu/OneSignalSDKWorker.html]
[localhost/worldofficialtrailer/page/2/OneSignalSDKUpdaterWorker.html]
[localhost/worldofficialtrailer/page/2/OneSignalSDKWorker.html]
[localhost/worldofficialtrailer/wp-json/oembed/1.0/embede8ca.json]
[localhost/worldofficialtrailer/wp-json/oembed/1.0/embed6804]
[upload.wikimedia.org/wikipedia/en/b/b1/Beast_2022_poster.jpg]
[localhost/worldofficialtrailer/watch/beast/index.html]
[localhost/worldofficialtrailer/video-category/tamil/index.html]
[localhost/worldofficialtrailer/page/3/OneSignalSDKUpdaterWorker.html]
[localhost/worldofficialtrailer/page/3/OneSignalSDKWorker.html]
[localhost/worldofficialtrailer/wp-json/oembed/1.0/embed8232.json]
[localhost/worldofficialtrailer/wp-json/oembed/1.0/embed0307]
[cdn.hswstatic.com/gif/download-legit-250x150.jpg]
[localhost/worldofficialtrailer/watch/android-app/index.html]
[localhost/worldofficialtrailer/video-category/android-app/index.html]
[localhost/worldofficialtrailer/wp-json/oembed/1.0/embedd10a.json]
[localhost/worldofficialtrailer/wp-json/oembed/1.0/embed7f0c]
[upload.wikimedia.org/wikipedia/en/thumb/d/d7/Valimai_poster.jpg/220px-Valimai_poster.jpg]
[localhost/worldofficialtrailer/watch/valimai/index.html]
[localhost/dashboard/stylesheets/normalize.css]
[localhost/dashboard/images/social-icons.png]
[localhost/dashboard/images/social-icons-large.png]
[localhost/dashboard/images/social-icons@2x.png]
[localhost/dashboard/images/social-icons-large@2x.png]
[localhost/dashboard/images/pdf-icon.png]
[localhost/dashboard/stylesheets/all.css]
[cdnjs.cloudflare.com/ajax/libs/font-awesome/3.1.0/css/font-awesome.min.css]
[connect.facebook.net/en_US/all.js]
[localhost/dashboard/index-2.html]
[localhost/applications.html]
[localhost/dashboard/images/screenshots/xampp-windows-start.jpg]
[localhost/dashboard/faq.html]
[localhost/dashboard/howto.html]
[localhost/dashboard/phpinfo.html]
[localhost/phpmyadmin/index.html]
[localhost/dashboard/images/xampp-logo.svg]
[localhost/worldofficialtrailer/author/worldtrailer/OneSignalSDKUpdaterWorker.html]
[localhost/worldofficialtrailer/author/worldtrailer/OneSignalSDKWorker.html]
[localhost/worldofficialtrailer/player-embed/id/264/GET.html]
[localhost/worldofficialtrailer/index5eda.html]
[localhost/worldofficialtrailer/watch/peacemaker/OneSignalSDKUpdaterWorker.html]
[localhost/worldofficialtrailer/watch/peacemaker/OneSignalSDKWorker.html]
[localhost/worldofficialtrailer/wp-admin/admin-ajax762b.json]
[localhost/worldofficialtrailer/player-embed/id/95/index.html]
[localhost/worldofficialtrailer/watch/peacemaker/page/2.html]
[localhost/worldofficialtrailer/index3350.html]
[localhost/worldofficialtrailer/watch/i-want-you-back/OneSignalSDKUpdaterWorker.html]
[localhost/worldofficialtrailer/watch/i-want-you-back/OneSignalSDKWorker.html]
[localhost/worldofficialtrailer/wp-admin/admin-ajax2fe3.json]
[localhost/worldofficialtrailer/player-embed/id/167/index.html]
[localhost/worldofficialtrailer/watch/i-want-you-back/page/2.html]
[localhost/worldofficialtrailer/indexdc22.html]
[localhost/worldofficialtrailer/watch/doctor-strange-in-the-multiverse-of-madness/OneSignalSDKUpdaterWorker.html]
[localhost/worldofficialtrailer/watch/doctor-strange-in-the-multiverse-of-madness/OneSignalSDKWorker.html]
[localhost/worldofficialtrailer/wp-admin/admin-ajaxe632.json]
[localhost/worldofficialtrailer/player-embed/id/143/index.html]
[localhost/worldofficialtrailer/watch/doctor-strange-in-the-multiverse-of-madness/page/2.html]
[localhost/worldofficialtrailer/index7760.html]
[localhost/worldofficialtrailer/watch/jurassic-world-3-dominion/OneSignalSDKUpdaterWorker.html]
[localhost/worldofficialtrailer/watch/jurassic-world-3-dominion/OneSignalSDKWorker.html]
[localhost/worldofficialtrailer/wp-admin/admin-ajax059b.json]
[localhost/worldofficialtrailer/player-embed/id/164/index.html]
[localhost/worldofficialtrailer/watch/jurassic-world-3-dominion/page/2.html]
[localhost/worldofficialtrailer/index8e01.html]
[localhost/worldofficialtrailer/watch/search-party-season-5/OneSignalSDKUpdaterWorker.html]
[localhost/worldofficialtrailer/watch/search-party-season-5/OneSignalSDKWorker.html]
[localhost/worldofficialtrailer/wp-admin/admin-ajax2d24.json]
[localhost/worldofficialtrailer/player-embed/id/166/index.html]
[localhost/worldofficialtrailer/watch/search-party-season-5/page/2.html]
[localhost/worldofficialtrailer/index248a.html]
[localhost/worldofficialtrailer/watch/death-on-the-nile/OneSignalSDKUpdaterWorker.html]
[localhost/worldofficialtrailer/watch/death-on-the-nile/OneSignalSDKWorker.html]
[localhost/worldofficialtrailer/wp-admin/admin-ajaxdc1c.json]
[localhost/worldofficialtrailer/player-embed/id/140/index.html]
[localhost/worldofficialtrailer/watch/death-on-the-nile/page/2.html]
[localhost/worldofficialtrailer/indexb950.html]
[localhost/worldofficialtrailer/watch/fantastic-beasts-the-secrets-of-dumbledore/OneSignalSDKUpdaterWorker.html]
[localhost/worldofficialtrailer/watch/fantastic-beasts-the-secrets-of-dumbledore/OneSignalSDKWorker.html]
[localhost/worldofficialtrailer/wp-admin/admin-ajax7449.json]
[localhost/worldofficialtrailer/player-embed/id/159/index.html]
[localhost/worldofficialtrailer/watch/fantastic-beasts-the-secrets-of-dumbledore/page/2.html]
[localhost/worldofficialtrailer/watch/fantastic-beasts-the-secrets-of-dumbledore/page/3.html]
[localhost/worldofficialtrailer/index198a.html]
[localhost/worldofficialtrailer/watch/ambulance/OneSignalSDKUpdaterWorker.html]
[localhost/worldofficialtrailer/watch/ambulance/OneSignalSDKWorker.html]
[localhost/worldofficialtrailer/wp-admin/admin-ajax3051.json]
[localhost/worldofficialtrailer/player-embed/id/101/index.html]
[localhost/worldofficialtrailer/watch/ambulance/page/2.html]
[localhost/worldofficialtrailer/indexe6f0.html]
[localhost/worldofficialtrailer/watch/scream/OneSignalSDKUpdaterWorker.html]
[localhost/worldofficialtrailer/watch/scream/OneSignalSDKWorker.html]
[localhost/worldofficialtrailer/wp-admin/admin-ajax2bcd.json]
[localhost/worldofficialtrailer/player-embed/id/103/index.html]
[localhost/worldofficialtrailer/watch/scream/page/2.html]
[localhost/worldofficialtrailer/watch/scream/page/3.html]
[localhost/worldofficialtrailer/indexada0.html]
[localhost/worldofficialtrailer/watch/book-of-love/OneSignalSDKUpdaterWorker.html]
[localhost/worldofficialtrailer/watch/book-of-love/OneSignalSDKWorker.html]
[localhost/worldofficialtrailer/wp-admin/admin-ajaxfaff.json]
[localhost/worldofficialtrailer/player-embed/id/168/index.html]
[localhost/worldofficialtrailer/watch/book-of-love/page/2.html]
[localhost/worldofficialtrailer/index5791.html]
[localhost/worldofficialtrailer/watch/uncharted/OneSignalSDKUpdaterWorker.html]
[localhost/worldofficialtrailer/watch/uncharted/OneSignalSDKWorker.html]
[localhost/worldofficialtrailer/wp-admin/admin-ajax289e.json]
[localhost/worldofficialtrailer/player-embed/id/157/index.html]
[localhost/worldofficialtrailer/watch/uncharted/page/2.html]
[localhost/worldofficialtrailer/watch/uncharted/page/3.html]
[localhost/worldofficialtrailer/watch/summer-heat/page/OneSignalSDKUpdaterWorker.html]
[localhost/worldofficialtrailer/watch/summer-heat/page/OneSignalSDKWorker.html]
[localhost/worldofficialtrailer/video-category/OneSignalSDKUpdaterWorker.js/index.html]
[localhost/worldofficialtrailer/video-category/OneSignalSDKWorker.js/index.html]
[localhost/worldofficialtrailer/video-category/kannada/index.html]
[localhost/worldofficialtrailer/video-category/korean/index.html]
[localhost/worldofficialtrailer/index17d5.html]
[localhost/worldofficialtrailer/watch/moonfall/OneSignalSDKUpdaterWorker.html]
[localhost/worldofficialtrailer/watch/moonfall/OneSignalSDKWorker.html]
[localhost/worldofficialtrailer/wp-admin/admin-ajax4fe9.json]
[localhost/worldofficialtrailer/player-embed/id/165/index.html]
[localhost/worldofficialtrailer/watch/moonfall/page/2.html]
[localhost/worldofficialtrailer/video-category/english/page/2/OneSignalSDKUpdaterWorker.html]
[localhost/worldofficialtrailer/video-category/english/page/2/OneSignalSDKWorker.html]
[localhost/worldofficialtrailer/player-embed/id/262/GET.html]
[localhost/worldofficialtrailer/indexf488.html]
[localhost/worldofficialtrailer/watch/the-black-phone/OneSignalSDKUpdaterWorker.html]
[localhost/worldofficialtrailer/watch/the-black-phone/OneSignalSDKWorker.html]
[localhost/worldofficialtrailer/wp-admin/admin-ajaxe693.json]
[localhost/worldofficialtrailer/player-embed/id/146/index.html]
[localhost/worldofficialtrailer/watch/the-black-phone/page/2.html]
[localhost/worldofficialtrailer/indexbbc7.html]
[localhost/worldofficialtrailer/watch/home-team/OneSignalSDKUpdaterWorker.html]
[localhost/worldofficialtrailer/watch/home-team/OneSignalSDKWorker.html]
[localhost/worldofficialtrailer/wp-admin/admin-ajax9640.json]
[localhost/worldofficialtrailer/player-embed/id/162/index.html]
[localhost/worldofficialtrailer/watch/home-team/page/2.html]
[localhost/worldofficialtrailer/watch/home-team/page/3.html]
[localhost/worldofficialtrailer/index4034.html]
[localhost/worldofficialtrailer/watch/black-adam/OneSignalSDKUpdaterWorker.html]
[localhost/worldofficialtrailer/watch/black-adam/OneSignalSDKWorker.html]
[localhost/worldofficialtrailer/wp-admin/admin-ajax436f.json]
[localhost/worldofficialtrailer/player-embed/id/163/index.html]
[localhost/worldofficialtrailer/watch/black-adam/page/2.html]
[localhost/worldofficialtrailer/index9c2b.html]
[localhost/worldofficialtrailer/watch/the-royal-treatment/OneSignalSDKUpdaterWorker.html]
[localhost/worldofficialtrailer/watch/the-royal-treatment/OneSignalSDKWorker.html]
[localhost/worldofficialtrailer/wp-admin/admin-ajaxb976.json]
[localhost/worldofficialtrailer/player-embed/id/160/index.html]
[localhost/worldofficialtrailer/watch/the-royal-treatment/page/2.html]
[localhost/worldofficialtrailer/watch/the-royal-treatment/page/3.html]
[localhost/worldofficialtrailer/watch/insidious-the-dark-realm/page/OneSignalSDKUpdaterWorker.html]
[localhost/worldofficialtrailer/watch/insidious-the-dark-realm/page/OneSignalSDKWorker.html]
[localhost/worldofficialtrailer/player-embed/id/260/GET.html]
[localhost/worldofficialtrailer/indexe887.html]
[localhost/worldofficialtrailer/watch/attack/OneSignalSDKUpdaterWorker.html]
[localhost/worldofficialtrailer/watch/attack/OneSignalSDKWorker.html]
[localhost/worldofficialtrailer/wp-admin/admin-ajax612d.json]
[localhost/worldofficialtrailer/player-embed/id/109/index.html]
[localhost/worldofficialtrailer/index8816.html]
[localhost/worldofficialtrailer/watch/brazen-deadly-desires/OneSignalSDKUpdaterWorker.html]
[localhost/worldofficialtrailer/watch/brazen-deadly-desires/OneSignalSDKWorker.html]
[localhost/worldofficialtrailer/wp-admin/admin-ajax288b.json]
[localhost/worldofficialtrailer/player-embed/id/161/index.html]
[localhost/worldofficialtrailer/watch/brazen-deadly-desires/page/2.html]
[localhost/worldofficialtrailer/watch/brazen-deadly-desires/page/3.html]
[localhost/worldofficialtrailer/index1a26.html]
[localhost/worldofficialtrailer/watch/pathan/OneSignalSDKUpdaterWorker.html]
[localhost/worldofficialtrailer/watch/pathan/OneSignalSDKWorker.html]
[localhost/worldofficialtrailer/wp-admin/admin-ajax1bd5.json]
[localhost/worldofficialtrailer/player-embed/id/138/index.html]
[localhost/worldofficialtrailer/indexee5b.html]
[localhost/worldofficialtrailer/watch/bachchan-pandey/OneSignalSDKUpdaterWorker.html]
[localhost/worldofficialtrailer/watch/bachchan-pandey/OneSignalSDKWorker.html]
[localhost/worldofficialtrailer/wp-admin/admin-ajaxc8b8.json]
[localhost/worldofficialtrailer/player-embed/id/142/index.html]
[localhost/worldofficialtrailer/index3fbb.html]
[localhost/worldofficialtrailer/watch/jersey/OneSignalSDKUpdaterWorker.html]
[localhost/worldofficialtrailer/watch/jersey/OneSignalSDKWorker.html]
[localhost/worldofficialtrailer/wp-admin/admin-ajaxc228.json]
[localhost/worldofficialtrailer/player-embed/id/89/index.html]
[localhost/worldofficialtrailer/index460d.html]
[localhost/worldofficialtrailer/watch/prithviraj/OneSignalSDKUpdaterWorker.html]
[localhost/worldofficialtrailer/watch/prithviraj/OneSignalSDKWorker.html]
[localhost/worldofficialtrailer/wp-admin/admin-ajaxad58.json]
[localhost/worldofficialtrailer/player-embed/id/108/index.html]
[localhost/worldofficialtrailer/index6aed.html]
[localhost/worldofficialtrailer/watch/rrr/OneSignalSDKUpdaterWorker.html]
[localhost/worldofficialtrailer/watch/rrr/OneSignalSDKWorker.html]
[localhost/worldofficialtrailer/wp-admin/admin-ajax3c47.json]
[localhost/worldofficialtrailer/player-embed/id/50/index.html]
[localhost/worldofficialtrailer/indexd4a6.html]
[localhost/worldofficialtrailer/watch/joker/OneSignalSDKUpdaterWorker.html]
[localhost/worldofficialtrailer/watch/joker/OneSignalSDKWorker.html]
[localhost/worldofficialtrailer/wp-admin/admin-ajaxfcf2.json]
[localhost/worldofficialtrailer/player-embed/id/124/index.html]
[localhost/worldofficialtrailer/player-embed/id/259/GET.html]
[localhost/worldofficialtrailer/index8af0.html]
[localhost/worldofficialtrailer/watch/the-lost-city/OneSignalSDKUpdaterWorker.html]
[localhost/worldofficialtrailer/watch/the-lost-city/OneSignalSDKWorker.html]
[localhost/worldofficialtrailer/wp-admin/admin-ajaxc02b.json]
[localhost/worldofficialtrailer/player-embed/id/158/index.html]
[localhost/worldofficialtrailer/watch/the-lost-city/page/2.html]
[localhost/worldofficialtrailer/watch/the-ledge/page/OneSignalSDKUpdaterWorker.html]
[localhost/worldofficialtrailer/watch/the-ledge/page/OneSignalSDKWorker.html]
[localhost/worldofficialtrailer/player-embed/id/257/GET.html]
[localhost/worldofficialtrailer/indexc5eb.html]
[localhost/worldofficialtrailer/watch/morbius/OneSignalSDKUpdaterWorker.html]
[localhost/worldofficialtrailer/watch/morbius/OneSignalSDKWorker.html]
[localhost/worldofficialtrailer/wp-admin/admin-ajaxcd5e.json]
[localhost/worldofficialtrailer/player-embed/id/102/index.html]
[localhost/worldofficialtrailer/watch/morbius/page/2.html]
[localhost/worldofficialtrailer/watch/ozark-season-4/page/OneSignalSDKUpdaterWorker.html]
[localhost/worldofficialtrailer/watch/ozark-season-4/page/OneSignalSDKWorker.html]
[localhost/worldofficialtrailer/player-embed/id/255/GET.html]
[localhost/worldofficialtrailer/indexe9b4.html]
[localhost/worldofficialtrailer/watch/operation-fortune-ruse-de-guerre/OneSignalSDKUpdaterWorker.html]
[localhost/worldofficialtrailer/watch/operation-fortune-ruse-de-guerre/OneSignalSDKWorker.html]
[localhost/worldofficialtrailer/wp-admin/admin-ajaxbe02.json]
[localhost/worldofficialtrailer/player-embed/id/58/index.html]
[localhost/worldofficialtrailer/watch/operation-fortune-ruse-de-guerre/page/2.html]
[localhost/worldofficialtrailer/watch/archive-81/page/OneSignalSDKUpdaterWorker.html]
[localhost/worldofficialtrailer/watch/archive-81/page/OneSignalSDKWorker.html]
[localhost/worldofficialtrailer/player-embed/id/252/GET.html]
[localhost/worldofficialtrailer/watch/the-woman-in-the-house/page/OneSignalSDKUpdaterWorker.html]
[localhost/worldofficialtrailer/watch/the-woman-in-the-house/page/OneSignalSDKWorker.html]
[localhost/worldofficialtrailer/player-embed/id/240/GET.html]
[localhost/worldofficialtrailer/watch/sundown/page/OneSignalSDKUpdaterWorker.html]
[localhost/worldofficialtrailer/watch/sundown/page/OneSignalSDKWorker.html]
[localhost/worldofficialtrailer/player-embed/id/238/GET.html]
[localhost/worldofficialtrailer/player-embed/id/236/GET.html]
[localhost/worldofficialtrailer/player-embed/id/234/GET.html]
[localhost/worldofficialtrailer/watch/the-commando/page/OneSignalSDKUpdaterWorker.html]
[localhost/worldofficialtrailer/watch/the-commando/page/OneSignalSDKWorker.html]
[localhost/worldofficialtrailer/player-embed/id/232/GET.html]
[localhost/worldofficialtrailer/watch/the-free-fall/page/OneSignalSDKUpdaterWorker.html]
[localhost/worldofficialtrailer/watch/the-free-fall/page/OneSignalSDKWorker.html]
[localhost/worldofficialtrailer/player-embed/id/230/GET.html]
[localhost/worldofficialtrailer/watch/shattered/page/OneSignalSDKUpdaterWorker.html]
[localhost/worldofficialtrailer/watch/shattered/page/OneSignalSDKWorker.html]
[localhost/worldofficialtrailer/player-embed/id/228/GET.html]
[localhost/worldofficialtrailer/watch/stoker-hills/page/OneSignalSDKUpdaterWorker.html]
[localhost/worldofficialtrailer/watch/stoker-hills/page/OneSignalSDKWorker.html]
[localhost/worldofficialtrailer/player-embed/id/226/GET.html]
[localhost/worldofficialtrailer/watch/italian-studies/page/OneSignalSDKUpdaterWorker.html]
[localhost/worldofficialtrailer/watch/italian-studies/page/OneSignalSDKWorker.html]
[localhost/worldofficialtrailer/player-embed/id/223/GET.html]
[localhost/worldofficialtrailer/index9430.html]
[localhost/worldofficialtrailer/watch/bheemla-nayak/OneSignalSDKUpdaterWorker.html]
[localhost/worldofficialtrailer/watch/bheemla-nayak/OneSignalSDKWorker.html]
[localhost/worldofficialtrailer/wp-admin/admin-ajax72f2.json]
[localhost/worldofficialtrailer/player-embed/id/104/index.html]
[localhost/worldofficialtrailer/indexea0f.html]
[localhost/worldofficialtrailer/watch/radhe-shyam/OneSignalSDKUpdaterWorker.html]
[localhost/worldofficialtrailer/watch/radhe-shyam/OneSignalSDKWorker.html]
[localhost/worldofficialtrailer/wp-admin/admin-ajaxb55c.json]
[localhost/worldofficialtrailer/player-embed/id/105/index.html]
[localhost/worldofficialtrailer/indexd1a7.html]
[localhost/worldofficialtrailer/watch/beast/OneSignalSDKUpdaterWorker.html]
[localhost/worldofficialtrailer/watch/beast/OneSignalSDKWorker.html]
[localhost/worldofficialtrailer/wp-admin/admin-ajaxb424.json]
[localhost/worldofficialtrailer/player-embed/id/156/index.html]
[localhost/worldofficialtrailer/video-category/tamil/OneSignalSDKUpdaterWorker.html]
[localhost/worldofficialtrailer/video-category/tamil/OneSignalSDKWorker.html]
[localhost/worldofficialtrailer/indexe856.html]
[localhost/worldofficialtrailer/watch/android-app/OneSignalSDKUpdaterWorker.html]
[localhost/worldofficialtrailer/watch/android-app/OneSignalSDKWorker.html]
[localhost/worldofficialtrailer/wp-content/plugins/all-in-one-video-gallery/vendor/videojs/video.min5fb2.js]
[localhost/worldofficialtrailer/wp-content/plugins/all-in-one-video-gallery/vendor/videojs-plugins/can-autoplay/can-autoplay.min2513.js]
[localhost/worldofficialtrailer/wp-admin/admin-ajax2e0c.json]
[localhost/worldofficialtrailer/player-embed/id/121/index.html]
[pinterest.com/pin/create/button/index38d0.html]
[localhost/worldofficialtrailer/video-category/android-app/OneSignalSDKUpdaterWorker.html]
[localhost/worldofficialtrailer/video-category/android-app/OneSignalSDKWorker.html]
[localhost/worldofficialtrailer/index5a24.html]
[localhost/worldofficialtrailer/watch/valimai/OneSignalSDKUpdaterWorker.html]
[localhost/worldofficialtrailer/watch/valimai/OneSignalSDKWorker.html]
[localhost/worldofficialtrailer/wp-admin/admin-ajax6523.json]
[localhost/worldofficialtrailer/player-embed/id/107/index.html]
[localhost/bitnami.css]
[www.pinterest.com/pin/create/button/indexb00f.html]
[localhost/dashboard/docs/backup-restore-mysql.pdf]
[localhost/dashboard/docs/images/backup-restore-mysql/image1.png]
[localhost/dashboard/docs/images/backup-restore-mysql/image2.png]
[localhost/dashboard/docs/images/backup-restore-mysql/image3.png]
[localhost/dashboard/docs/images/backup-restore-mysql/image4.png]
[localhost/dashboard/docs/images/backup-restore-mysql/image5.png]
[localhost/dashboard/docs/images/backup-restore-mysql/image6.png]
[localhost/dashboard/docs/images/backup-restore-mysql/image7.png]
[localhost/dashboard/docs/images/backup-restore-mysql/image8.png]
[localhost/dashboard/docs/images/backup-restore-mysql/image9.png]
[localhost/dashboard/docs/images/backup-restore-mysql/image10.png]
[localhost/dashboard/docs/images/backup-restore-mysql/image11.png]
[localhost/dashboard/docs/images/backup-restore-mysql/image12.png]
[localhost/dashboard/docs/images/backup-restore-mysql/image13.png]
[localhost/dashboard/docs/images/backup-restore-mysql/image14.png]
[localhost/dashboard/docs/backup-restore-mysql.html]
[localhost/dashboard/docs/transfer-files-ftp.pdf]
[localhost/dashboard/docs/images/transfer-files-ftp/image1.png]
[localhost/dashboard/docs/images/transfer-files-ftp/image2.png]
[localhost/dashboard/docs/images/transfer-files-ftp/image3.png]
[localhost/dashboard/docs/images/transfer-files-ftp/image4.png]
[localhost/dashboard/docs/images/transfer-files-ftp/image5.png]
[localhost/dashboard/docs/images/transfer-files-ftp/image6.png]
[localhost/dashboard/docs/images/transfer-files-ftp/image7.png]
[localhost/dashboard/docs/images/transfer-files-ftp/image8.png]
[localhost/dashboard/docs/images/transfer-files-ftp/image9.png]
[localhost/dashboard/docs/images/transfer-files-ftp/image10.png]
[localhost/dashboard/docs/images/transfer-files-ftp/image11.png]
[localhost/dashboard/docs/transfer-files-ftp.html]
[localhost/dashboard/docs/configure-vhosts.pdf]
[localhost/dashboard/docs/images/configure-vhosts/image1.png]
[localhost/dashboard/docs/images/configure-vhosts/image2.png]
[localhost/dashboard/docs/images/configure-vhosts/image3.png]
[localhost/dashboard/docs/images/configure-vhosts/image4.png]
[localhost/dashboard/docs/configure-vhosts.html]
[localhost/dashboard/docs/configure-wildcard-subdomains.pdf]
[localhost/dashboard/docs/images/configure-wildcard-subdomains/image1.png]
[localhost/dashboard/docs/images/configure-wildcard-subdomains/image2.png]
[localhost/dashboard/docs/images/configure-wildcard-subdomains/image3.png]
[localhost/dashboard/docs/images/configure-wildcard-subdomains/image4.png]
[localhost/dashboard/docs/configure-wildcard-subdomains.html]
[localhost/dashboard/docs/deploy-git-app.pdf]
[localhost/dashboard/docs/images/deploy-git-app/image1.png]
[localhost/dashboard/docs/images/deploy-git-app/image2.png]
[localhost/dashboard/docs/images/deploy-git-app/image3.png]
[localhost/dashboard/docs/images/deploy-git-app/image4.png]
[localhost/dashboard/docs/images/deploy-git-app/image5.png]
[localhost/dashboard/docs/images/deploy-git-app/image6.png]
[localhost/dashboard/docs/deploy-git-app.html]
[localhost/dashboard/docs/install-wordpress.pdf]
[localhost/dashboard/docs/images/install-wordpress/image01.png]
[localhost/dashboard/docs/images/install-wordpress/image02.png]
[localhost/dashboard/docs/images/install-wordpress/image11.png]
[localhost/dashboard/docs/images/install-wordpress/image12.png]
[localhost/dashboard/docs/images/install-wordpress/image13.png]
[localhost/dashboard/docs/images/install-wordpress/image14.png]
[localhost/dashboard/docs/images/install-wordpress/image15.png]
[localhost/dashboard/docs/images/install-wordpress/image16.png]
[localhost/dashboard/docs/images/install-wordpress/image17.png]
[localhost/dashboard/docs/images/install-wordpress/image18.png]
[localhost/dashboard/docs/images/install-wordpress/image19.png]
[localhost/dashboard/docs/images/install-wordpress/image110.png]
[localhost/dashboard/docs/images/install-wordpress/image21.png]
[localhost/dashboard/docs/images/install-wordpress/image22.png]
[localhost/dashboard/docs/images/install-wordpress/image23.png]
[localhost/dashboard/docs/images/install-wordpress/image24.png]
[localhost/dashboard/docs/images/install-wordpress/image31.png]
[localhost/dashboard/docs/images/install-wordpress/image32.png]
[localhost/dashboard/docs/images/install-wordpress/image33.png]
[localhost/dashboard/docs/images/install-wordpress/image34.png]
[localhost/dashboard/docs/images/install-wordpress/image35.png]
[localhost/dashboard/docs/images/install-wordpress/image36.png]
[localhost/dashboard/docs/images/install-wordpress/image37.png]
[localhost/dashboard/docs/install-wordpress.html]
[localhost/dashboard/docs/reset-mysql-password.pdf]
[localhost/dashboard/docs/images/reset-mysql-password/image1.png]
[localhost/dashboard/docs/images/reset-mysql-password/image2.png]
[localhost/dashboard/docs/images/reset-mysql-password/image3.png]
[localhost/dashboard/docs/reset-mysql-password.html]
[localhost/dashboard/docs/send-mail.pdf]
[localhost/dashboard/docs/images/send-mail/image1.png]
[localhost/dashboard/docs/images/send-mail/image2.png]
[localhost/dashboard/docs/images/send-mail/image3.png]
[localhost/dashboard/docs/send-mail.html]
[localhost/dashboard/docs/use-sqlite.pdf]
[localhost/dashboard/docs/images/use-sqlite/image1.png]
[localhost/dashboard/docs/images/use-sqlite/image2.png]
[localhost/dashboard/docs/images/use-sqlite/image3.png]
[localhost/dashboard/docs/use-sqlite.html]
[localhost/dashboard/docs/activate-use-xdebug.pdf]
[localhost/dashboard/docs/images/activate-use-xdebug/image1.png]
[localhost/dashboard/docs/images/activate-use-xdebug/image2.png]
[localhost/dashboard/docs/images/activate-use-xdebug/image3.png]
[localhost/dashboard/docs/activate-use-xdebug.html]
[localhost/dashboard/docs/create-framework-project-zf1.pdf]
[localhost/dashboard/docs/images/create-framework-project-zf1/image1.png]
[localhost/dashboard/docs/images/create-framework-project-zf1/image2.png]
[localhost/dashboard/docs/create-framework-project-zf1.html]
[localhost/dashboard/docs/create-framework-project-zf2.pdf]
[localhost/dashboard/docs/images/create-framework-project-zf2/image1.png]
[localhost/dashboard/docs/images/create-framework-project-zf2/image2.png]
[localhost/dashboard/docs/images/create-framework-project-zf2/image3.png]
[localhost/dashboard/docs/images/create-framework-project-zf2/image4.png]
[localhost/dashboard/docs/images/create-framework-project-zf2/image5.png]
[localhost/dashboard/docs/create-framework-project-zf2.html]
[localhost/dashboard/docs/troubleshoot-apache.pdf]
[localhost/dashboard/docs/images/troubleshoot-apache/image1.png]
[localhost/dashboard/docs/images/troubleshoot-apache/image2.png]
[localhost/dashboard/docs/images/troubleshoot-apache/image3.png]
[localhost/dashboard/docs/images/troubleshoot-apache/image4.png]
[localhost/dashboard/docs/images/troubleshoot-apache/image5.png]
[localhost/dashboard/docs/images/troubleshoot-apache/image6.png]
[localhost/dashboard/docs/images/troubleshoot-apache/image7.png]
[localhost/dashboard/docs/images/troubleshoot-apache/image8.png]
[localhost/dashboard/docs/troubleshoot-apache.html]
[localhost/dashboard/docs/change-mysql-temp-dir.pdf]
[localhost/dashboard/docs/change-mysql-temp-dir.html]
[localhost/dashboard/docs/increase-php-file-upload-limit.pdf]
[localhost/dashboard/docs/increase-php-file-upload-limit.html]
[localhost/dashboard/docs/access-phpmyadmin-remotely.pdf]
[localhost/dashboard/docs/images/access-phpmyadmin-remotely/image1.png]
[localhost/dashboard/docs/access-phpmyadmin-remotely.html]
[localhost/dashboard/docs/auto-start-xampp.pdf]
[localhost/dashboard/docs/images/auto-start-xampp/image1.png]
[localhost/dashboard/docs/auto-start-xampp.html]
[localhost/dashboard/docs/use-different-php-version.pdf]
[localhost/dashboard/docs/images/use-different-php-version/image1.png]
[localhost/dashboard/docs/use-different-php-version.html]
[localhost/dashboard/docs/use-php-fcgi.pdf]
[localhost/dashboard/docs/images/use-php-fcgi/image1.png]
[localhost/dashboard/docs/use-php-fcgi.html]
[localhost/dashboard/docs/configure-use-tomcat.pdf]
[localhost/dashboard/docs/images/configure-use-tomcat/image1.png]
[localhost/dashboard/docs/images/configure-use-tomcat/image2.png]
[localhost/dashboard/docs/images/configure-use-tomcat/image3.png]
[localhost/dashboard/docs/images/configure-use-tomcat/image4.png]
[localhost/dashboard/docs/images/configure-use-tomcat/image8.png]
[localhost/dashboard/docs/images/configure-use-tomcat/image5.png]
[localhost/dashboard/docs/images/configure-use-tomcat/image6.png]
[localhost/dashboard/docs/images/configure-use-tomcat/image7.png]
[localhost/dashboard/docs/configure-use-tomcat.html]
[localhost/worldofficialtrailer/player-embed/id/95/GET.html]
[localhost/worldofficialtrailer/watch/peacemaker/page/OneSignalSDKUpdaterWorker.html]
[localhost/worldofficialtrailer/watch/peacemaker/page/OneSignalSDKWorker.html]
[localhost/worldofficialtrailer/player-embed/id/167/GET.html]
[localhost/worldofficialtrailer/watch/i-want-you-back/page/OneSignalSDKUpdaterWorker.html]
[localhost/worldofficialtrailer/watch/i-want-you-back/page/OneSignalSDKWorker.html]
[localhost/worldofficialtrailer/player-embed/id/143/GET.html]
[localhost/worldofficialtrailer/watch/doctor-strange-in-the-multiverse-of-madness/page/OneSignalSDKUpdaterWorker.html]
[localhost/worldofficialtrailer/watch/doctor-strange-in-the-multiverse-of-madness/page/OneSignalSDKWorker.html]
[localhost/worldofficialtrailer/player-embed/id/164/GET.html]
[localhost/worldofficialtrailer/watch/jurassic-world-3-dominion/page/OneSignalSDKUpdaterWorker.html]
[localhost/worldofficialtrailer/watch/jurassic-world-3-dominion/page/OneSignalSDKWorker.html]
[localhost/worldofficialtrailer/player-embed/id/166/GET.html]
[localhost/worldofficialtrailer/watch/search-party-season-5/page/OneSignalSDKUpdaterWorker.html]
[localhost/worldofficialtrailer/watch/search-party-season-5/page/OneSignalSDKWorker.html]
[localhost/worldofficialtrailer/player-embed/id/140/GET.html]
[localhost/worldofficialtrailer/watch/death-on-the-nile/page/OneSignalSDKUpdaterWorker.html]
[localhost/worldofficialtrailer/watch/death-on-the-nile/page/OneSignalSDKWorker.html]
[localhost/worldofficialtrailer/player-embed/id/159/GET.html]
[localhost/worldofficialtrailer/watch/fantastic-beasts-the-secrets-of-dumbledore/page/OneSignalSDKUpdaterWorker.html]
[localhost/worldofficialtrailer/watch/fantastic-beasts-the-secrets-of-dumbledore/page/OneSignalSDKWorker.html]
[localhost/worldofficialtrailer/player-embed/id/101/GET.html]
[localhost/worldofficialtrailer/watch/ambulance/page/OneSignalSDKUpdaterWorker.html]
[localhost/worldofficialtrailer/watch/ambulance/page/OneSignalSDKWorker.html]
[localhost/worldofficialtrailer/player-embed/id/103/GET.html]
[localhost/worldofficialtrailer/watch/scream/page/OneSignalSDKUpdaterWorker.html]
[localhost/worldofficialtrailer/watch/scream/page/OneSignalSDKWorker.html]
[localhost/worldofficialtrailer/player-embed/id/168/GET.html]
[localhost/worldofficialtrailer/watch/book-of-love/page/OneSignalSDKUpdaterWorker.html]
[localhost/worldofficialtrailer/watch/book-of-love/page/OneSignalSDKWorker.html]
[localhost/worldofficialtrailer/player-embed/id/157/GET.html]
[localhost/worldofficialtrailer/watch/uncharted/page/OneSignalSDKUpdaterWorker.html]
[localhost/worldofficialtrailer/watch/uncharted/page/OneSignalSDKWorker.html]
[localhost/worldofficialtrailer/video-category/OneSignalSDKUpdaterWorker.js/OneSignalSDKUpdaterWorker.html]
[localhost/worldofficialtrailer/video-category/OneSignalSDKUpdaterWorker.js/OneSignalSDKWorker.html]
[localhost/worldofficialtrailer/video-category/OneSignalSDKWorker.js/OneSignalSDKUpdaterWorker.html]
[localhost/worldofficialtrailer/video-category/OneSignalSDKWorker.js/OneSignalSDKWorker.html]
[localhost/worldofficialtrailer/video-category/kannada/OneSignalSDKUpdaterWorker.html]
[localhost/worldofficialtrailer/video-category/kannada/OneSignalSDKWorker.html]
[localhost/worldofficialtrailer/video-category/korean/OneSignalSDKUpdaterWorker.html]
[localhost/worldofficialtrailer/video-category/korean/OneSignalSDKWorker.html]
[localhost/worldofficialtrailer/player-embed/id/165/GET.html]
[localhost/worldofficialtrailer/watch/moonfall/page/OneSignalSDKUpdaterWorker.html]
[localhost/worldofficialtrailer/watch/moonfall/page/OneSignalSDKWorker.html]
[localhost/worldofficialtrailer/player-embed/id/146/GET.html]
[localhost/worldofficialtrailer/watch/the-black-phone/page/OneSignalSDKUpdaterWorker.html]
[localhost/worldofficialtrailer/watch/the-black-phone/page/OneSignalSDKWorker.html]
[localhost/worldofficialtrailer/player-embed/id/162/GET.html]
[localhost/worldofficialtrailer/watch/home-team/page/OneSignalSDKUpdaterWorker.html]
[localhost/worldofficialtrailer/watch/home-team/page/OneSignalSDKWorker.html]
[localhost/worldofficialtrailer/player-embed/id/163/GET.html]
[localhost/worldofficialtrailer/watch/black-adam/page/OneSignalSDKUpdaterWorker.html]
[localhost/worldofficialtrailer/watch/black-adam/page/OneSignalSDKWorker.html]
[localhost/worldofficialtrailer/player-embed/id/160/GET.html]
[localhost/worldofficialtrailer/watch/the-royal-treatment/page/OneSignalSDKUpdaterWorker.html]
[localhost/worldofficialtrailer/watch/the-royal-treatment/page/OneSignalSDKWorker.html]
[localhost/worldofficialtrailer/player-embed/id/109/GET.html]
[localhost/worldofficialtrailer/player-embed/id/161/GET.html]
[localhost/worldofficialtrailer/watch/brazen-deadly-desires/page/OneSignalSDKUpdaterWorker.html]
[localhost/worldofficialtrailer/watch/brazen-deadly-desires/page/OneSignalSDKWorker.html]
[localhost/worldofficialtrailer/player-embed/id/138/GET.html]
[localhost/worldofficialtrailer/player-embed/id/142/GET.html]
[localhost/worldofficialtrailer/player-embed/id/89/GET.html]
[localhost/worldofficialtrailer/player-embed/id/108/GET.html]
[localhost/worldofficialtrailer/player-embed/id/50/GET.html]
[localhost/worldofficialtrailer/player-embed/id/124/GET.html]
[localhost/worldofficialtrailer/player-embed/id/158/GET.html]
[localhost/worldofficialtrailer/watch/the-lost-city/page/OneSignalSDKUpdaterWorker.html]
[localhost/worldofficialtrailer/watch/the-lost-city/page/OneSignalSDKWorker.html]
[localhost/worldofficialtrailer/player-embed/id/102/GET.html]
[localhost/worldofficialtrailer/watch/morbius/page/OneSignalSDKUpdaterWorker.html]
[localhost/worldofficialtrailer/watch/morbius/page/OneSignalSDKWorker.html]
[localhost/worldofficialtrailer/player-embed/id/58/GET.html]
[localhost/worldofficialtrailer/watch/operation-fortune-ruse-de-guerre/page/OneSignalSDKUpdaterWorker.html]
[localhost/worldofficialtrailer/watch/operation-fortune-ruse-de-guerre/page/OneSignalSDKWorker.html]
[localhost/worldofficialtrailer/player-embed/id/104/GET.html]
[localhost/worldofficialtrailer/player-embed/id/105/GET.html]
[localhost/worldofficialtrailer/player-embed/id/156/GET.html]
[localhost/worldofficialtrailer/wp-content/plugins/all-in-one-video-gallery/vendor/videojs/video-js.min5fb2.css]
[localhost/worldofficialtrailer/player-embed/id/121/GET.html]
[s.pinimg.com/webapp/www/pin/create/[method]-unauthdesktop-5877cd88c6734726.css]
[s.pinimg.com/webapp/www/_client-unauthdesktop-5dce3f21b1aa186f.css]
[s.pinimg.com/webapp/runtime-2b89de398dbb760c.js]
[s.pinimg.com/webapp/polyfills-241f2fab843a6e1a.js]
[s.pinimg.com/webapp/55998-efb09a3dc7fa2059.js]
[s.pinimg.com/webapp/97362-0c6c9dfc68a7676a.js]
[s.pinimg.com/webapp/40925-ad8294ac06557c7e.js]
[s.pinimg.com/webapp/locale-en_US-lite-560f0a2bcf0bd5d5.js]
[s.pinimg.com/webapp/vendor-react-6f08d6ba60496f4e.js]
[s.pinimg.com/webapp/18265-5f6a8c70925c5f41.js]
[s.pinimg.com/webapp/13529-92f77dc1397f99b5.js]
[s.pinimg.com/webapp/13764-c05b1ea32f3c2468.js]
[s.pinimg.com/webapp/10685-7b5f668ddb891951.js]
[s.pinimg.com/webapp/20854-096ed4c257fcdedc.js]
[s.pinimg.com/webapp/8330-90e7302c43c5ea44.js]
[s.pinimg.com/webapp/81314-48341da50ac880b3.js]
[s.pinimg.com/webapp/48825-589af48089130a85.js]
[s.pinimg.com/webapp/12366-cb6a03741aa169af.js]
[s.pinimg.com/webapp/96655-6ea3fc85ae747c86.js]
[s.pinimg.com/webapp/98131-ce09c50f39468a73.js]
[s.pinimg.com/webapp/24518-3a4dee2a6a9de5ee.js]
[s.pinimg.com/webapp/49887-715ca588f8285b30.js]
[s.pinimg.com/webapp/www/pin/create/[method]-unauthdesktop-5c2d07ad686edb83.js]
[s.pinimg.com/webapp/63656-792736dcd17b202b.js]
[s.pinimg.com/webapp/60005-09b1747d02d6c60a.js]
[s.pinimg.com/webapp/www/_client-unauthdesktop-5332f9d7ec986fca.js]
[s.pinimg.com/webapp/logo_trans_144x144-5e37c0c6.png]
[s.pinimg.com/webapp/favicon-54a5b2af.png]
[s.pinimg.com/webapp/26623-fd13d7fc63f40f70.js]
[s.pinimg.com/webapp/70079-257309112370be8c.js]
[s.pinimg.com/webapp/1892-ff85b370604fd778.js]
[s.pinimg.com/webapp/30353-aa6e95e28d493732.js]
[s.pinimg.com/webapp/68910-caa815c231deac75.css]
[www.pinterest.com/pin/create/button/ios-app_/429047995/pinterest/add_pin/_method=button&image_url=undefined&source_url=h/localhost/worldofficialtrailer/watch/andro/google_play_15593953462]
[s.pinimg.com/webapp/51252-b526acfa8857b5c7.js]
[s.pinimg.com/webapp/884-6f55dad86a63cce5.js]
[s.pinimg.com/webapp/30524-115c992407460aab.js]
[s.pinimg.com/webapp/26672-eb3e50bc0ab2fe92.js]
[www.pinterest.com/pin/create/button/android-app_/com.pinterest/pinterest/www.pinterest.com/pin/create/button/_media=undefined&url=http_/localhost/worldofficialtrai/google_play_15593953462]
[s.pinimg.com/webapp/20798-aaf7fa41ef6373cc.js]
[s.pinimg.com/webapp/69209-38d984a2b52041df.js]
[s.pinimg.com/webapp/39752-8026bca2cdb3697f.js]
[s.pinimg.com/webapp/39720-710895aee9820bfe.js]
[s.pinimg.com/webapp/51966-96f7ebfc9c660abc.js]
[s.pinimg.com/webapp/56584-bd0ea3deabce9c70.js]
[s.pinimg.com/webapp/12104-43db59f983e51cb9.js]
[s.pinimg.com/webapp/14242-37b2aa6b6318b411.js]
[s.pinimg.com/webapp/41450-8960107f0d8fe223.js]
[s.pinimg.com/webapp/73412-caa815c231deac75.css]
[s.pinimg.com/webapp/73412-f1435ffe1ab538c4.js]
[s.pinimg.com/webapp/53467-f74d0db331b039e2.js]
[s.pinimg.com/webapp/www/today/popular/[interest]/[interestId]-unauthdesktop-cbd4943a78c46655.css]
[s.pinimg.com/webapp/7745-3291b1a3ba02b05d.js]
[s.pinimg.com/webapp/www/tv/[pin_id]-unauthdesktop-cbd4943a78c46655.css]
[www.pinterest.com/pin/create/button/indexb00f.html]
[localhost/worldofficialtrailer/player-embed/id/107/GET.html]
[localhost/phpMyAdmin.html]
[localhost/example.html]
[localhost/wordpress.html]
[localhost/Slim.html]
[localhost/wordpress/wp-login.html]
[localhost/sendmail.html]
[localhost/example/phpmailer.html]
[localhost/sqlite.html]
[localhost/xampp/phpinfo.html]
[localhost/myapp/index.html]
[localhost/myapp.html]
[s.pinimg.com/webapp/www/pin/create/[method]-unauthdesktop-5877cd88c6734726.css]
[s.pinimg.com/webapp/www/_client-unauthdesktop-5dce3f21b1aa186f.css]
[www.pinterest.com/pin/create/button/ios-app_/429047995/pinterest/add_pin/_method=button&image_url=undefined&source_url=h/localhost/worldofficialtrailer/watch/andro/google_play_15593953462]
[www.pinterest.com/pin/create/button/android-app_/com.pinterest/pinterest/www.pinterest.com/pin/create/button/_media=undefined&url=http_/localhost/worldofficialtrai/google_play_15593953462]
[s.pinimg.com/webapp/bce958f90574f516.png]
[s.pinimg.com/webapp/68910-caa815c231deac75.css]
[s.pinimg.com/webapp/73412-caa815c231deac75.css]
[s.pinimg.com/webapp/www/today/popular/[interest]/[interestId]-unauthdesktop-cbd4943a78c46655.css]
[s.pinimg.com/webapp/www/tv/[pin_id]-unauthdesktop-cbd4943a78c46655.css]
