[localhost/worldofficialtrailer/index.html]
[backblue.gif]
[fade.gif]
[index.html]
[cdn.ampproject.org/v0.js]
[cdn.ampproject.org/v0/amp-analytics-0.1.js]
[cdn.ampproject.org/v0/amp-form-0.1.js]
[localhost/worldofficialtrailer/wp-content/uploads/2021/12/WorldOfficialTrailer.jpg]
[pagead2.googlesyndication.com/pagead/js/f2226.txt]
[localhost/worldofficialtrailer/feed/index.html]
[localhost/worldofficialtrailer/wp-json/wp/v2/pages/14.json]
[localhost/worldofficialtrailer/comments/feed/index.html]
[localhost/worldofficialtrailer/wp-json/index.html]
[localhost/worldofficialtrailer/xmlrpc0db0.php]
[localhost/worldofficialtrailer/wp-includes/wlwmanifest.xml]
[localhost/worldofficialtrailer/wp-json/oembed/1.0/embed41e9.json]
[localhost/worldofficialtrailer/wp-json/oembed/1.0/embed19b2]
[maxcdn.bootstrapcdn.com/bootstrap/4.0.0/css/bootstrap.min.css]
[localhost/worldofficialtrailer/about-us/index.html]
[localhost/worldofficialtrailer/privacy-policy-2/index.html]
[localhost/worldofficialtrailer/terms-conditions/index.html]
[cdnjs.cloudflare.com/ajax/libs/popper.js/1.12.9/umd/popper.min.js]
[maxcdn.bootstrapcdn.com/bootstrap/4.0.0/js/bootstrap.min.js]
[code.jquery.com/jquery-3.2.1.slim.min.js]
[localhost/worldofficialtrailer/wp-content/uploads/2021/12/WorldOfficialTrailer.gif]
[translate.google.com/translate_a/element7876.js]
[localhost/worldofficialtrailer/wp-content/uploads/2022/01/summer-heat.jpg]
[localhost/worldofficialtrailer/wp-content/uploads/2022/01/Insidious-The-Dark-Realm.jpg]
[localhost/worldofficialtrailer/wp-content/uploads/2022/01/Bajrangi-Bhaijaan-2.jpg]
[localhost/worldofficialtrailer/wp-content/uploads/2022/01/The-Ledge.jpg]
[localhost/worldofficialtrailer/wp-content/uploads/2022/01/Ozark-Season-4.jpg]
[localhost/worldofficialtrailer/watch/summer-heat/index.html]
[localhost/worldofficialtrailer/wp-content/uploads/2022/01/Archive-81-–-Official-Trailer.jpg]
[localhost/worldofficialtrailer/watch/insidious-the-dark-realm/index.html]
[localhost/worldofficialtrailer/video-category/english/index.html]
[localhost/worldofficialtrailer/wp-content/uploads/2022/01/The-Woman-in-the-House.jpg]
[localhost/worldofficialtrailer/watch/bajrangi-bhaijaan-2/index.html]
[localhost/worldofficialtrailer/wp-content/uploads/2022/01/Sundown-–-Official-Trailer.jpg]
[localhost/worldofficialtrailer/video-category/hindi/index.html]
[localhost/worldofficialtrailer/wp-content/uploads/2022/01/Human-–-Official-Trailer.jpg]
[localhost/worldofficialtrailer/watch/the-ledge/index.html]
[localhost/worldofficialtrailer/wp-content/uploads/2022/01/Chakda-‘Xpress-–-Official-Trailer.jpg]
[localhost/worldofficialtrailer/watch/ozark-season-4/index.html]
[localhost/worldofficialtrailer/wp-content/uploads/2022/01/The-Commando-–-Official-Trailer.jpg]
[localhost/worldofficialtrailer/watch/archive-81/index.html]
[localhost/worldofficialtrailer/wp-content/uploads/2022/01/The-Free-Fall-–-Official-Trailer.jpg]
[localhost/worldofficialtrailer/watch/the-woman-in-the-house/index.html]
[localhost/worldofficialtrailer/wp-content/uploads/2022/01/Shattered-–-Official-Trailer.jpg]
[localhost/worldofficialtrailer/watch/sundown/index.html]
[localhost/worldofficialtrailer/wp-content/uploads/2022/01/Stoker-Hill-–-Official-Trailer.jpg]
[localhost/worldofficialtrailer/watch/human/index.html]
[localhost/worldofficialtrailer/watch/chakda-express/index.html]
[localhost/worldofficialtrailer/wp-content/uploads/2022/01/Italian-Studies.jpg]
[localhost/worldofficialtrailer/wp-content/uploads/2022/01/Bangarraju-Official-Trailer.jpg]
[localhost/worldofficialtrailer/watch/the-commando/index.html]
[localhost/worldofficialtrailer/watch/the-free-fall/index.html]
[localhost/worldofficialtrailer/watch/shattered/index.html]
[localhost/worldofficialtrailer/watch/stoker-hills/index.html]
[localhost/worldofficialtrailer/watch/bangarraju/index.html]
[localhost/worldofficialtrailer/video-category/telugu/index.html]
[localhost/worldofficialtrailer/watch/italian-studies/index.html]
[iclickcdn.com/tag.min.js]
[localhost/worldofficialtrailer/wp-content/themes/exs/assets/js/min/init2e49.js]
[localhost/worldofficialtrailer/index.html]
[localhost/worldofficialtrailer/wp-content/plugins/amp/assets/css/amp-default3601.css]
[localhost/worldofficialtrailer/wp-includes/css/dist/block-library/style.minc8d8.css]
[localhost/worldofficialtrailer/wp-content/themes/exs/assets/css/min/main-12002e49.css]
[localhost/worldofficialtrailer/wp-content/themes/exs/assets/css/min/menu-desktop22e49.css]
[localhost/worldofficialtrailer/wp-content/themes/exs/assets/css/min/amp2e49.css]
[localhost/worldofficialtrailer/wp-content/plugins/all-in-one-video-gallery/public/assets/fonts/aiovg-iconscad5.eot]
[localhost/worldofficialtrailer/wp-content/plugins/all-in-one-video-gallery/public/assets/fonts/aiovg-iconscad5.ttf]
[localhost/worldofficialtrailer/wp-content/plugins/all-in-one-video-gallery/public/assets/fonts/aiovg-iconscad5.woff]
[localhost/worldofficialtrailer/page/2/index.html]
[localhost/worldofficialtrailer/page/3/index.html]
[localhost/worldofficialtrailer/wp-content/plugins/all-in-one-video-gallery/public/assets/images/play.png]
[localhost/worldofficialtrailer/wp-content/plugins/all-in-one-video-gallery/public/assets/css/backward-compatibility0875.css]
[localhost/worldofficialtrailer/wp-content/plugins/all-in-one-video-gallery/public/assets/css/public0875.css]
[localhost/worldofficialtrailer/wp-json/wp/v2/pages/25.json]
[localhost/worldofficialtrailer/wp-json/oembed/1.0/embed4704.json]
[localhost/worldofficialtrailer/wp-json/oembed/1.0/embed109e]
[localhost/worldofficialtrailer/wp-content/uploads/2022/01/businessman-1370983.jpg]
[localhost/worldofficialtrailer/about-us/index.html]
[localhost/worldofficialtrailer/wp-json/wp/v2/pages/27.json]
[localhost/worldofficialtrailer/wp-json/oembed/1.0/embed4752.json]
[localhost/worldofficialtrailer/wp-json/oembed/1.0/embedf615]
[localhost/worldofficialtrailer/privacy-policy-2/index.html]
[localhost/worldofficialtrailer/wp-json/wp/v2/pages/29.json]
[localhost/worldofficialtrailer/wp-json/oembed/1.0/embeda1ee.json]
[localhost/worldofficialtrailer/wp-json/oembed/1.0/embede93e]
[localhost/worldofficialtrailer/terms-conditions/index.html]
[maxcdn.bootstrapcdn.com/bootstrap/4.0.0/css/bootstrap.min.css]
[localhost/index.html]
[cdn.ampproject.org/v0/amp-youtube-1.0.js]
[localhost/worldofficialtrailer/wp-json/oembed/1.0/embed19ef.json]
[localhost/worldofficialtrailer/wp-json/oembed/1.0/embedd2d7]
[m.media-amazon.com/images/M/MV5BMGJjNzE4NDAtNTQ1Ny00MDA3LWEwZjktZDE0NmU5ZGMyNWM1XkEyXkFqcGdeQXVyNjEwNTM2Mzc@._V1_UX67_CR0,0,67,98_AL_.jpg]
[localhost/worldofficialtrailer/author/worldtrailer/index.html]
[lofrev.net/wp-content/photos/2017/05/Online_logo_2.png]
[i.ytimg.com/vi/O9ADuWXkHk8/hqdefault.jpg]
[localhost/worldofficialtrailer/wp-content/uploads/2022/01/OPERATION-FORTUN-RUSE-DE-GUERRE-Official-Trailer.jpg]
[localhost/worldofficialtrailer/wp-content/uploads/2022/01/Fantastic-Beasts-The-Secrets-of-Dumbledore-–-Official-Trailer.jpg]
[localhost/worldofficialtrailer/wp-content/uploads/2022/01/Peacemaker-Official-Trailer.jpg]
[localhost/worldofficialtrailer/wp-content/uploads/2022/01/Doctor-Strange-in-the-Multiverse-of-Madness.jpg]
[localhost/worldofficialtrailer/watch/operation-fortune-ruse-de-guerre/index.html]
[localhost/worldofficialtrailer/watch/fantastic-beasts-the-secrets-of-dumbledore/index.html]
[localhost/worldofficialtrailer/wp-content/uploads/2022/01/The-Lost-City.jpg]
[localhost/worldofficialtrailer/watch/peacemaker/index.html]
[localhost/worldofficialtrailer/wp-content/uploads/2022/01/Search-Party-Season-5-Official-Trailer.jpg]
[localhost/worldofficialtrailer/watch/doctor-strange-in-the-multiverse-of-madness/index.html]
[localhost/worldofficialtrailer/wp-content/uploads/2022/01/Book-of-Love-–-Official-Trailer.jpg]
[localhost/worldofficialtrailer/watch/the-lost-city/index.html]
[localhost/worldofficialtrailer/wp-content/uploads/2022/01/The-Royal-Treatment-Official-Trailer.jpg]
[localhost/worldofficialtrailer/wp-content/uploads/2022/01/Black-Adam.jpg]
[localhost/worldofficialtrailer/watch/search-party-season-5/index.html]
[localhost/worldofficialtrailer/wp-content/uploads/2022/01/Ambulance-Official-Trailer.jpg]
[localhost/worldofficialtrailer/watch/book-of-love/index.html]
[localhost/worldofficialtrailer/wp-content/uploads/2022/01/Uncharted-Official-Trailer.jpg]
[localhost/worldofficialtrailer/watch/black-adam/index.html]
[localhost/worldofficialtrailer/watch/summer-heat/page/2.html]
[localhost/worldofficialtrailer/watch/the-royal-treatment/index.html]
[localhost/worldofficialtrailer/watch/ambulance/index.html]
[localhost/worldofficialtrailer/wp-includes/js/jquery/jquery.minaf6c.js]
[localhost/worldofficialtrailer/wp-includes/js/jquery/jquery-migrate.mind617.js]
[localhost/worldofficialtrailer/wp-content/plugins/all-in-one-video-gallery/public/assets/js/player0875.js]
[localhost/worldofficialtrailer/watch/summer-heat/index.html]
[localhost/worldofficialtrailer/watch/uncharted/index.html]
[localhost/worldofficialtrailer/wp-json/wp/v2/pages/12.json]
[localhost/worldofficialtrailer/wp-json/oembed/1.0/embed2ef2.json]
[localhost/worldofficialtrailer/video-category/index.html]
[localhost/worldofficialtrailer/wp-json/oembed/1.0/embed1ada]
[localhost/worldofficialtrailer/wp-content/uploads/2022/01/I-Want-You-Back-Official-Trailer-1.jpg]
[localhost/worldofficialtrailer/wp-content/uploads/2022/01/Moonfall-Official-Trailer.jpg]
[localhost/worldofficialtrailer/watch/i-want-you-back/index.html]
[localhost/worldofficialtrailer/watch/moonfall/index.html]
[localhost/worldofficialtrailer/video-category/english/index.html]
[localhost/worldofficialtrailer/video-category/english/page/2/index.html]
[localhost/worldofficialtrailer/wp-json/oembed/1.0/embedbb60.json]
[localhost/worldofficialtrailer/wp-json/oembed/1.0/embed6aa2]
[m.media-amazon.com/images/M/MV5BNDIxOGViNzUtNzFiZi00MjcyLWI1ZGUtM2M0ZWU5ZGFhZTBiXkEyXkFqcGdeQXVyOTI4ODg1NDQ@._V1_UY98_CR5,0,67,98_AL_.jpg]
[i.ytimg.com/vi/iisP7chhyQI/hqdefault.jpg]
[localhost/worldofficialtrailer/wp-content/uploads/2022/01/Death-on-the-Nile-Official-Trailer.jpg]
[localhost/worldofficialtrailer/wp-content/uploads/2022/01/Home-Team.jpg]
[localhost/worldofficialtrailer/wp-content/uploads/2022/01/Jurassic-World-3.jpg]
[localhost/worldofficialtrailer/watch/death-on-the-nile/index.html]
[localhost/worldofficialtrailer/watch/insidious-the-dark-realm/page/2.html]
[localhost/worldofficialtrailer/watch/insidious-the-dark-realm/index.html]
[localhost/worldofficialtrailer/watch/home-team/index.html]
[localhost/worldofficialtrailer/watch/jurassic-world-3-dominion/index.html]
[localhost/worldofficialtrailer/wp-json/oembed/1.0/embedb5af.json]
[localhost/worldofficialtrailer/wp-json/oembed/1.0/embed247e]
[localhost/worldofficialtrailer/wp-content/uploads/2022/01/Bachchan-Pandey.jpg]
[localhost/worldofficialtrailer/wp-content/uploads/2022/01/Prithviraj.jpg]
[localhost/worldofficialtrailer/wp-content/uploads/2022/01/Joker-Official-Trailer.jpg]
[localhost/worldofficialtrailer/wp-content/uploads/2022/01/Attack-Official-Trailer.jpg]
[localhost/worldofficialtrailer/wp-content/uploads/2022/01/Jersey-Official-Trailer.jpg]
[localhost/worldofficialtrailer/watch/bachchan-pandey/index.html]
[localhost/worldofficialtrailer/wp-content/uploads/2022/01/RRR-Official-Trailer.jpg]
[localhost/worldofficialtrailer/watch/prithviraj/index.html]
[localhost/worldofficialtrailer/wp-content/uploads/2022/01/PATHAN-Official-Trailer-1.jpg]
[localhost/worldofficialtrailer/watch/joker/index.html]
[localhost/worldofficialtrailer/wp-content/uploads/2022/01/Brazen-Official-Trailer.jpg]
[localhost/worldofficialtrailer/watch/attack/index.html]
[localhost/worldofficialtrailer/watch/bajrangi-bhaijaan-2/index.html]
[localhost/worldofficialtrailer/video-category/hindi/index.html]
[localhost/worldofficialtrailer/watch/jersey/index.html]
[localhost/worldofficialtrailer/watch/rrr/index.html]
[localhost/worldofficialtrailer/wp-json/oembed/1.0/embed527c.json]
[localhost/worldofficialtrailer/wp-json/oembed/1.0/embedb16d]
[m.media-amazon.com/images/M/MV5BMDNhZWZkYjUtNDMyNS00NGEwLTk3ZmYtNzMxM2M1Yzc3ZGU3XkEyXkFqcGdeQXVyOTg4MDYyNw@@._V1_QL75_UX180_CR0,0,180,266_.jpg]
[localhost/worldofficialtrailer/watch/pathan/index.html]
[localhost/worldofficialtrailer/watch/brazen-deadly-desires/index.html]
[i.ytimg.com/vi/J5SPKIxBDGs/hqdefault.jpg]
[localhost/worldofficialtrailer/watch/the-ledge/index.html]
[localhost/worldofficialtrailer/watch/the-ledge/page/2.html]
[localhost/worldofficialtrailer/wp-json/oembed/1.0/embed18cc.json]
[localhost/worldofficialtrailer/wp-json/oembed/1.0/embede737]
[m.media-amazon.com/images/M/MV5BODIyNzk5NDg5M15BMl5BanBnXkFtZTgwMTE5NjA5MjI@._V1_UX67_CR0,0,67,98_AL_.jpg]
[i.ytimg.com/vi/z8QwwWnLboU/hqdefault.jpg]
[localhost/worldofficialtrailer/wp-content/uploads/2022/01/Scream-Official-Trailer.jpg]
[localhost/worldofficialtrailer/watch/ozark-season-4/index.html]
[localhost/worldofficialtrailer/watch/ozark-season-4/page/2.html]
[localhost/worldofficialtrailer/wp-json/oembed/1.0/embeda87b.json]
[localhost/worldofficialtrailer/watch/scream/index.html]
[localhost/worldofficialtrailer/wp-json/oembed/1.0/embed9482]
[m.media-amazon.com/images/M/MV5BNjllNDk1OTItNmVlZi00YTUyLTg4Y2QtYWQyMzA0OTZjZjg2XkEyXkFqcGdeQXVyNjUxMjc1OTM@._V1_UY98_CR6,0,67,98_AL_.jpg]
[i.ytimg.com/vi/OswqKQBzAA8/hqdefault.jpg]
[localhost/worldofficialtrailer/watch/archive-81/index.html]
[localhost/worldofficialtrailer/watch/archive-81/page/2.html]
[localhost/worldofficialtrailer/wp-json/oembed/1.0/embed21c4.json]
[localhost/worldofficialtrailer/wp-json/oembed/1.0/embeda7ed]
[m.media-amazon.com/images/M/MV5BYThkM2YyZmMtYzU1NC00NGQ0LWJmM2EtYmQxNTc3MThhZGJiXkEyXkFqcGdeQXVyMTEyMjM2NDc2._V1_QL75_UY281_CR6,0,190,281_.jpg]
[i.ytimg.com/vi/vik0kdPIxF8/hqdefault.jpg]
[localhost/worldofficialtrailer/wp-content/uploads/2022/01/The-Black-Phone-Official-Trailer.jpg]
[localhost/worldofficialtrailer/wp-content/uploads/2022/01/Morbius-Official-Trailer.jpg]
[localhost/worldofficialtrailer/watch/the-black-phone/index.html]
[localhost/worldofficialtrailer/watch/the-woman-in-the-house/page/2.html]
[localhost/worldofficialtrailer/watch/the-woman-in-the-house/index.html]
[localhost/worldofficialtrailer/wp-json/oembed/1.0/embed266c.json]
[localhost/worldofficialtrailer/watch/morbius/index.html]
[localhost/worldofficialtrailer/wp-json/oembed/1.0/embedc01c]
[i0.wp.com/teaser-trailer.com/wp-content/uploads/Sundown-movie-poster-1eb45.jpg]
[i.ytimg.com/vi/UHcjlqY4Q74/hqdefault.jpg]
[localhost/worldofficialtrailer/watch/sundown/index.html]
[localhost/worldofficialtrailer/watch/sundown/page/2.html]
[localhost/worldofficialtrailer/wp-json/oembed/1.0/embed373f.json]
[localhost/worldofficialtrailer/wp-json/oembed/1.0/embed5b4f]
[www.bolivud.com/wp-content/uploads/2021/12/Human-Official-Trailer-Hotstar-Specials-on-Disney-Plus-Hotstar.jpg]
[i.ytimg.com/vi/ptc7O8BV1No/hqdefault.jpg]
[localhost/worldofficialtrailer/watch/human/index.html]
[localhost/worldofficialtrailer/wp-json/oembed/1.0/embed7839.json]
[localhost/worldofficialtrailer/wp-json/oembed/1.0/embedc6de]
[economictimes.indiatimes.com/thumb/msid-88725977,width-1200,height-900,resizemode-4,imgsize-23366/chakde-xpress5ad7.jpg]
[localhost/worldofficialtrailer/watch/chakda-express/index.html]
[localhost/worldofficialtrailer/wp-json/oembed/1.0/embedb41c.json]
[localhost/worldofficialtrailer/wp-json/oembed/1.0/embed8908]
[www.the-numbers.com/images/movies/opusdata/Commando-The-(2022)-Thumbnail.jpg]
[i.ytimg.com/vi/NKn52yQHOKs/hqdefault.jpg]
[localhost/worldofficialtrailer/watch/the-commando/index.html]
[localhost/worldofficialtrailer/watch/the-commando/page/2.html]
[localhost/worldofficialtrailer/wp-json/oembed/1.0/embedb48d.json]
[localhost/worldofficialtrailer/wp-json/oembed/1.0/embed851f]
[www.the-numbers.com/images/movies/opusdata/Free-Fall-The-(2022)-Thumbnail.jpg]
[i.ytimg.com/vi/WOczM20igLw/hqdefault.jpg]
[localhost/worldofficialtrailer/watch/the-free-fall/index.html]
[localhost/worldofficialtrailer/watch/the-free-fall/page/2.html]
[localhost/worldofficialtrailer/wp-json/oembed/1.0/embedabca.json]
[localhost/worldofficialtrailer/wp-json/oembed/1.0/embed64b7]
[www.the-numbers.com/images/movies/opusdata/Shattered-(2022)-Thumbnail.jpg]
[i.ytimg.com/vi/BV2v_B1ZfM0/hqdefault.jpg]
[localhost/worldofficialtrailer/watch/shattered/index.html]
[localhost/worldofficialtrailer/watch/shattered/page/2.html]
[localhost/worldofficialtrailer/wp-json/oembed/1.0/embede976.json]
[localhost/worldofficialtrailer/wp-json/oembed/1.0/embedfa80]
[www.the-numbers.com/images/movies/opusdata/Stoker-Hills-Thumbnail.jpg]
[i.ytimg.com/vi/zhViHNcZ3MI/hqdefault.jpg]
[localhost/worldofficialtrailer/watch/stoker-hills/index.html]
[localhost/worldofficialtrailer/watch/stoker-hills/page/2.html]
[localhost/worldofficialtrailer/wp-json/oembed/1.0/embed2b32.json]
[localhost/worldofficialtrailer/wp-json/oembed/1.0/embed9825]
[www.the-numbers.com/images/movies/opusdata/Italian-Studies-(2022)-Thumbnail.jpg]
[i.ytimg.com/vi/76cf1KnaDRA/hqdefault.jpg]
[localhost/worldofficialtrailer/watch/italian-studies/index.html]
[localhost/worldofficialtrailer/watch/italian-studies/page/2.html]
[localhost/worldofficialtrailer/wp-json/oembed/1.0/embedf700.json]
[localhost/worldofficialtrailer/wp-json/oembed/1.0/embed8a54]
[www.filmibeat.com/img/190x100x237/popcorn/movie_posters/bangarraju-20211231115217-20325.jpg]
[i.ytimg.com/vi/tncDXWeM_Vw/hqdefault.jpg]
[localhost/worldofficialtrailer/wp-content/uploads/2022/01/Radhe-Shyam-Official-Trailer.jpg]
[localhost/worldofficialtrailer/wp-content/uploads/2022/01/Bheemla-Nayak-Official-Trailer.jpg]
[localhost/worldofficialtrailer/watch/bangarraju/index.html]
[localhost/worldofficialtrailer/watch/radhe-shyam/index.html]
[localhost/worldofficialtrailer/video-category/telugu/index.html]
[localhost/worldofficialtrailer/wp-content/uploads/2022/01/BEAST.jpg]
[localhost/worldofficialtrailer/watch/bheemla-nayak/index.html]
[localhost/worldofficialtrailer/page/2/index.html]
[localhost/worldofficialtrailer/watch/beast/index.html]
[i.gadgets360cdn.com/large/google_play_1559395346287d41d.jpg]
[localhost/worldofficialtrailer/video-category/tamil/index.html]
[localhost/worldofficialtrailer/wp-content/uploads/2022/01/Valimai-Official-Trailer.jpg]
[localhost/worldofficialtrailer/page/3/index.html]
[localhost/worldofficialtrailer/watch/android-app/index.html]
[localhost/worldofficialtrailer/wp-content/plugins/all-in-one-video-gallery/public/assets/fonts/aiovg-iconscad5.svg]
[localhost/worldofficialtrailer/index970c.html]
[localhost/worldofficialtrailer/about-us/worldfirstofficialtrailer@gmail.html]
[localhost/worldofficialtrailer/index1c4a.html]
[localhost/worldofficialtrailer/index9cd7.html]
[localhost/worldofficialtrailer/video-category/android-app/index.html]
[cdnjs.cloudflare.com/ajax/libs/font-awesome/3.1.0/css/font-awesome.min.css]
[localhost/dashboard/javascripts/modernizr.js]
[localhost/dashboard/images/favicon.png]
[localhost/worldofficialtrailer/watch/valimai/index.html]
[connect.facebook.net/en_US/all.js]
[localhost/dashboard/images/bitnami-xampp.png]
[localhost/dashboard/images/fastly-logo.png]
[localhost/dashboard/javascripts/all.js]
[localhost/dashboard/index.html]
[localhost/worldofficialtrailer/indexd728.html]
[localhost/phpmyadmin/index.html]
[localhost/worldofficialtrailer/wp-json/wp/v2/users/1.c1.delayed]
[localhost/worldofficialtrailer/author/worldtrailer/index.html]
[localhost/worldofficialtrailer/author/worldtrailer/feed/index.html]
[localhost/worldofficialtrailer/wp-json/oembed/1.0/embed25b6.json]
[localhost/worldofficialtrailer/wp-json/oembed/1.0/embedb6f2]
[localhost/worldofficialtrailer/watch/operation-fortune-ruse-de-guerre/index.html]
[localhost/worldofficialtrailer/watch/operation-fortune-ruse-de-guerre/page/2.html]
[localhost/worldofficialtrailer/wp-json/oembed/1.0/embedfc93.json]
[localhost/worldofficialtrailer/wp-json/oembed/1.0/embed11a9]
[upload.wikimedia.org/wikipedia/en/thumb/5/51/Fantastic_Beasts,_The_Secrets_of_Dumbledore_teaser_poster.png/220px-Fantastic_Beasts,_The_Secrets_of_Dumbledore_teaser_poster.png]
[i.ytimg.com/vi/M1y_HOmRyXI/hqdefault.jpg]
[localhost/worldofficialtrailer/watch/fantastic-beasts-the-secrets-of-dumbledore/page/2.html]
[localhost/worldofficialtrailer/watch/fantastic-beasts-the-secrets-of-dumbledore/index.html]
[localhost/worldofficialtrailer/watch/fantastic-beasts-the-secrets-of-dumbledore/page/3.html]
[localhost/worldofficialtrailer/wp-json/oembed/1.0/embeda156.json]
[localhost/worldofficialtrailer/wp-json/oembed/1.0/embed9060]
[m.media-amazon.com/images/M/MV5BODk2NjAyOWMtM2FjZC00MjZhLTkxMjQtZTM3NjJlYTE5MDdlXkEyXkFqcGdeQXVyMTkxNjUyNQ@@._V1_FMjpg_UX1000_.jpg]
[i.ytimg.com/vi/OODneEUWUQY/hqdefault.jpg]
[localhost/worldofficialtrailer/watch/peacemaker/index.html]
[localhost/worldofficialtrailer/watch/peacemaker/page/2.html]
[localhost/worldofficialtrailer/wp-json/oembed/1.0/embeda805.json]
[localhost/worldofficialtrailer/wp-json/oembed/1.0/embed9bef]
[upload.wikimedia.org/wikipedia/en/thumb/0/08/Doctor_Strange_in_the_Multiverse_of_Madness_poster.jpeg/220px-Doctor_Strange_in_the_Multiverse_of_Madness_poster.jpg]
[i.ytimg.com/vi/7clcumQ2exE/hqdefault.jpg]
[localhost/worldofficialtrailer/watch/doctor-strange-in-the-multiverse-of-madness/index.html]
[localhost/worldofficialtrailer/watch/doctor-strange-in-the-multiverse-of-madness/page/2.html]
[localhost/worldofficialtrailer/wp-json/oembed/1.0/embedaa83.json]
[localhost/worldofficialtrailer/wp-json/oembed/1.0/embed7a41]
[upload.wikimedia.org/wikipedia/en/thumb/e/ee/TheLostCityPoster.jpg/220px-TheLostCityPoster.jpg]
[i.ytimg.com/vi/CChz9LX6wiA/hqdefault.jpg]
[localhost/worldofficialtrailer/watch/the-lost-city/index.html]
[localhost/worldofficialtrailer/watch/the-lost-city/page/2.html]
[localhost/worldofficialtrailer/wp-json/oembed/1.0/embed7c0b.json]
[localhost/worldofficialtrailer/wp-json/oembed/1.0/embedda60]
[www.gridsaratoga.com/wp-content/uploads/2021/02/MV5BOTc4N2MyZjYtZWFkMy00ZDdiLTg1YmYtNTE4MTgyYmQ4NTEyXkEyXkFqcGdeQXVyMTEyMjM2NDc2._V1_.jpg]
[localhost/worldofficialtrailer/watch/search-party-season-5/index.html]
[localhost/worldofficialtrailer/watch/search-party-season-5/page/2.html]
[localhost/worldofficialtrailer/wp-json/oembed/1.0/embedc327.json]
[localhost/worldofficialtrailer/wp-json/oembed/1.0/embed9a2c]
[m.media-amazon.com/images/M/MV5BMTExNjg5OTcxNDVeQTJeQWpwZ15BbWU3MDU3NTU4MjE@._V1_.jpg]
[localhost/worldofficialtrailer/watch/book-of-love/index.html]
[localhost/worldofficialtrailer/watch/book-of-love/page/2.html]
[localhost/worldofficialtrailer/wp-json/oembed/1.0/embed8673.json]
[localhost/worldofficialtrailer/wp-json/oembed/1.0/embedf930]
[upload.wikimedia.org/wikipedia/en/thumb/4/42/The_Royal_Treatment.jpg/220px-The_Royal_Treatment.jpg]
[i.ytimg.com/vi/rT_P-Odlgb0/hqdefault.jpg]
[localhost/worldofficialtrailer/watch/the-royal-treatment/page/2.html]
[localhost/worldofficialtrailer/watch/the-royal-treatment/index.html]
[localhost/worldofficialtrailer/watch/the-royal-treatment/page/3.html]
[localhost/worldofficialtrailer/wp-json/oembed/1.0/embed7825.json]
[localhost/worldofficialtrailer/wp-json/oembed/1.0/embed624c]
[upload.wikimedia.org/wikipedia/en/thumb/a/a9/Black_Adam_(film)_poster.jpg/220px-Black_Adam_(film)_poster.jpg]
[i.ytimg.com/vi/MGjcAh4jz1w/hqdefault.jpg]
[localhost/worldofficialtrailer/watch/black-adam/index.html]
[localhost/worldofficialtrailer/watch/black-adam/page/2.html]
[localhost/worldofficialtrailer/wp-json/oembed/1.0/embedf996.json]
[localhost/worldofficialtrailer/wp-json/oembed/1.0/embed35c9]
[upload.wikimedia.org/wikipedia/en/thumb/d/d2/Ambulance_film_poster.jpg/220px-Ambulance_film_poster.jpg]
[i.ytimg.com/vi/y--kxT7c9Lo/hqdefault.jpg]
[localhost/worldofficialtrailer/watch/ambulance/index.html]
[localhost/worldofficialtrailer/watch/ambulance/page/2.html]
[localhost/worldofficialtrailer/wp-json/oembed/1.0/embed795e.json]
[localhost/worldofficialtrailer/wp-json/oembed/1.0/embed539a]
[upload.wikimedia.org/wikipedia/en/thumb/c/c7/Uncharted_(film).jpg/220px-Uncharted_(film).jpg]
[i.ytimg.com/vi/JgqfB4wvzwU/hqdefault.jpg]
[localhost/worldofficialtrailer/watch/uncharted/page/2.html]
[localhost/worldofficialtrailer/watch/uncharted/index.html]
[localhost/worldofficialtrailer/watch/summer-heat/page/2.html]
[localhost/worldofficialtrailer/watch/uncharted/page/3.html]
[localhost/worldofficialtrailer/wp-content/plugins/shortcodes-ultimate/includes/images/player/default.png]
[localhost/worldofficialtrailer/wp-content/plugins/shortcodes-ultimate/includes/images/styles/style-soft.png]
[localhost/worldofficialtrailer/wp-content/plugins/shortcodes-ultimate/includes/images/styles/style-glass.png]
[localhost/worldofficialtrailer/wp-content/plugins/shortcodes-ultimate/includes/images/styles/style-bubbles.png]
[localhost/worldofficialtrailer/wp-content/plugins/shortcodes-ultimate/includes/images/styles/style-noise.png]
[localhost/worldofficialtrailer/wp-content/plugins/shortcodes-ultimate/includes/images/swiper/default.png]
[localhost/worldofficialtrailer/wp-content/plugins/shortcodes-ultimate/includes/images/quote.png]
[localhost/worldofficialtrailer/wp-content/plugins/shortcodes-ultimate/includes/images/player/default-start.png]
[localhost/worldofficialtrailer/wp-content/plugins/shortcodes-ultimate/includes/css/shortcodes4320.css]
[localhost/worldofficialtrailer/wp-content/plugins/all-in-one-video-gallery/public/assets/images/placeholder-image.png]
[localhost/worldofficialtrailer/video-category/index.html]
[localhost/worldofficialtrailer/index678b.html]
[localhost/worldofficialtrailer/video-category/korean/index.html]
[localhost/worldofficialtrailer/wp-json/oembed/1.0/embedd785.json]
[localhost/worldofficialtrailer/video-category/kannada/index.html]
[localhost/worldofficialtrailer/wp-json/oembed/1.0/embed509f]
[upload.wikimedia.org/wikipedia/en/thumb/e/ef/I_Want_You_Back_(film).jpg/220px-I_Want_You_Back_(film).jpg]
[localhost/worldofficialtrailer/watch/i-want-you-back/index.html]
[localhost/worldofficialtrailer/watch/i-want-you-back/page/2.html]
[localhost/worldofficialtrailer/wp-json/oembed/1.0/embedc333.json]
[localhost/worldofficialtrailer/wp-json/oembed/1.0/embed8a50]
[upload.wikimedia.org/wikipedia/en/thumb/1/12/Moonfall2022Poster.jpg/220px-Moonfall2022Poster.jpg]
[i.ytimg.com/vi/QRbsmbr4HFM/hqdefault.jpg]
[localhost/worldofficialtrailer/watch/moonfall/index.html]
[localhost/worldofficialtrailer/video-category/english/page/2/index.html]
[localhost/worldofficialtrailer/index7d69.html]
[localhost/worldofficialtrailer/watch/moonfall/page/2.html]
[localhost/worldofficialtrailer/wp-json/oembed/1.0/embedc767.json]
[localhost/worldofficialtrailer/wp-json/oembed/1.0/embedea0f]
[m.media-amazon.com/images/I/41+S9fvRYfL.jpg]
[i.ytimg.com/vi/ZgZ_7xcnKas/hqdefault.jpg]
[localhost/worldofficialtrailer/watch/death-on-the-nile/index.html]
[localhost/worldofficialtrailer/watch/death-on-the-nile/page/2.html]
[localhost/worldofficialtrailer/wp-json/oembed/1.0/embedfe70.json]
[localhost/worldofficialtrailer/wp-json/oembed/1.0/embedcc87]
[upload.wikimedia.org/wikipedia/en/thumb/5/5c/Home_Team_(2022_film).jpg/220px-Home_Team_(2022_film).jpg]
[i.ytimg.com/vi/lwFv_m-hcdc/hqdefault.jpg]
[localhost/worldofficialtrailer/watch/home-team/page/2.html]
[localhost/worldofficialtrailer/watch/home-team/index.html]
[localhost/worldofficialtrailer/watch/home-team/page/3.html]
[localhost/worldofficialtrailer/wp-json/oembed/1.0/embedbe47.json]
[localhost/worldofficialtrailer/wp-json/oembed/1.0/embed9852]
[upload.wikimedia.org/wikipedia/en/thumb/c/ce/JurassicWorldDominion_Poster.jpeg/220px-JurassicWorldDominion_Poster.jpg]
[i.ytimg.com/vi/OJ9qxhWgTBc/hqdefault.jpg]
[localhost/worldofficialtrailer/watch/jurassic-world-3-dominion/index.html]
[localhost/worldofficialtrailer/watch/insidious-the-dark-realm/page/2.html]
[localhost/worldofficialtrailer/index8e1b.html]
[localhost/worldofficialtrailer/watch/jurassic-world-3-dominion/page/2.html]
[localhost/worldofficialtrailer/wp-json/oembed/1.0/embed5b01.json]
[localhost/worldofficialtrailer/wp-json/oembed/1.0/embeda80e]
[m.media-amazon.com/images/M/MV5BM2I2MTE5ZmMtN2FkMy00MTRjLTg1N2ItZDNiMmU3OTI5Mzk4XkEyXkFqcGdeQXVyOTAzMTc2MjA@._V1_.jpg]
[localhost/worldofficialtrailer/watch/bachchan-pandey/index.html]
[localhost/worldofficialtrailer/wp-json/oembed/1.0/embed28ce.json]
[localhost/worldofficialtrailer/wp-json/oembed/1.0/embed00ce]
[m.media-amazon.com/images/M/MV5BOTM3ODg3ZDMtZGUxNC00OWE2LWIwNWMtNzAzMGZmZjY2ODRmXkEyXkFqcGdeQXVyMTkzOTcxOTg@._V1_.jpg]
[i.ytimg.com/vi/XOC2mTzm7yU/hqdefault.jpg]
[localhost/worldofficialtrailer/watch/prithviraj/index.html]
[localhost/worldofficialtrailer/wp-json/oembed/1.0/embeda930.json]
[localhost/worldofficialtrailer/wp-json/oembed/1.0/embedf2b6]
[i.ytimg.com/vi/cDjFpajxx8A/maxresdefault.jpg]
[localhost/worldofficialtrailer/watch/joker/index.html]
[localhost/worldofficialtrailer/wp-json/oembed/1.0/embeda627.json]
[localhost/worldofficialtrailer/wp-json/oembed/1.0/embedf606]
[m.media-amazon.com/images/M/MV5BOTdhZGIzMDYtYWM3Yi00NWMyLTg2ZTUtY2MwNGVlZWYxYTQ5XkEyXkFqcGdeQXVyMTI1NDEyNTM5._V1_FMjpg_UX1000_.jpg]
[i.ytimg.com/vi/-BW0Llyr9Ng/hqdefault.jpg]
[localhost/worldofficialtrailer/watch/attack/index.html]
[localhost/worldofficialtrailer/wp-json/oembed/1.0/embed153e.json]
[localhost/worldofficialtrailer/wp-json/oembed/1.0/embed6e19]
[m.media-amazon.com/images/M/MV5BZjViYjRjODItYzI4ZC00MzI4LTkwYTQtZjI5ZjAzZWViMTZlXkEyXkFqcGdeQXVyMTI1NDEyNTM5._V1_UX100_CR0,0,100,100_AL_.jpg]
[i.ytimg.com/vi/1pkcaeMRrns/hqdefault.jpg]
[localhost/worldofficialtrailer/watch/jersey/index.html]
[localhost/worldofficialtrailer/wp-json/oembed/1.0/embedd44f.json]
[localhost/worldofficialtrailer/wp-json/oembed/1.0/embed0ea8]
[upload.wikimedia.org/wikipedia/en/thumb/d/d7/RRR_Poster.jpg/220px-RRR_Poster.jpg]
[i.ytimg.com/vi/R2ye1dlpFDU/hqdefault.jpg]
[localhost/worldofficialtrailer/watch/rrr/index.html]
[localhost/worldofficialtrailer/wp-json/oembed/1.0/embedc536.json]
[localhost/worldofficialtrailer/wp-json/oembed/1.0/embedbaab]
[cdn.celpox.com/bby_uploads/media/340297218aed3d38ee456d565a69b59d.jpg]
[localhost/worldofficialtrailer/watch/pathan/index.html]
[localhost/worldofficialtrailer/wp-json/oembed/1.0/embed9092.json]
[localhost/worldofficialtrailer/wp-json/oembed/1.0/embede973]
[image.tmdb.org/t/p/w185/CaievsSWmbVuznon1yhiQswVsZ.jpg]
[i.ytimg.com/vi/ORWjeR7KXE8/hqdefault.jpg]
[localhost/worldofficialtrailer/watch/brazen-deadly-desires/page/2.html]
[localhost/worldofficialtrailer/watch/brazen-deadly-desires/index.html]
[localhost/worldofficialtrailer/indexc544.html]
[localhost/worldofficialtrailer/watch/the-ledge/page/2.html]
[localhost/worldofficialtrailer/index548d.html]
[localhost/worldofficialtrailer/watch/brazen-deadly-desires/page/3.html]
[localhost/worldofficialtrailer/wp-json/oembed/1.0/embed1711.json]
[localhost/worldofficialtrailer/wp-json/oembed/1.0/embedef70]
[m.media-amazon.com/images/M/MV5BNmQ0OWJiNWUtZGRiOS00MDRkLTk5NzMtN2RhN2NiZDg5NTE0XkEyXkFqcGdeQXVyMTkxNjUyNQ@@._V1_FMjpg_UX1000_.jpg]
[i.ytimg.com/vi/eGF5CRuSZjE/hqdefault.jpg]
[localhost/worldofficialtrailer/watch/scream/page/2.html]
[localhost/worldofficialtrailer/watch/scream/index.html]
[localhost/worldofficialtrailer/watch/ozark-season-4/page/2.html]
[localhost/worldofficialtrailer/index0c93.html]
[localhost/worldofficialtrailer/watch/archive-81/page/2.html]
[localhost/worldofficialtrailer/indexa943.html]
[localhost/worldofficialtrailer/watch/scream/page/3.html]
[localhost/worldofficialtrailer/wp-json/oembed/1.0/embed95e3.json]
[localhost/worldofficialtrailer/wp-json/oembed/1.0/embed2646]
[upload.wikimedia.org/wikipedia/en/thumb/7/7f/The_Black_Phone.jpg/220px-The_Black_Phone.jpg]
[i.ytimg.com/vi/RrgBwj3hKFg/hqdefault.jpg]
[localhost/worldofficialtrailer/watch/the-black-phone/index.html]
[localhost/worldofficialtrailer/watch/the-black-phone/page/2.html]
[localhost/worldofficialtrailer/wp-json/oembed/1.0/embedc317.json]
[localhost/worldofficialtrailer/wp-json/oembed/1.0/embed1658]
[m.media-amazon.com/images/M/MV5BYjlhNTA3Y2ItYjhiYi00NTBiLTg5MDMtZDJjMDZjNzVjNjJmXkEyXkFqcGdeQXVyMTEyMjM2NDc2._V1_FMjpg_UX1000_.jpg]
[i.ytimg.com/vi/jLMBLuGJTsA/hqdefault.jpg]
[localhost/worldofficialtrailer/watch/morbius/index.html]
[localhost/worldofficialtrailer/watch/the-woman-in-the-house/page/2.html]
[localhost/worldofficialtrailer/indexcfe0.html]
[localhost/worldofficialtrailer/watch/sundown/page/2.html]
[localhost/worldofficialtrailer/index3dc6.html]
[localhost/worldofficialtrailer/index0133.html]
[localhost/worldofficialtrailer/index6cd9.html]
[localhost/worldofficialtrailer/watch/the-commando/page/2.html]
[localhost/worldofficialtrailer/index80c9.html]
[localhost/worldofficialtrailer/watch/the-free-fall/page/2.html]
[localhost/worldofficialtrailer/index9fa1.html]
[localhost/worldofficialtrailer/watch/shattered/page/2.html]
[localhost/worldofficialtrailer/index6eea.html]
[localhost/worldofficialtrailer/watch/stoker-hills/page/2.html]
[localhost/worldofficialtrailer/index8c34.html]
[localhost/worldofficialtrailer/watch/italian-studies/page/2.html]
[localhost/worldofficialtrailer/indexd027.html]
[localhost/worldofficialtrailer/watch/morbius/page/2.html]
[localhost/worldofficialtrailer/wp-json/oembed/1.0/embed3830.json]
[localhost/worldofficialtrailer/wp-json/oembed/1.0/embed23cd]
[localhost/worldofficialtrailer/watch/radhe-shyam/index.html]
[localhost/worldofficialtrailer/wp-json/oembed/1.0/embed828b.json]
[localhost/worldofficialtrailer/wp-json/oembed/1.0/embed4aca]
[localhost/worldofficialtrailer/watch/bheemla-nayak/index.html]
[localhost/worldofficialtrailer/wp-json/oembed/1.0/embede8ca.json]
[localhost/worldofficialtrailer/wp-json/oembed/1.0/embed6804]
[localhost/worldofficialtrailer/watch/beast/index.html]
[localhost/worldofficialtrailer/video-category/tamil/index.html]
[localhost/worldofficialtrailer/wp-json/oembed/1.0/embed8232.json]
[localhost/worldofficialtrailer/wp-json/oembed/1.0/embed0307]
[localhost/worldofficialtrailer/watch/android-app/index.html]
[localhost/worldofficialtrailer/video-category/android-app/index.html]
[localhost/worldofficialtrailer/wp-json/oembed/1.0/embedd10a.json]
[localhost/worldofficialtrailer/wp-json/oembed/1.0/embed7f0c]
[localhost/worldofficialtrailer/watch/valimai/index.html]
[localhost/dashboard/stylesheets/normalize.css]
[localhost/dashboard/images/social-icons.png]
[localhost/dashboard/images/social-icons-large.png]
[localhost/dashboard/images/social-icons@2x.png]
[localhost/dashboard/images/social-icons-large@2x.png]
[localhost/dashboard/images/pdf-icon.png]
[localhost/dashboard/stylesheets/all.css]
[cdnjs.cloudflare.com/ajax/libs/font-awesome/3.1.0/css/font-awesome.min.css]
[connect.facebook.net/en_US/all.js]
[localhost/dashboard/index-2.html]
[localhost/applications.html]
[localhost/dashboard/images/screenshots/xampp-windows-start.jpg]
[localhost/dashboard/faq.html]
[localhost/dashboard/howto.html]
[localhost/dashboard/phpinfo.html]
[localhost/phpmyadmin/index.html]
[localhost/dashboard/images/xampp-logo.svg]
[localhost/worldofficialtrailer/indexe9b4.html]
[localhost/worldofficialtrailer/watch/operation-fortune-ruse-de-guerre/page/2.html]
[localhost/worldofficialtrailer/indexb950.html]
[localhost/worldofficialtrailer/watch/fantastic-beasts-the-secrets-of-dumbledore/page/2.html]
[localhost/worldofficialtrailer/watch/fantastic-beasts-the-secrets-of-dumbledore/page/3.html]
[localhost/worldofficialtrailer/index5eda.html]
[localhost/worldofficialtrailer/watch/peacemaker/page/2.html]
[localhost/worldofficialtrailer/indexdc22.html]
[localhost/worldofficialtrailer/watch/doctor-strange-in-the-multiverse-of-madness/page/2.html]
[localhost/worldofficialtrailer/index8af0.html]
[localhost/worldofficialtrailer/watch/the-lost-city/page/2.html]
[localhost/worldofficialtrailer/index8e01.html]
[localhost/worldofficialtrailer/watch/search-party-season-5/page/2.html]
[localhost/worldofficialtrailer/indexada0.html]
[localhost/worldofficialtrailer/watch/book-of-love/page/2.html]
[localhost/worldofficialtrailer/index9c2b.html]
[localhost/worldofficialtrailer/watch/the-royal-treatment/page/2.html]
[localhost/worldofficialtrailer/watch/the-royal-treatment/page/3.html]
[localhost/worldofficialtrailer/index4034.html]
[localhost/worldofficialtrailer/watch/black-adam/page/2.html]
[localhost/worldofficialtrailer/index198a.html]
[localhost/worldofficialtrailer/watch/ambulance/page/2.html]
[localhost/worldofficialtrailer/index5791.html]
[localhost/worldofficialtrailer/watch/uncharted/page/2.html]
[localhost/worldofficialtrailer/watch/uncharted/page/3.html]
[localhost/worldofficialtrailer/video-category/kannada/index.html]
[localhost/worldofficialtrailer/video-category/korean/index.html]
[localhost/worldofficialtrailer/index3350.html]
[localhost/worldofficialtrailer/watch/i-want-you-back/page/2.html]
[localhost/worldofficialtrailer/index17d5.html]
[localhost/worldofficialtrailer/watch/moonfall/page/2.html]
[localhost/worldofficialtrailer/index248a.html]
[localhost/worldofficialtrailer/watch/death-on-the-nile/page/2.html]
[localhost/worldofficialtrailer/indexbbc7.html]
[localhost/worldofficialtrailer/watch/home-team/page/2.html]
[localhost/worldofficialtrailer/watch/home-team/page/3.html]
[localhost/worldofficialtrailer/index7760.html]
[localhost/worldofficialtrailer/watch/jurassic-world-3-dominion/page/2.html]
[localhost/worldofficialtrailer/indexee5b.html]
[localhost/worldofficialtrailer/index460d.html]
[localhost/worldofficialtrailer/indexd4a6.html]
[localhost/worldofficialtrailer/indexe887.html]
[localhost/worldofficialtrailer/index3fbb.html]
[localhost/worldofficialtrailer/index6aed.html]
[localhost/worldofficialtrailer/index1a26.html]
[localhost/worldofficialtrailer/index8816.html]
[localhost/worldofficialtrailer/watch/brazen-deadly-desires/page/2.html]
[localhost/worldofficialtrailer/watch/brazen-deadly-desires/page/3.html]
[localhost/worldofficialtrailer/indexe6f0.html]
[localhost/worldofficialtrailer/watch/scream/page/2.html]
[localhost/worldofficialtrailer/watch/scream/page/3.html]
[localhost/worldofficialtrailer/indexf488.html]
[localhost/worldofficialtrailer/watch/the-black-phone/page/2.html]
[localhost/worldofficialtrailer/indexc5eb.html]
[localhost/worldofficialtrailer/watch/morbius/page/2.html]
[localhost/worldofficialtrailer/indexea0f.html]
[localhost/worldofficialtrailer/index9430.html]
[localhost/worldofficialtrailer/indexd1a7.html]
[localhost/worldofficialtrailer/indexe856.html]
[localhost/worldofficialtrailer/index5a24.html]
[localhost/bitnami.css]
[localhost/dashboard/docs/backup-restore-mysql.pdf]
[localhost/dashboard/docs/images/backup-restore-mysql/image1.png]
[localhost/dashboard/docs/images/backup-restore-mysql/image2.png]
[localhost/dashboard/docs/images/backup-restore-mysql/image3.png]
[localhost/dashboard/docs/images/backup-restore-mysql/image4.png]
[localhost/dashboard/docs/images/backup-restore-mysql/image5.png]
[localhost/dashboard/docs/images/backup-restore-mysql/image6.png]
[localhost/dashboard/docs/images/backup-restore-mysql/image7.png]
[localhost/dashboard/docs/images/backup-restore-mysql/image8.png]
[localhost/dashboard/docs/images/backup-restore-mysql/image9.png]
[localhost/dashboard/docs/images/backup-restore-mysql/image10.png]
[localhost/dashboard/docs/images/backup-restore-mysql/image11.png]
[localhost/dashboard/docs/images/backup-restore-mysql/image12.png]
[localhost/dashboard/docs/images/backup-restore-mysql/image13.png]
[localhost/dashboard/docs/images/backup-restore-mysql/image14.png]
[localhost/dashboard/docs/backup-restore-mysql.html]
[localhost/dashboard/docs/transfer-files-ftp.pdf]
[localhost/dashboard/docs/images/transfer-files-ftp/image1.png]
[localhost/dashboard/docs/images/transfer-files-ftp/image2.png]
[localhost/dashboard/docs/images/transfer-files-ftp/image3.png]
[localhost/dashboard/docs/images/transfer-files-ftp/image4.png]
[localhost/dashboard/docs/images/transfer-files-ftp/image5.png]
[localhost/dashboard/docs/images/transfer-files-ftp/image6.png]
[localhost/dashboard/docs/images/transfer-files-ftp/image7.png]
[localhost/dashboard/docs/images/transfer-files-ftp/image8.png]
[localhost/dashboard/docs/images/transfer-files-ftp/image9.png]
[localhost/dashboard/docs/images/transfer-files-ftp/image10.png]
[localhost/dashboard/docs/images/transfer-files-ftp/image11.png]
[localhost/dashboard/docs/transfer-files-ftp.html]
[localhost/dashboard/docs/configure-vhosts.pdf]
[localhost/dashboard/docs/images/configure-vhosts/image1.png]
[localhost/dashboard/docs/images/configure-vhosts/image2.png]
[localhost/dashboard/docs/images/configure-vhosts/image3.png]
[localhost/dashboard/docs/images/configure-vhosts/image4.png]
[localhost/dashboard/docs/configure-vhosts.html]
[localhost/dashboard/docs/configure-wildcard-subdomains.pdf]
[localhost/dashboard/docs/images/configure-wildcard-subdomains/image1.png]
[localhost/dashboard/docs/images/configure-wildcard-subdomains/image2.png]
[localhost/dashboard/docs/images/configure-wildcard-subdomains/image3.png]
[localhost/dashboard/docs/images/configure-wildcard-subdomains/image4.png]
[localhost/dashboard/docs/configure-wildcard-subdomains.html]
[localhost/dashboard/docs/deploy-git-app.pdf]
[localhost/dashboard/docs/images/deploy-git-app/image1.png]
[localhost/dashboard/docs/images/deploy-git-app/image2.png]
[localhost/dashboard/docs/images/deploy-git-app/image3.png]
[localhost/dashboard/docs/images/deploy-git-app/image4.png]
[localhost/dashboard/docs/images/deploy-git-app/image5.png]
[localhost/dashboard/docs/images/deploy-git-app/image6.png]
[localhost/dashboard/docs/deploy-git-app.html]
[localhost/dashboard/docs/install-wordpress.pdf]
[localhost/dashboard/docs/images/install-wordpress/image01.png]
[localhost/dashboard/docs/images/install-wordpress/image02.png]
[localhost/dashboard/docs/images/install-wordpress/image11.png]
[localhost/dashboard/docs/images/install-wordpress/image12.png]
[localhost/dashboard/docs/images/install-wordpress/image13.png]
[localhost/dashboard/docs/images/install-wordpress/image14.png]
[localhost/dashboard/docs/images/install-wordpress/image15.png]
[localhost/dashboard/docs/images/install-wordpress/image16.png]
[localhost/dashboard/docs/images/install-wordpress/image17.png]
[localhost/dashboard/docs/images/install-wordpress/image18.png]
[localhost/dashboard/docs/images/install-wordpress/image19.png]
[localhost/dashboard/docs/images/install-wordpress/image110.png]
[localhost/dashboard/docs/images/install-wordpress/image21.png]
[localhost/dashboard/docs/images/install-wordpress/image22.png]
[localhost/dashboard/docs/images/install-wordpress/image23.png]
[localhost/dashboard/docs/images/install-wordpress/image24.png]
[localhost/dashboard/docs/images/install-wordpress/image31.png]
[localhost/dashboard/docs/images/install-wordpress/image32.png]
[localhost/dashboard/docs/images/install-wordpress/image33.png]
[localhost/dashboard/docs/images/install-wordpress/image34.png]
[localhost/dashboard/docs/images/install-wordpress/image35.png]
[localhost/dashboard/docs/images/install-wordpress/image36.png]
[localhost/dashboard/docs/images/install-wordpress/image37.png]
[localhost/dashboard/docs/install-wordpress.html]
[localhost/dashboard/docs/reset-mysql-password.pdf]
[localhost/dashboard/docs/images/reset-mysql-password/image1.png]
[localhost/dashboard/docs/images/reset-mysql-password/image2.png]
[localhost/dashboard/docs/images/reset-mysql-password/image3.png]
[localhost/dashboard/docs/reset-mysql-password.html]
[localhost/dashboard/docs/send-mail.pdf]
[localhost/dashboard/docs/images/send-mail/image1.png]
[localhost/dashboard/docs/images/send-mail/image2.png]
[localhost/dashboard/docs/images/send-mail/image3.png]
[localhost/dashboard/docs/send-mail.html]
[localhost/dashboard/docs/use-sqlite.pdf]
[localhost/dashboard/docs/images/use-sqlite/image1.png]
[localhost/dashboard/docs/images/use-sqlite/image2.png]
[localhost/dashboard/docs/images/use-sqlite/image3.png]
[localhost/dashboard/docs/use-sqlite.html]
[localhost/dashboard/docs/activate-use-xdebug.pdf]
[localhost/dashboard/docs/images/activate-use-xdebug/image1.png]
[localhost/dashboard/docs/images/activate-use-xdebug/image2.png]
[localhost/dashboard/docs/images/activate-use-xdebug/image3.png]
[localhost/dashboard/docs/activate-use-xdebug.html]
[localhost/dashboard/docs/create-framework-project-zf1.pdf]
[localhost/dashboard/docs/images/create-framework-project-zf1/image1.png]
[localhost/dashboard/docs/images/create-framework-project-zf1/image2.png]
[localhost/dashboard/docs/create-framework-project-zf1.html]
[localhost/dashboard/docs/create-framework-project-zf2.pdf]
[localhost/dashboard/docs/images/create-framework-project-zf2/image1.png]
[localhost/dashboard/docs/images/create-framework-project-zf2/image2.png]
[localhost/dashboard/docs/images/create-framework-project-zf2/image3.png]
[localhost/dashboard/docs/images/create-framework-project-zf2/image4.png]
[localhost/dashboard/docs/images/create-framework-project-zf2/image5.png]
[localhost/dashboard/docs/create-framework-project-zf2.html]
[localhost/dashboard/docs/troubleshoot-apache.pdf]
[localhost/dashboard/docs/images/troubleshoot-apache/image1.png]
[localhost/dashboard/docs/images/troubleshoot-apache/image2.png]
[localhost/dashboard/docs/images/troubleshoot-apache/image3.png]
[localhost/dashboard/docs/images/troubleshoot-apache/image4.png]
[localhost/dashboard/docs/images/troubleshoot-apache/image5.png]
[localhost/dashboard/docs/images/troubleshoot-apache/image6.png]
[localhost/dashboard/docs/images/troubleshoot-apache/image7.png]
[localhost/dashboard/docs/images/troubleshoot-apache/image8.png]
[localhost/dashboard/docs/troubleshoot-apache.html]
[localhost/dashboard/docs/change-mysql-temp-dir.pdf]
[localhost/dashboard/docs/change-mysql-temp-dir.html]
[localhost/dashboard/docs/increase-php-file-upload-limit.pdf]
[localhost/dashboard/docs/increase-php-file-upload-limit.html]
[localhost/dashboard/docs/access-phpmyadmin-remotely.pdf]
[localhost/dashboard/docs/images/access-phpmyadmin-remotely/image1.png]
[localhost/dashboard/docs/access-phpmyadmin-remotely.html]
[localhost/dashboard/docs/auto-start-xampp.pdf]
[localhost/dashboard/docs/images/auto-start-xampp/image1.png]
[localhost/dashboard/docs/auto-start-xampp.html]
[localhost/dashboard/docs/use-different-php-version.pdf]
[localhost/dashboard/docs/images/use-different-php-version/image1.png]
[localhost/dashboard/docs/use-different-php-version.html]
[localhost/dashboard/docs/use-php-fcgi.pdf]
[localhost/dashboard/docs/images/use-php-fcgi/image1.png]
[localhost/dashboard/docs/use-php-fcgi.html]
[localhost/dashboard/docs/configure-use-tomcat.pdf]
[localhost/dashboard/docs/images/configure-use-tomcat/image1.png]
[localhost/dashboard/docs/images/configure-use-tomcat/image2.png]
[localhost/dashboard/docs/images/configure-use-tomcat/image3.png]
[localhost/dashboard/docs/images/configure-use-tomcat/image4.png]
[localhost/dashboard/docs/images/configure-use-tomcat/image8.png]
[localhost/dashboard/docs/images/configure-use-tomcat/image5.png]
[localhost/dashboard/docs/images/configure-use-tomcat/image6.png]
[localhost/dashboard/docs/images/configure-use-tomcat/image7.png]
[localhost/dashboard/docs/configure-use-tomcat.html]
[m.media-amazon.com/images/M/MV5BZGFmNmRlZmQtMDAyYy00NTJjLTg2ODQtZDI0OWE3M2I2NDcyXkEyXkFqcGdeQXVyNjY1MTg4Mzc@._V1_.jpg]
[i.ytimg.com/vi/eIVBpG6DAkY/hqdefault.jpg]
[code.jquery.com/jquery-1.10.2.min.js]
[i.ytimg.com/vi/4askvHIeS4Y/hqdefault.jpg]
[upload.wikimedia.org/wikipedia/en/thumb/b/bb/Bheemla_Nayak.jpg/220px-Bheemla_Nayak.jpg]
[i.ytimg.com/vi/5NEjDMcYudk/hqdefault.jpg]
[upload.wikimedia.org/wikipedia/en/b/b1/Beast_2022_poster.jpg]
[upload.wikimedia.org/wikipedia/en/thumb/d/d7/Valimai_poster.jpg/220px-Valimai_poster.jpg]
[localhost/phpMyAdmin.html]
[localhost/example.html]
[localhost/wordpress.html]
[localhost/Slim.html]
[localhost/wordpress/wp-login.html]
[localhost/sendmail.html]
[localhost/example/phpmailer.html]
[localhost/sqlite.html]
[localhost/xampp/phpinfo.html]
[localhost/myapp/index.html]
[localhost/myapp.html]
[i.ytimg.com/vi/PCZX6fIIiCk/hqdefault.jpg]
[www.filmcompanion.in/wp-content/uploads/2020/07/F3F7776B-494A-4BFE-8FB4-B32F6B798D0A.jpeg]
[i.ytimg.com/vi/P_GwboyIRfE/hqdefault.jpg]
[cdn.hswstatic.com/gif/download-legit-250x150.jpg]
[pinterest.com/pin/create/button/index38d0.html]
