[backblue.gif]
[fade.gif]
[index.html]
[localhost/worldofficialtrailer/comments/feed/index.html]
[localhost/worldofficialtrailer/feed/index.html]
[localhost/worldofficialtrailer/wp-json/index.html]
[translate.google.com/translate_a/element7876.js]
[localhost/worldofficialtrailer/xmlrpc0db0.php]
[localhost/worldofficialtrailer/wp-json/wp/v2/pages/14.json]
[localhost/worldofficialtrailer/wp-includes/wlwmanifest.xml]
[img.youtube.com/vi/GCJQzPjyxys/maxresdefault.jpg]
[localhost/worldofficialtrailer/wp-json/oembed/1.0/embed41e9.json]
[img.youtube.com/vi/AJ_Zry9KLb8/maxresdefault.jpg]
[localhost/worldofficialtrailer/wp-json/oembed/1.0/embed19b2]
[img.youtube.com/vi/36F9JxfDEA4/maxresdefault.jpg]
[img.youtube.com/vi/xx97DuHGr2o/maxresdefault.jpg]
[localhost/worldofficialtrailer/wp-content/uploads/2021/12/WorldOfficialTrailer.jpg]
[img.youtube.com/vi/NkEU6fC_nhY/maxresdefault.13.delayed]
[img.youtube.com/vi/p99rer0DiCo/maxresdefault.jpg]
[img.youtube.com/vi/xppbyXSxPlo/maxresdefault.jpg]
[code.jquery.com/jquery-3.2.1.slim.min.js]
[localhost/worldofficialtrailer/wp-content/uploads/2021/12/WorldOfficialTrailer.gif]
[maxcdn.bootstrapcdn.com/bootstrap/4.0.0/js/bootstrap.min.js]
[cdnjs.cloudflare.com/ajax/libs/popper.js/1.12.9/umd/popper.min.js]
[img.youtube.com/vi/WJPSSL2lSjU/maxresdefault.jpg]
[img.youtube.com/vi/KWxJXZ3S3-g/maxresdefault.jpg]
[img.youtube.com/vi/HWyXKnQiIXk/maxresdefault.jpg]
[img.youtube.com/vi/c1DaaIjuc-w/maxresdefault.jpg]
[img.youtube.com/vi/eHp3MbsCbMg/maxresdefault.jpg]
[img.youtube.com/vi/2rI-wFB65WA/maxresdefault.jpg]
[img.youtube.com/vi/b6QwWsZuSY8/maxresdefault.jpg]
[img.youtube.com/vi/3eGP6im8AZA/maxresdefault.jpg]
[img.youtube.com/vi/6Sq4FGWvHXA/maxresdefault.jpg]
[localhost/worldofficialtrailer/wp-content/themes/exs/assets/js/min/init29af.js]
[localhost/worldofficialtrailer/index.html]
[localhost/worldofficialtrailer/wp-includes/js/wp-embed.min080f.js]
[localhost/worldofficialtrailer/wp-includes/css/dist/block-library/style.min080f.css]
[localhost/worldofficialtrailer/wp-content/themes/exs/assets/css/min/main-120029af.css]
[localhost/worldofficialtrailer/wp-content/themes/exs/assets/css/min/menu-desktop229af.css]
[localhost/worldofficialtrailer/wp-content/plugins/all-in-one-video-gallery/public/assets/css/backward-compatibility0875.css]
[localhost/worldofficialtrailer/wp-content/plugins/all-in-one-video-gallery/public/assets/fonts/aiovg-iconscad5.eot]
[localhost/worldofficialtrailer/wp-content/plugins/all-in-one-video-gallery/public/assets/css/public0875.css]
[localhost/worldofficialtrailer/wp-content/plugins/all-in-one-video-gallery/public/assets/fonts/aiovg-iconscad5.ttf]
[localhost/worldofficialtrailer/wp-content/plugins/all-in-one-video-gallery/public/assets/fonts/aiovg-iconscad5.woff]
[localhost/worldofficialtrailer/OneSignalSDKUpdaterWorker.html]
[localhost/worldofficialtrailer/OneSignalSDKWorker.html]
[localhost/worldofficialtrailer/wp-content/plugins/all-in-one-video-gallery/public/assets/images/play.png]
[cdn.onesignal.com/sdks/OneSignalSDK080f.js]
[iclickcdn.com/tag.min.js]
[localhost/worldofficialtrailer/wp-content/plugins/onesignal-free-web-push-notifications/sdk_files/index.html]
[localhost/worldofficialtrailer/about-us/index.html]
[localhost/worldofficialtrailer/privacy-policy-2/index.html]
[localhost/worldofficialtrailer/terms-conditions/index.html]
[localhost/worldofficialtrailer/wp-json/wp/v2/pages/25.json]
[maxcdn.bootstrapcdn.com/bootstrap/4.0.0/css/bootstrap.min.css]
[localhost/worldofficialtrailer/wp-json/oembed/1.0/embed109e]
[localhost/worldofficialtrailer/wp-json/oembed/1.0/embed4704.json]
[localhost/index.html]
[localhost/worldofficialtrailer/video-tag/22-dec/index.html]
[localhost/worldofficialtrailer/wp-includes/js/jquery/jquery.minaf6c.js]
[localhost/worldofficialtrailer/video-tag/24-dec/index.html]
[localhost/worldofficialtrailer/wp-content/plugins/gd-rating-system/js/rating/events.min18ce.js]
[localhost/worldofficialtrailer/wp-includes/js/jquery/jquery-migrate.mind617.js]
[localhost/worldofficialtrailer/wp-content/plugins/gd-rating-system/js/rating/core.min18ce.js]
[localhost/worldofficialtrailer/wp-content/plugins/gd-rating-system/js/methods/stars-rating.min18ce.js]
[localhost/worldofficialtrailer/wp-json/wp/v2/pages/27.json]
[localhost/worldofficialtrailer/wp-json/oembed/1.0/embed4752.json]
[localhost/worldofficialtrailer/wp-json/oembed/1.0/embedf615]
[localhost/worldofficialtrailer/video-tag/25-dec/index.html]
[localhost/worldofficialtrailer/wp-json/wp/v2/pages/29.json]
[localhost/worldofficialtrailer/video-tag/31-dec/index.html]
[localhost/worldofficialtrailer/wp-json/oembed/1.0/embeda1ee.json]
[localhost/worldofficialtrailer/wp-json/oembed/1.0/embede93e]
[localhost/worldofficialtrailer/wp-json/oembed/1.0/embedc957.json]
[localhost/worldofficialtrailer/wp-json/wp/v2/pages/13.json]
[localhost/worldofficialtrailer/wp-json/oembed/1.0/embedf0c3]
[localhost/worldofficialtrailer/wp-json/oembed/1.0/embedf74c.json]
[localhost/worldofficialtrailer/wp-json/oembed/1.0/embedbe5d]
[m.media-amazon.com/images/M/MV5BMTExNjg5OTcxNDVeQTJeQWpwZ15BbWU3MDU3NTU4MjE@._V1_.jpg]
[lofrev.net/wp-content/photos/2017/05/Online_logo_2.png]
[img.youtube.com/vi/e82JHkkPw54/maxresdefault.jpg]
[img.youtube.com/vi/uetE5C2Tmfg/maxresdefault.jpg]
[img.youtube.com/vi/Af_Hj0MDBBQ/maxresdefault.jpg]
[img.youtube.com/vi/ThKNjV723yI/maxresdefault.jpg]
[img.youtube.com/vi/D8WLWO8kBMo/maxresdefault.jpg]
[img.youtube.com/vi/dZRqB0JLizw/maxresdefault.jpg]
[localhost/worldofficialtrailer/watch/book-of-love-official-trailer/index.html]
[localhost/worldofficialtrailer/video-category/english/index.html]
[img.youtube.com/vi/x3oMm5JGXZM/maxresdefault.jpg]
[img.youtube.com/vi/FOzrXqf5pvE/maxresdefault.jpg]
[localhost/worldofficialtrailer/wp-json/oembed/1.0/embed638a.json]
[img.youtube.com/vi/_6rn-6lKBJ8/maxresdefault.jpg]
[localhost/worldofficialtrailer/wp-json/oembed/1.0/embed0b48]
[img.youtube.com/vi/I3uX4uwrAaY/maxresdefault.jpg]
[img.youtube.com/vi/nonC9TyX9hM/maxresdefault.jpg]
[img.youtube.com/vi/bmAnwpNyOVo/maxresdefault.jpg]
[img.youtube.com/vi/BT0zd0kmTxM/maxresdefault.jpg]
[upload.wikimedia.org/wikipedia/en/thumb/e/ef/I_Want_You_Back_(film).jpg/220px-I_Want_You_Back_(film).jpg]
[localhost/worldofficialtrailer/watch/i-want-you-back-official-trailer/index.html]
[img.youtube.com/vi/lpqTGEW2ObU/maxresdefault.jpg]
[img.youtube.com/vi/WHXq62VCaCM/maxresdefault.jpg]
[localhost/worldofficialtrailer/wp-json/oembed/1.0/embedbbea.json]
[localhost/worldofficialtrailer/wp-json/oembed/1.0/embed07e9]
[img.youtube.com/vi/ZYzbalQ6Lg8/maxresdefault.jpg]
[localhost/worldofficialtrailer/wp-json/wp/v2/pages/12.json]
[localhost/worldofficialtrailer/wp-json/oembed/1.0/embed2ef2.json]
[localhost/worldofficialtrailer/wp-json/oembed/1.0/embed1ada]
[img.youtube.com/vi/beToTslH17s/maxresdefault.jpg]
[www.gridsaratoga.com/wp-content/uploads/2021/02/MV5BOTc4N2MyZjYtZWFkMy00ZDdiLTg1YmYtNTE4MTgyYmQ4NTEyXkEyXkFqcGdeQXVyMTEyMjM2NDc2._V1_.jpg]
[localhost/worldofficialtrailer/watch/search-party-season-5-official-trailer/index.html]
[localhost/worldofficialtrailer/wp-json/oembed/1.0/embedc4f3.json]
[img.youtube.com/vi/GMESQkVN0Q4/maxresdefault.jpg]
[localhost/worldofficialtrailer/wp-json/oembed/1.0/embed0838]
[img.youtube.com/vi/7NU-STboFeI/maxresdefault.jpg]
[upload.wikimedia.org/wikipedia/en/thumb/1/12/Moonfall2022Poster.jpg/220px-Moonfall2022Poster.jpg]
[localhost/worldofficialtrailer/watch/moonfall-official-trailer/index.html]
[localhost/worldofficialtrailer/wp-json/oembed/1.0/embed08bb.json]
[localhost/worldofficialtrailer/wp-json/oembed/1.0/embed6b0a]
[img.youtube.com/vi/RaAG-SwEa7k/maxresdefault.jpg]
[upload.wikimedia.org/wikipedia/en/thumb/c/ce/JurassicWorldDominion_Poster.jpeg/220px-JurassicWorldDominion_Poster.jpg]
[localhost/worldofficialtrailer/watch/jurassic-world-3-dominion-official-trailer/index.html]
[localhost/worldofficialtrailer/wp-json/oembed/1.0/embedfa3e.json]
[localhost/worldofficialtrailer/wp-json/oembed/1.0/embed34fe]
[img.youtube.com/vi/oZ6iiRrz1SY/maxresdefault.jpg]
[upload.wikimedia.org/wikipedia/en/thumb/a/a9/Black_Adam_(film)_poster.jpg/220px-Black_Adam_(film)_poster.jpg]
[localhost/worldofficialtrailer/watch/black-adam-official-trailer/index.html]
[localhost/worldofficialtrailer/wp-json/oembed/1.0/embedd073.json]
[localhost/worldofficialtrailer/wp-json/oembed/1.0/embedf25a]
[upload.wikimedia.org/wikipedia/en/thumb/5/5c/Home_Team_(2022_film).jpg/220px-Home_Team_(2022_film).jpg]
[img.youtube.com/vi/ytWc6wbiazw/maxresdefault.jpg]
[img.youtube.com/vi/D8kjSWMDQF0/maxresdefault.jpg]
[img.youtube.com/vi/b-tyKR11EIM/maxresdefault.jpg]
[localhost/worldofficialtrailer/watch/home-team-official-trailer/index.html]
[img.youtube.com/vi/l7wDR75lZqI/maxresdefault.jpg]
[localhost/worldofficialtrailer/video-category/hindi/index.html]
[localhost/worldofficialtrailer/wp-json/oembed/1.0/embed7d0e.json]
[localhost/worldofficialtrailer/wp-json/oembed/1.0/embedb30d]
[img.youtube.com/vi/cDjFpajxx8A/maxresdefault.jpg]
[img.youtube.com/vi/etDC5bqj0MM/maxresdefault.jpg]
[img.youtube.com/vi/xepOh2s9Cb0/maxresdefault.jpg]
[image.tmdb.org/t/p/w185/CaievsSWmbVuznon1yhiQswVsZ.jpg]
[localhost/worldofficialtrailer/watch/brazen-deadly-desires-official-trailer/index.html]
[localhost/worldofficialtrailer/wp-json/oembed/1.0/embede27f.json]
[localhost/worldofficialtrailer/wp-json/oembed/1.0/embed1662]
[upload.wikimedia.org/wikipedia/en/thumb/4/42/The_Royal_Treatment.jpg/220px-The_Royal_Treatment.jpg]
[localhost/worldofficialtrailer/watch/the-royal-treatment-official-trailer/index.html]
[localhost/worldofficialtrailer/wp-json/oembed/1.0/embed6a9d.json]
[localhost/worldofficialtrailer/wp-json/oembed/1.0/embed0488]
[upload.wikimedia.org/wikipedia/en/thumb/5/51/Fantastic_Beasts,_The_Secrets_of_Dumbledore_teaser_poster.png/220px-Fantastic_Beasts,_The_Secrets_of_Dumbledore_teaser_poster.png]
[localhost/worldofficialtrailer/watch/fantastic-beasts-the-secrets-of-dumbledore-official-trailer/index.html]
[localhost/worldofficialtrailer/wp-json/oembed/1.0/embed5d4a.json]
[localhost/worldofficialtrailer/wp-json/oembed/1.0/embedffa3]
[img.youtube.com/vi/f_vbAtFSEc0/maxresdefault.jpg]
[upload.wikimedia.org/wikipedia/en/thumb/e/ee/TheLostCityPoster.jpg/220px-TheLostCityPoster.jpg]
[localhost/worldofficialtrailer/watch/the-lost-city-official-trailer/index.html]
[localhost/worldofficialtrailer/wp-json/oembed/1.0/embed627c.json]
[localhost/worldofficialtrailer/wp-json/oembed/1.0/embedc40d]
[upload.wikimedia.org/wikipedia/en/thumb/c/c7/Uncharted_(film).jpg/220px-Uncharted_(film).jpg]
[localhost/worldofficialtrailer/watch/uncharted-official-trailer/index.html]
[localhost/worldofficialtrailer/wp-json/oembed/1.0/embedd51c.json]
[localhost/worldofficialtrailer/wp-json/oembed/1.0/embedaec7]
[upload.wikimedia.org/wikipedia/en/b/b1/Beast_2022_poster.jpg]
[localhost/worldofficialtrailer/watch/beast-official-trailer/index.html]
[localhost/worldofficialtrailer/video-category/tamil/index.html]
[localhost/worldofficialtrailer/wp-json/oembed/1.0/embed1350.json]
[localhost/worldofficialtrailer/wp-json/oembed/1.0/embed6936]
[m.media-amazon.com/images/M/MV5BNmIzYWM2MzQtMWRmYy00YjU3LThjY2YtZmRjYmI4ZGI5Nzk0XkEyXkFqcGdeQXVyODE5NzE3OTE@._V1_.jpg]
[localhost/worldofficialtrailer/watch/gorkha-official-trailer/index.html]
[localhost/worldofficialtrailer/wp-json/oembed/1.0/embed267a.json]
[localhost/worldofficialtrailer/wp-json/oembed/1.0/embed0d72]
[upload.wikimedia.org/wikipedia/en/thumb/7/7f/The_Black_Phone.jpg/220px-The_Black_Phone.jpg]
[localhost/worldofficialtrailer/watch/the-black-phone-official-trailer/index.html]
[localhost/worldofficialtrailer/wp-json/oembed/1.0/embed54db.json]
[localhost/worldofficialtrailer/wp-json/oembed/1.0/embeda770]
[upload.wikimedia.org/wikipedia/en/thumb/0/08/Doctor_Strange_in_the_Multiverse_of_Madness_poster.jpeg/220px-Doctor_Strange_in_the_Multiverse_of_Madness_poster.jpg]
[localhost/worldofficialtrailer/watch/doctor-strange-in-the-multiverse-of-madness-official-trailer/index.html]
[localhost/worldofficialtrailer/page/2]
[localhost/worldofficialtrailer/page/3/index.html]
[localhost/worldofficialtrailer/page/4/index.html]
[localhost/worldofficialtrailer/wp-content/plugins/all-in-one-video-gallery/public/assets/fonts/aiovg-iconscad5.svg]
[localhost/worldofficialtrailer/index970c.html]
[localhost/worldofficialtrailer/about-us/OneSignalSDKUpdaterWorker.html]
[localhost/worldofficialtrailer/about-us/OneSignalSDKWorker.html]
[localhost/worldofficialtrailer/about-us/worldfirstofficialtrailer@gmail.html]
[localhost/worldofficialtrailer/wp-content/plugins/gd-rating-system/css/rating/grid.min18ce.css]
[localhost/worldofficialtrailer/wp-content/plugins/gd-rating-system/css/rating/core.min18ce.css]
[localhost/worldofficialtrailer/wp-content/plugins/gd-rating-system/css/fonts/default-embed.min18ce.css]
[localhost/worldofficialtrailer/wp-content/plugins/gd-rating-system/css/methods/stars.min18ce.css]
[localhost/worldofficialtrailer/wp-content/plugins/gd-rating-system/css/methods/stars/heart.png]
[localhost/worldofficialtrailer/wp-content/plugins/gd-rating-system/css/methods/stars/star.png]
[localhost/worldofficialtrailer/wp-content/plugins/gd-rating-system/css/fonts/default/gdrts-icons8aa7.eot]
[localhost/worldofficialtrailer/index1c4a.html]
[localhost/worldofficialtrailer/privacy-policy-2/OneSignalSDKUpdaterWorker.html]
[localhost/worldofficialtrailer/wp-content/plugins/gd-rating-system/css/methods/stars/oxygen.png]
[localhost/worldofficialtrailer/privacy-policy-2/OneSignalSDKWorker.html]
[localhost/worldofficialtrailer/wp-content/plugins/gd-rating-system/css/methods/stars/christmas.png]
[localhost/worldofficialtrailer/wp-content/plugins/gd-rating-system/css/methods/stars/snowflake.png]
[localhost/worldofficialtrailer/wp-content/plugins/gd-rating-system/css/methods/stars/crystal.png]
[localhost/worldofficialtrailer/index9cd7.html]
[localhost/worldofficialtrailer/terms-conditions/OneSignalSDKUpdaterWorker.html]
[localhost/worldofficialtrailer/terms-conditions/OneSignalSDKWorker.html]
[localhost/dashboard/index.html]
[localhost/dashboard/javascripts/modernizr.js]
[localhost/worldofficialtrailer/video-tag/index.html]
[img.youtube.com/vi/rftKSy89cgY/maxresdefault.jpg]
[localhost/dashboard/images/favicon.png]
[localhost/worldofficialtrailer/index2dc4.html]
[connect.facebook.net/en_US/all.js]
[localhost/worldofficialtrailer/video-tag/22-dec/OneSignalSDKUpdaterWorker.html]
[localhost/worldofficialtrailer/video-tag/22-dec/OneSignalSDKWorker.html]
[localhost/dashboard/images/bitnami-xampp.png]
[localhost/worldofficialtrailer/watch/the-kings-man-official-trailer/index.html]
[localhost/dashboard/images/fastly-logo.png]
[code.jquery.com/jquery-1.10.2.min.js]
[localhost/dashboard/javascripts/all.js]
[localhost/worldofficialtrailer/watch/the-matrix-resurrections-official-trailer/index.html]
[localhost/phpmyadmin/index.html]
[localhost/worldofficialtrailer/video-tag/24-dec/OneSignalSDKUpdaterWorker.html]
[localhost/worldofficialtrailer/video-tag/24-dec/OneSignalSDKWorker.html]
[localhost/worldofficialtrailer/wp-json/oembed/1.0/embedb7c2.json]
[localhost/worldofficialtrailer/watch/the-silent-sea-official-trailer/index.html]
[localhost/worldofficialtrailer/wp-json/oembed/1.0/embed7dbb]
[localhost/worldofficialtrailer/video-category/korean/index.html]
[localhost/worldofficialtrailer/wp-json/oembed/1.0/embed3e9c.json]
[localhost/worldofficialtrailer/wp-json/oembed/1.0/embede32f]
[localhost/worldofficialtrailer/watch/badava-rascal-official-trailer/index.html]
[localhost/worldofficialtrailer/video-category/kannada/index.html]
[localhost/worldofficialtrailer/wp-json/oembed/1.0/embeddb4f.json]
[localhost/worldofficialtrailer/wp-json/oembed/1.0/embeda071]
[localhost/worldofficialtrailer/watch/83-official-trailer/index.html]
[i.mydramalist.com/xqxJr_4f.jpg]
[localhost/worldofficialtrailer/wp-json/oembed/1.0/embed094d.json]
[localhost/worldofficialtrailer/wp-json/oembed/1.0/embed5e2f]
[localhost/worldofficialtrailer/watch/atrangi-re-official-trailer/index.html]
[localhost/worldofficialtrailer/video-tag/25-dec/OneSignalSDKUpdaterWorker.html]
[localhost/worldofficialtrailer/video-tag/25-dec/OneSignalSDKWorker.html]
[localhost/worldofficialtrailer/watch/a-journal-for-jordan-official-trailer/index.html]
[localhost/worldofficialtrailer/wp-json/oembed/1.0/embed3dd2.json]
[localhost/worldofficialtrailer/wp-json/oembed/1.0/embed759f]
[i.ytimg.com/vi/s88XPCod3b0/movieposter_en.jpg]
[localhost/worldofficialtrailer/watch/american-underdog-official-trailer/index.html]
[localhost/worldofficialtrailer/wp-json/oembed/1.0/embedac20.json]
[localhost/worldofficialtrailer/video-tag/31-dec/OneSignalSDKUpdaterWorker.html]
[localhost/worldofficialtrailer/wp-json/oembed/1.0/embed47fc]
[localhost/worldofficialtrailer/video-tag/31-dec/OneSignalSDKWorker.html]
[forumfilms.co.nz/wp-content/uploads/2021/02/83-poster.001-360x618_c.jpg]
[localhost/worldofficialtrailer/watch/cobra-kai-season-4-official-trailer/index.html]
[localhost/worldofficialtrailer/wp-json/oembed/1.0/embed4985.json]
[localhost/worldofficialtrailer/wp-json/oembed/1.0/embeddf88]
[m.media-amazon.com/images/M/MV5BMTc3MDE0MGEtY2FmMy00ZmY4LTk5NGUtNGJlYjIyMWEzZDkzXkEyXkFqcGdeQXVyMTA1NzEzOTU1._V1_.jpg]
[localhost/worldofficialtrailer/watch/stay-close-official-trailer/index.html]
[localhost/worldofficialtrailer/wp-json/oembed/1.0/embed43f8.json]
[localhost/worldofficialtrailer/wp-json/oembed/1.0/embed7106]
[upload.wikimedia.org/wikipedia/en/6/67/The_King's_Man.jpg]
[localhost/worldofficialtrailer/watch/777-charlie-official-trailer/index.html]
[localhost/worldofficialtrailer/wp-json/oembed/1.0/embed7ac0.json]
[localhost/worldofficialtrailer/wp-json/oembed/1.0/embed9ad3]
[localhost/worldofficialtrailer/watch/jersey-official-trailer/index.html]
[localhost/worldofficialtrailer/indexada0.html]
[m.media-amazon.com/images/M/MV5BZGI2MDk2NGEtNDcwZC00NmU5LTk5NmMtODE1NDRlMDFmODU2XkEyXkFqcGdeQXVyNDAzNDk0MTQ@._V1_.jpg]
[localhost/worldofficialtrailer/watch/book-of-love-official-trailer/OneSignalSDKUpdaterWorker.html]
[localhost/worldofficialtrailer/wp-json/oembed/1.0/embed9ed5.json]
[localhost/worldofficialtrailer/watch/book-of-love-official-trailer/OneSignalSDKWorker.html]
[localhost/worldofficialtrailer/wp-json/oembed/1.0/embed3b8e]
[localhost/worldofficialtrailer/author/worldtrailer/index.html]
[m.media-amazon.com/images/M/MV5BMjVjNmUyZGItMDRlZi00ZTMwLTllM2UtNzFlZDZhMWMxOTUyXkEyXkFqcGdeQXVyMTkxNjUyNQ@@._V1_UY1200_CR90,0,630,1200_AL_.jpg]
[flxt.tmsimg.com/assets/p18991265_b_v13_ab.jpg]
[localhost/worldofficialtrailer/wp-admin/admin-ajaxe36c.json]
[localhost/worldofficialtrailer/player-embed/id/168/index.html]
[localhost/worldofficialtrailer/wp-json/oembed/1.0/embed3800.json]
[localhost/worldofficialtrailer/wp-json/oembed/1.0/embed11bf]
[static.toiimg.com/thumb/msid-64880286,width-219,height-317,imgsize-55120/64880286.jpg]
[localhost/worldofficialtrailer/wp-json/oembed/1.0/embed438c.json]
[localhost/worldofficialtrailer/wp-json/oembed/1.0/embed5065]
[localhost/worldofficialtrailer/watch/operation-fortune-ruse-de-guerre-official-trailer/index.html]
[localhost/worldofficialtrailer/author/worldtrailer/feed/index.html]
[localhost/worldofficialtrailer/wp-json/wp/v2/users/1.json]
[localhost/worldofficialtrailer/watch/peacemaker-official-trailer/index.html]
[localhost/worldofficialtrailer/wp-json/oembed/1.0/embede912.json]
[localhost/worldofficialtrailer/wp-json/oembed/1.0/embed42f7]
[localhost/worldofficialtrailer/watch/spider-man-no-way-home-official-trailer/index.html]
[upload.wikimedia.org/wikipedia/en/thumb/4/4c/American_Underdog.jpg/220px-American_Underdog.jpg]
[localhost/worldofficialtrailer/wp-json/oembed/1.0/embedd131.json]
[localhost/worldofficialtrailer/wp-json/oembed/1.0/embedc92e]
[localhost/worldofficialtrailer/watch/scream-official-trailer/index.html]
[localhost/worldofficialtrailer/wp-json/oembed/1.0/embed02fc.json]
[m.media-amazon.com/images/M/MV5BYjAyYjI3OTUtYWU1NS00MDE3LTg4OGUtNTU2NzI5YmYxZTlhXkEyXkFqcGdeQXVyMTEzMTI1Mjk3._V1_.jpg]
[localhost/worldofficialtrailer/wp-json/oembed/1.0/embedeafe]
[localhost/worldofficialtrailer/wp-json/oembed/1.0/embed0161.json]
[localhost/worldofficialtrailer/wp-json/oembed/1.0/embed7b89]
[m.media-amazon.com/images/M/MV5BZjViYjRjODItYzI4ZC00MzI4LTkwYTQtZjI5ZjAzZWViMTZlXkEyXkFqcGdeQXVyMTI1NDEyNTM5._V1_UX100_CR0,0,100,100_AL_.jpg]
[m.media-amazon.com/images/I/41+S9fvRYfL.jpg]
[localhost/worldofficialtrailer/watch/death-on-the-nile-official-trailer/index.html]
[localhost/worldofficialtrailer/wp-json/oembed/1.0/embed1a25.json]
[localhost/worldofficialtrailer/wp-json/oembed/1.0/embed399f]
[localhost/worldofficialtrailer/watch/the-355-official-trailer/index.html]
[m.media-amazon.com/images/M/MV5BZGFmNmRlZmQtMDAyYy00NTJjLTg2ODQtZDI0OWE3M2I2NDcyXkEyXkFqcGdeQXVyNjY1MTg4Mzc@._V1_.jpg]
[localhost/worldofficialtrailer/wp-json/oembed/1.0/embed463d.json]
[localhost/worldofficialtrailer/watch/book-of-love-official-trailer/page/2.html]
[localhost/worldofficialtrailer/wp-json/oembed/1.0/embed16a4]
[localhost/worldofficialtrailer/video-category/index.html]
[localhost/worldofficialtrailer/index678b.html]
[m.media-amazon.com/images/M/MV5BODk2NjAyOWMtM2FjZC00MjZhLTkxMjQtZTM3NjJlYTE5MDdlXkEyXkFqcGdeQXVyMTkxNjUyNQ@@._V1_FMjpg_UX1000_.jpg]
[localhost/worldofficialtrailer/video-category/english/OneSignalSDKUpdaterWorker.html]
[localhost/worldofficialtrailer/video-category/english/OneSignalSDKWorker.html]
[localhost/worldofficialtrailer/wp-content/plugins/all-in-one-video-gallery/public/assets/images/placeholder-image.png]
[m.media-amazon.com/images/M/MV5BZWMyYzFjYTYtNTRjYi00OGExLWE2YzgtOGRmYjAxZTU3NzBiXkEyXkFqcGdeQXVyMzQ0MzA0NTM@._V1_FMjpg_UX1000_.jpg]
[m.media-amazon.com/images/M/MV5BNmQ0OWJiNWUtZGRiOS00MDRkLTk5NzMtN2RhN2NiZDg5NTE0XkEyXkFqcGdeQXVyMTkxNjUyNQ@@._V1_FMjpg_UX1000_.jpg]
[upload.wikimedia.org/wikipedia/en/5/52/The_355_poster.jpg]
[localhost/worldofficialtrailer/video-category/english/page/2/index.html]
[localhost/worldofficialtrailer/index3350.html]
[localhost/worldofficialtrailer/watch/i-want-you-back-official-trailer/OneSignalSDKUpdaterWorker.html]
[localhost/worldofficialtrailer/watch/i-want-you-back-official-trailer/OneSignalSDKWorker.html]
[localhost/worldofficialtrailer/wp-admin/admin-ajaxdfa1.json]
[localhost/worldofficialtrailer/player-embed/id/167/index.html]
[localhost/worldofficialtrailer/watch/ambulance-official-trailer/index.html]
[localhost/worldofficialtrailer/wp-json/oembed/1.0/embed39c8.json]
[localhost/worldofficialtrailer/wp-json/oembed/1.0/embed9fd0]
[upload.wikimedia.org/wikipedia/en/thumb/d/d2/Ambulance_film_poster.jpg/220px-Ambulance_film_poster.jpg]
[localhost/worldofficialtrailer/wp-json/oembed/1.0/embed7ab0.json]
[localhost/worldofficialtrailer/wp-json/oembed/1.0/embede6d6]
[localhost/worldofficialtrailer/watch/station-eleven-official-trailer/index.html]
[localhost/worldofficialtrailer/wp-json/oembed/1.0/embed632c.json]
[localhost/worldofficialtrailer/watch/morbius-official-trailer/index.html]
[localhost/worldofficialtrailer/wp-json/oembed/1.0/embedb64b]
[localhost/worldofficialtrailer/watch/i-want-you-back-official-trailer/page/2.html]
[localhost/worldofficialtrailer/index8e01.html]
[localhost/worldofficialtrailer/watch/search-party-season-5-official-trailer/OneSignalSDKUpdaterWorker.html]
[localhost/worldofficialtrailer/watch/search-party-season-5-official-trailer/OneSignalSDKWorker.html]
[localhost/worldofficialtrailer/wp-admin/admin-ajaxfd98.json]
[localhost/worldofficialtrailer/player-embed/id/166/index.html]
[localhost/worldofficialtrailer/watch/search-party-season-5-official-trailer/page/2.html]
[localhost/worldofficialtrailer/index17d5.html]
[localhost/worldofficialtrailer/watch/moonfall-official-trailer/OneSignalSDKUpdaterWorker.html]
[localhost/worldofficialtrailer/watch/moonfall-official-trailer/OneSignalSDKWorker.html]
[localhost/worldofficialtrailer/wp-admin/admin-ajax1cd0.json]
[localhost/worldofficialtrailer/player-embed/id/165/index.html]
[localhost/worldofficialtrailer/watch/moonfall-official-trailer/page/2.html]
[localhost/worldofficialtrailer/wp-content/plugins/shortcodes-ultimate/includes/css/shortcodes4320.css]
[localhost/worldofficialtrailer/wp-content/plugins/shortcodes-ultimate/includes/images/styles/style-soft.png]
[localhost/worldofficialtrailer/index7760.html]
[localhost/worldofficialtrailer/wp-content/plugins/shortcodes-ultimate/includes/images/player/default.png]
[localhost/worldofficialtrailer/wp-content/plugins/shortcodes-ultimate/includes/images/styles/style-glass.png]
[localhost/worldofficialtrailer/watch/jurassic-world-3-dominion-official-trailer/OneSignalSDKUpdaterWorker.html]
[localhost/worldofficialtrailer/wp-content/plugins/shortcodes-ultimate/includes/images/styles/style-noise.png]
[localhost/worldofficialtrailer/watch/jurassic-world-3-dominion-official-trailer/OneSignalSDKWorker.html]
[localhost/worldofficialtrailer/wp-content/plugins/shortcodes-ultimate/includes/images/styles/style-bubbles.png]
[localhost/worldofficialtrailer/wp-content/plugins/shortcodes-ultimate/includes/images/swiper/default.png]
[localhost/worldofficialtrailer/wp-content/plugins/shortcodes-ultimate/includes/images/quote.png]
[localhost/worldofficialtrailer/wp-content/plugins/shortcodes-ultimate/includes/images/player/default-start.png]
[localhost/worldofficialtrailer/wp-admin/admin-ajax0371.json]
[localhost/worldofficialtrailer/player-embed/id/164/index.html]
[localhost/worldofficialtrailer/watch/jurassic-world-3-dominion-official-trailer/page/2.html]
[localhost/worldofficialtrailer/index4034.html]
[localhost/worldofficialtrailer/watch/black-adam-official-trailer/OneSignalSDKUpdaterWorker.html]
[localhost/worldofficialtrailer/watch/black-adam-official-trailer/OneSignalSDKWorker.html]
[localhost/worldofficialtrailer/wp-admin/admin-ajaxb558.json]
[localhost/worldofficialtrailer/player-embed/id/163/index.html]
[localhost/worldofficialtrailer/watch/black-adam-official-trailer/page/2.html]
[localhost/worldofficialtrailer/indexbbc7.html]
[localhost/worldofficialtrailer/watch/home-team-official-trailer/OneSignalSDKUpdaterWorker.html]
[localhost/worldofficialtrailer/watch/home-team-official-trailer/OneSignalSDKWorker.html]
[localhost/worldofficialtrailer/wp-admin/admin-ajax7456.json]
[localhost/worldofficialtrailer/player-embed/id/162/index.html]
[localhost/worldofficialtrailer/wp-json/oembed/1.0/embed1a4f.json]
[localhost/worldofficialtrailer/wp-json/oembed/1.0/embeddf63]
[cdn.celpox.com/bby_uploads/media/340297218aed3d38ee456d565a69b59d.jpg]
[localhost/worldofficialtrailer/watch/pathan-official-trailer/index.html]
[localhost/worldofficialtrailer/watch/joker-official-trailer/index.html]
[localhost/worldofficialtrailer/wp-json/oembed/1.0/embed54d5.json]
[localhost/worldofficialtrailer/wp-json/oembed/1.0/embedb183]
[localhost/worldofficialtrailer/wp-json/oembed/1.0/embede59f.json]
[localhost/worldofficialtrailer/wp-json/oembed/1.0/embed717f]
[m.media-amazon.com/images/M/MV5BMzBjZTU1YTctMDMwNy00M2I4LWEwM2YtMGQ3ZWEzYzY2ZGIyXkEyXkFqcGdeQXVyMTEzMTI1Mjk3._V1_.jpg]
[m.media-amazon.com/images/M/MV5BM2I2MTE5ZmMtN2FkMy00MTRjLTg1N2ItZDNiMmU3OTI5Mzk4XkEyXkFqcGdeQXVyOTAzMTc2MjA@._V1_.jpg]
[localhost/worldofficialtrailer/watch/bachchan-pandey-official-trailer/index.html]
[localhost/worldofficialtrailer/watch/420-ipc-official-trailer/index.html]
[m.media-amazon.com/images/M/MV5BYjlhNTA3Y2ItYjhiYi00NTBiLTg5MDMtZDJjMDZjNzVjNjJmXkEyXkFqcGdeQXVyMTEyMjM2NDc2._V1_FMjpg_UX1000_.jpg]
[localhost/worldofficialtrailer/wp-json/oembed/1.0/embed0644]
[localhost/worldofficialtrailer/wp-json/oembed/1.0/embed819e.json]
[localhost/worldofficialtrailer/watch/home-team-official-trailer/page/2.html]
[localhost/worldofficialtrailer/watch/home-team-official-trailer/page/3.html]
[localhost/worldofficialtrailer/video-category/hindi/OneSignalSDKUpdaterWorker.html]
[localhost/worldofficialtrailer/video-category/hindi/OneSignalSDKWorker.html]
[localhost/worldofficialtrailer/watch/marakkar-lion-of-the-arabian-sea-official-trailer/index.html]
[localhost/worldofficialtrailer/wp-json/oembed/1.0/embed1f4a.json]
[localhost/worldofficialtrailer/wp-json/oembed/1.0/embed2d08]
[localhost/worldofficialtrailer/watch/attack-official-trailer/index.html]
[localhost/worldofficialtrailer/wp-json/oembed/1.0/embedfc1b.json]
[localhost/worldofficialtrailer/wp-json/oembed/1.0/embed1d23]
[i.ytimg.com/vi/cDjFpajxx8A/maxresdefault.jpg]
[localhost/worldofficialtrailer/watch/prithviraj-official-trailer/index.html]
[localhost/worldofficialtrailer/wp-json/oembed/1.0/embed5701.json]
[localhost/worldofficialtrailer/wp-json/oembed/1.0/embed62b7]
[localhost/worldofficialtrailer/video-category/hindi/page/2/index.html]
[preview.redd.it/qp2wso1i4q281a091.jpg]
[localhost/worldofficialtrailer/index8816.html]
[localhost/worldofficialtrailer/watch/brazen-deadly-desires-official-trailer/OneSignalSDKUpdaterWorker.html]
[localhost/worldofficialtrailer/watch/brazen-deadly-desires-official-trailer/OneSignalSDKWorker.html]
[localhost/worldofficialtrailer/wp-admin/admin-ajax54b8.json]
[localhost/worldofficialtrailer/player-embed/id/161/index.html]
[localhost/worldofficialtrailer/watch/rrr-official-trailer/index.html]
[localhost/worldofficialtrailer/wp-json/oembed/1.0/embed3681.json]
[localhost/worldofficialtrailer/wp-json/oembed/1.0/embed0f30]
[localhost/worldofficialtrailer/watch/brazen-deadly-desires-official-trailer/page/2.html]
[m.media-amazon.com/images/M/MV5BOTAwZjQ2YTUtMzgyOS00YTQ4LThkZTItYjAyYjhlZGFmOGViXkEyXkFqcGdeQXVyMTIzMzg0MTM2._V1_.jpg]
[localhost/worldofficialtrailer/watch/brazen-deadly-desires-official-trailer/page/3.html]
[localhost/worldofficialtrailer/index9c2b.html]
[localhost/worldofficialtrailer/watch/the-royal-treatment-official-trailer/OneSignalSDKUpdaterWorker.html]
[localhost/worldofficialtrailer/watch/the-royal-treatment-official-trailer/OneSignalSDKWorker.html]
[localhost/worldofficialtrailer/wp-admin/admin-ajax9264.json]
[localhost/worldofficialtrailer/player-embed/id/160/index.html]
[localhost/worldofficialtrailer/watch/the-royal-treatment-official-trailer/page/2.html]
[localhost/worldofficialtrailer/watch/the-royal-treatment-official-trailer/page/3.html]
[localhost/worldofficialtrailer/indexb950.html]
[localhost/worldofficialtrailer/watch/fantastic-beasts-the-secrets-of-dumbledore-official-trailer/OneSignalSDKUpdaterWorker.html]
[localhost/worldofficialtrailer/watch/fantastic-beasts-the-secrets-of-dumbledore-official-trailer/OneSignalSDKWorker.html]
[localhost/worldofficialtrailer/wp-admin/admin-ajaxc407.json]
[localhost/worldofficialtrailer/player-embed/id/159/index.html]
[m.media-amazon.com/images/M/MV5BOTdhZGIzMDYtYWM3Yi00NWMyLTg2ZTUtY2MwNGVlZWYxYTQ5XkEyXkFqcGdeQXVyMTI1NDEyNTM5._V1_FMjpg_UX1000_.jpg]
[localhost/worldofficialtrailer/watch/fantastic-beasts-the-secrets-of-dumbledore-official-trailer/page/2.html]
[localhost/worldofficialtrailer/watch/fantastic-beasts-the-secrets-of-dumbledore-official-trailer/page/3.html]
[localhost/worldofficialtrailer/index8af0.html]
[localhost/worldofficialtrailer/watch/the-lost-city-official-trailer/OneSignalSDKUpdaterWorker.html]
[localhost/worldofficialtrailer/watch/the-lost-city-official-trailer/OneSignalSDKWorker.html]
[localhost/worldofficialtrailer/wp-admin/admin-ajax38ba.json]
[localhost/worldofficialtrailer/player-embed/id/158/index.html]
[localhost/worldofficialtrailer/watch/the-lost-city-official-trailer/page/2.html]
[localhost/worldofficialtrailer/index5791.html]
[localhost/worldofficialtrailer/watch/uncharted-official-trailer/OneSignalSDKUpdaterWorker.html]
[localhost/worldofficialtrailer/watch/uncharted-official-trailer/OneSignalSDKWorker.html]
[m.media-amazon.com/images/M/MV5BOTM3ODg3ZDMtZGUxNC00OWE2LWIwNWMtNzAzMGZmZjY2ODRmXkEyXkFqcGdeQXVyMTkzOTcxOTg@._V1_.jpg]
[localhost/worldofficialtrailer/wp-admin/admin-ajax321f.json]
[localhost/worldofficialtrailer/player-embed/id/157/index.html]
[localhost/worldofficialtrailer/watch/uncharted-official-trailer/page/2.html]
[localhost/worldofficialtrailer/watch/uncharted-official-trailer/page/3.html]
[localhost/worldofficialtrailer/indexd1a7.html]
[localhost/worldofficialtrailer/watch/beast-official-trailer/OneSignalSDKUpdaterWorker.html]
[localhost/worldofficialtrailer/watch/beast-official-trailer/OneSignalSDKWorker.html]
[localhost/worldofficialtrailer/wp-admin/admin-ajaxc96b.json]
[localhost/worldofficialtrailer/player-embed/id/156/index.html]
[localhost/worldofficialtrailer/watch/valimai-official-trailer/index.html]
[localhost/worldofficialtrailer/wp-json/oembed/1.0/embed07bb.json]
[localhost/worldofficialtrailer/wp-json/oembed/1.0/embedc4d7]
[localhost/worldofficialtrailer/video-category/tamil/OneSignalSDKUpdaterWorker.html]
[localhost/worldofficialtrailer/video-category/tamil/OneSignalSDKWorker.html]
[localhost/worldofficialtrailer/index2fa7.html]
[localhost/worldofficialtrailer/watch/gorkha-official-trailer/OneSignalSDKUpdaterWorker.html]
[localhost/worldofficialtrailer/watch/gorkha-official-trailer/OneSignalSDKWorker.html]
[localhost/worldofficialtrailer/wp-admin/admin-ajax83bb.json]
[localhost/worldofficialtrailer/player-embed/id/147/index.html]
[localhost/worldofficialtrailer/indexf488.html]
[localhost/worldofficialtrailer/watch/the-black-phone-official-trailer/OneSignalSDKUpdaterWorker.html]
[localhost/worldofficialtrailer/watch/the-black-phone-official-trailer/OneSignalSDKWorker.html]
[localhost/worldofficialtrailer/wp-admin/admin-ajax2e3a.json]
[localhost/worldofficialtrailer/player-embed/id/146/index.html]
[localhost/worldofficialtrailer/watch/the-black-phone-official-trailer/page/2.html]
[localhost/worldofficialtrailer/indexdc22.html]
[localhost/worldofficialtrailer/watch/doctor-strange-in-the-multiverse-of-madness-official-trailer/OneSignalSDKUpdaterWorker.html]
[localhost/worldofficialtrailer/watch/doctor-strange-in-the-multiverse-of-madness-official-trailer/OneSignalSDKWorker.html]
[localhost/worldofficialtrailer/wp-admin/admin-ajax44fc.json]
[localhost/worldofficialtrailer/player-embed/id/143/index.html]
[localhost/worldofficialtrailer/watch/doctor-strange-in-the-multiverse-of-madness-official-trailer/page/2.html]
[localhost/worldofficialtrailer/page/2/index.html]
[img.youtube.com/vi/qS4dYK53zg0/maxresdefault.jpg]
[localhost/worldofficialtrailer/3/index.html]
[upload.wikimedia.org/wikipedia/en/thumb/d/d7/RRR_Poster.jpg/220px-RRR_Poster.jpg]
[localhost/worldofficialtrailer/page/3/OneSignalSDKUpdaterWorker.html]
[localhost/worldofficialtrailer/page/3/OneSignalSDKWorker.html]
[localhost/worldofficialtrailer/4/index.html]
[localhost/worldofficialtrailer/page/4/OneSignalSDKUpdaterWorker.html]
[localhost/worldofficialtrailer/page/4/OneSignalSDKWorker.html]
[localhost/dashboard/stylesheets/normalize.css]
[localhost/dashboard/images/social-icons.png]
[localhost/dashboard/stylesheets/all.css]
[localhost/dashboard/images/social-icons-large.png]
[cdnjs.cloudflare.com/ajax/libs/font-awesome/3.1.0/css/font-awesome.min.css]
[localhost/dashboard/images/social-icons@2x.png]
[localhost/dashboard/images/social-icons-large@2x.png]
[connect.facebook.net/en_US/all.js]
[localhost/dashboard/images/pdf-icon.png]
[localhost/dashboard/index-2.html]
[localhost/applications.html]
[localhost/dashboard/faq.html]
[localhost/dashboard/images/screenshots/xampp-windows-start.jpg]
[localhost/dashboard/howto.html]
[localhost/dashboard/phpinfo.html]
[localhost/phpmyadmin/index.html]
[localhost/dashboard/images/xampp-logo.svg]
[localhost/worldofficialtrailer/video-tag/OneSignalSDKUpdaterWorker.js/index.html]
[localhost/worldofficialtrailer/video-tag/OneSignalSDKWorker.js]
[localhost/worldofficialtrailer/video-tag/7-jan/index.html]
[localhost/worldofficialtrailer/video-tag/12-jan/index.html]
[localhost/worldofficialtrailer/video-tag/13-jan/index.html]
[localhost/worldofficialtrailer/video-tag/14-jan/index.html]
[localhost/worldofficialtrailer/video-tag/18-feb/index.html]
[localhost/worldofficialtrailer/video-tag/21-jan/index.html]
[i.gadgets360cdn.com/large/google_play_1559395346287d41d.jpg]
[localhost/worldofficialtrailer/video-tag/26-jan/index.html]
[localhost/worldofficialtrailer/video-tag/28-jan/index.html]
[localhost/worldofficialtrailer/index2cce.html]
[localhost/worldofficialtrailer/watch/the-kings-man-official-trailer/OneSignalSDKUpdaterWorker.html]
[localhost/worldofficialtrailer/watch/the-kings-man-official-trailer/OneSignalSDKWorker.html]
[localhost/worldofficialtrailer/player-embed/id/63/index.html]
[img.youtube.com/vi/aQ7ptAdZgHM/maxresdefault.jpg]
[localhost/worldofficialtrailer/watch/the-kings-man-official-trailer/page/2.html]
[localhost/worldofficialtrailer/index5fb3.html]
[localhost/worldofficialtrailer/watch/the-matrix-resurrections-official-trailer/OneSignalSDKUpdaterWorker.html]
[localhost/worldofficialtrailer/watch/the-matrix-resurrections-official-trailer/OneSignalSDKWorker.html]
[localhost/worldofficialtrailer/player-embed/id/53/index.html]
[localhost/worldofficialtrailer/watch/the-matrix-resurrections-official-trailer/page/2.html]
[localhost/worldofficialtrailer/indexb6ad.html]
[localhost/worldofficialtrailer/watch/the-silent-sea-official-trailer/OneSignalSDKUpdaterWorker.html]
[localhost/worldofficialtrailer/watch/the-silent-sea-official-trailer/OneSignalSDKWorker.html]
[localhost/worldofficialtrailer/player-embed/id/98/index.html]
[localhost/worldofficialtrailer/video-category/korean/OneSignalSDKUpdaterWorker.html]
[localhost/worldofficialtrailer/video-category/korean/OneSignalSDKWorker.html]
[localhost/worldofficialtrailer/index8cae.html]
[localhost/worldofficialtrailer/watch/badava-rascal-official-trailer/OneSignalSDKUpdaterWorker.html]
[localhost/worldofficialtrailer/watch/badava-rascal-official-trailer/OneSignalSDKWorker.html]
[localhost/worldofficialtrailer/player-embed/id/73/index.html]
[localhost/worldofficialtrailer/video-category/kannada/OneSignalSDKUpdaterWorker.html]
[localhost/worldofficialtrailer/video-category/kannada/OneSignalSDKWorker.html]
[localhost/worldofficialtrailer/index7ef4.html]
[localhost/worldofficialtrailer/watch/83-official-trailer/OneSignalSDKUpdaterWorker.html]
[localhost/worldofficialtrailer/watch/83-official-trailer/OneSignalSDKWorker.html]
[localhost/worldofficialtrailer/player-embed/id/68/index.html]
[localhost/worldofficialtrailer/watch/83-official-trailer/page/2.html]
[localhost/worldofficialtrailer/index4f61.html]
[localhost/worldofficialtrailer/watch/atrangi-re-official-trailer/OneSignalSDKUpdaterWorker.html]
[localhost/worldofficialtrailer/watch/atrangi-re-official-trailer/OneSignalSDKWorker.html]
[localhost/worldofficialtrailer/player-embed/id/66/index.html]
[localhost/worldofficialtrailer/watch/atrangi-re-official-trailer/page/2.html]
[localhost/worldofficialtrailer/indexae74.html]
[localhost/worldofficialtrailer/watch/a-journal-for-jordan-official-trailer/OneSignalSDKUpdaterWorker.html]
[localhost/worldofficialtrailer/watch/a-journal-for-jordan-official-trailer/OneSignalSDKWorker.html]
[localhost/worldofficialtrailer/player-embed/id/72/index.html]
[localhost/worldofficialtrailer/watch/a-journal-for-jordan-official-trailer/page/2.html]
[localhost/worldofficialtrailer/index3f3a.html]
[localhost/worldofficialtrailer/watch/american-underdog-official-trailer/OneSignalSDKUpdaterWorker.html]
[localhost/worldofficialtrailer/watch/american-underdog-official-trailer/OneSignalSDKWorker.html]
[localhost/worldofficialtrailer/player-embed/id/70/index.html]
[localhost/worldofficialtrailer/watch/american-underdog-official-trailer/page/2.html]
[localhost/worldofficialtrailer/index5401.html]
[localhost/worldofficialtrailer/watch/cobra-kai-season-4-official-trailer/OneSignalSDKUpdaterWorker.html]
[localhost/worldofficialtrailer/watch/cobra-kai-season-4-official-trailer/OneSignalSDKWorker.html]
[localhost/worldofficialtrailer/player-embed/id/99/index.html]
[localhost/worldofficialtrailer/watch/cobra-kai-season-4-official-trailer/page/2.html]
[localhost/worldofficialtrailer/index65d2.html]
[localhost/worldofficialtrailer/watch/stay-close-official-trailer/OneSignalSDKUpdaterWorker.html]
[localhost/worldofficialtrailer/watch/stay-close-official-trailer/OneSignalSDKWorker.html]
[localhost/worldofficialtrailer/player-embed/id/94/index.html]
[upload.wikimedia.org/wikipedia/en/thumb/d/d7/Valimai_poster.jpg/220px-Valimai_poster.jpg]
[localhost/worldofficialtrailer/watch/stay-close-official-trailer/page/2.html]
[localhost/worldofficialtrailer/indexeffd.html]
[localhost/worldofficialtrailer/watch/777-charlie-official-trailer/OneSignalSDKUpdaterWorker.html]
[localhost/worldofficialtrailer/watch/777-charlie-official-trailer/OneSignalSDKWorker.html]
[localhost/worldofficialtrailer/player-embed/id/90/index.html]
[localhost/worldofficialtrailer/index3fbb.html]
[localhost/worldofficialtrailer/watch/jersey-official-trailer/OneSignalSDKUpdaterWorker.html]
[localhost/worldofficialtrailer/watch/jersey-official-trailer/OneSignalSDKWorker.html]
[localhost/worldofficialtrailer/player-embed/id/89/index.html]
[localhost/worldofficialtrailer/watch/jersey-official-trailer/page/2.html]
[localhost/worldofficialtrailer/author/worldtrailer/OneSignalSDKUpdaterWorker.html]
[localhost/worldofficialtrailer/author/worldtrailer/OneSignalSDKWorker.html]
[localhost/worldofficialtrailer/player-embed/id/168/GET.html]
[localhost/worldofficialtrailer/indexe9b4.html]
[localhost/worldofficialtrailer/watch/operation-fortune-ruse-de-guerre-official-trailer/OneSignalSDKUpdaterWorker.html]
[localhost/worldofficialtrailer/watch/operation-fortune-ruse-de-guerre-official-trailer/OneSignalSDKWorker.html]
[localhost/worldofficialtrailer/player-embed/id/58/index.html]
[localhost/worldofficialtrailer/watch/operation-fortune-ruse-de-guerre-official-trailer/page/2.html]
[localhost/worldofficialtrailer/index5eda.html]
[localhost/worldofficialtrailer/watch/peacemaker-official-trailer/OneSignalSDKUpdaterWorker.html]
[localhost/worldofficialtrailer/watch/peacemaker-official-trailer/OneSignalSDKWorker.html]
[localhost/worldofficialtrailer/player-embed/id/95/index.html]
[localhost/worldofficialtrailer/watch/peacemaker-official-trailer/page/2.html]
[localhost/worldofficialtrailer/index094d.html]
[localhost/worldofficialtrailer/watch/spider-man-no-way-home-official-trailer/OneSignalSDKUpdaterWorker.html]
[localhost/worldofficialtrailer/watch/spider-man-no-way-home-official-trailer/OneSignalSDKWorker.html]
[localhost/worldofficialtrailer/player-embed/id/61/index.html]
[localhost/worldofficialtrailer/watch/spider-man-no-way-home-official-trailer/page/2.html]
[localhost/worldofficialtrailer/indexe6f0.html]
[localhost/worldofficialtrailer/watch/scream-official-trailer/OneSignalSDKUpdaterWorker.html]
[localhost/worldofficialtrailer/watch/scream-official-trailer/OneSignalSDKWorker.html]
[localhost/worldofficialtrailer/player-embed/id/103/index.html]
[localhost/worldofficialtrailer/watch/scream-official-trailer/page/2.html]
[localhost/worldofficialtrailer/watch/bheemla-nayak-official-trailer/index.html]
[localhost/worldofficialtrailer/wp-json/oembed/1.0/embed4894.json]
[localhost/worldofficialtrailer/wp-json/oembed/1.0/embedb9d9]
[localhost/worldofficialtrailer/index248a.html]
[localhost/worldofficialtrailer/watch/death-on-the-nile-official-trailer/OneSignalSDKUpdaterWorker.html]
[localhost/worldofficialtrailer/watch/death-on-the-nile-official-trailer/OneSignalSDKWorker.html]
[upload.wikimedia.org/wikipedia/en/thumb/b/bb/Bheemla_Nayak.jpg/220px-Bheemla_Nayak.jpg]
[localhost/worldofficialtrailer/wp-admin/admin-ajaxff48.json]
[localhost/worldofficialtrailer/player-embed/id/140/index.html]
[localhost/worldofficialtrailer/watch/death-on-the-nile-official-trailer/page/2.html]
[localhost/worldofficialtrailer/index8e15.html]
[localhost/worldofficialtrailer/watch/the-355-official-trailer/OneSignalSDKUpdaterWorker.html]
[localhost/worldofficialtrailer/watch/the-355-official-trailer/OneSignalSDKWorker.html]
[localhost/worldofficialtrailer/player-embed/id/92/index.html]
[localhost/worldofficialtrailer/watch/the-355-official-trailer/page/2.html]
[localhost/worldofficialtrailer/watch/book-of-love-official-trailer/page/OneSignalSDKUpdaterWorker.html]
[localhost/worldofficialtrailer/watch/book-of-love-official-trailer/page/OneSignalSDKWorker.html]
[localhost/worldofficialtrailer/video-category/OneSignalSDKUpdaterWorker.js]
[localhost/worldofficialtrailer/video-category/OneSignalSDKWorker.js]
[localhost/worldofficialtrailer/video-category/android-app/index.html]
[localhost/worldofficialtrailer/video-category/telugu/index.html]
[localhost/worldofficialtrailer/video-category/english/page/2/OneSignalSDKUpdaterWorker.html]
[localhost/worldofficialtrailer/video-category/english/page/2/OneSignalSDKWorker.html]
[localhost/worldofficialtrailer/player-embed/id/167/GET.html]
[localhost/worldofficialtrailer/index198a.html]
[localhost/worldofficialtrailer/watch/ambulance-official-trailer/OneSignalSDKUpdaterWorker.html]
[localhost/worldofficialtrailer/watch/ambulance-official-trailer/OneSignalSDKWorker.html]
[localhost/worldofficialtrailer/player-embed/id/101/index.html]
[localhost/worldofficialtrailer/watch/ambulance-official-trailer/page/2.html]
[localhost/worldofficialtrailer/indexb190.html]
[localhost/worldofficialtrailer/watch/station-eleven-official-trailer/OneSignalSDKUpdaterWorker.html]
[localhost/worldofficialtrailer/watch/station-eleven-official-trailer/OneSignalSDKWorker.html]
[localhost/worldofficialtrailer/player-embed/id/97/index.html]
[localhost/worldofficialtrailer/watch/station-eleven-official-trailer/page/2.html]
[localhost/worldofficialtrailer/indexc5eb.html]
[localhost/worldofficialtrailer/watch/morbius-official-trailer/OneSignalSDKUpdaterWorker.html]
[localhost/worldofficialtrailer/watch/morbius-official-trailer/OneSignalSDKWorker.html]
[localhost/worldofficialtrailer/player-embed/id/102/index.html]
[localhost/worldofficialtrailer/watch/morbius-official-trailer/page/2.html]
[localhost/worldofficialtrailer/watch/i-want-you-back-official-trailer/page/OneSignalSDKUpdaterWorker.html]
[localhost/worldofficialtrailer/watch/i-want-you-back-official-trailer/page/OneSignalSDKWorker.html]
[localhost/worldofficialtrailer/player-embed/id/166/GET.html]
[localhost/worldofficialtrailer/watch/search-party-season-5-official-trailer/page/OneSignalSDKUpdaterWorker.html]
[localhost/worldofficialtrailer/watch/search-party-season-5-official-trailer/page/OneSignalSDKWorker.html]
[localhost/worldofficialtrailer/player-embed/id/165/GET.html]
[localhost/worldofficialtrailer/watch/moonfall-official-trailer/page/OneSignalSDKUpdaterWorker.html]
[localhost/worldofficialtrailer/watch/moonfall-official-trailer/page/OneSignalSDKWorker.html]
[localhost/worldofficialtrailer/player-embed/id/164/GET.html]
[localhost/worldofficialtrailer/watch/jurassic-world-3-dominion-official-trailer/page/OneSignalSDKUpdaterWorker.html]
[localhost/worldofficialtrailer/watch/jurassic-world-3-dominion-official-trailer/page/OneSignalSDKWorker.html]
[localhost/worldofficialtrailer/player-embed/id/163/GET.html]
[localhost/worldofficialtrailer/watch/black-adam-official-trailer/page/OneSignalSDKUpdaterWorker.html]
[localhost/worldofficialtrailer/watch/black-adam-official-trailer/page/OneSignalSDKWorker.html]
[localhost/worldofficialtrailer/player-embed/id/162/GET.html]
[localhost/worldofficialtrailer/index1a26.html]
[localhost/worldofficialtrailer/watch/pathan-official-trailer/OneSignalSDKUpdaterWorker.html]
[localhost/worldofficialtrailer/watch/pathan-official-trailer/OneSignalSDKWorker.html]
[localhost/worldofficialtrailer/wp-admin/admin-ajax6e08.json]
[localhost/worldofficialtrailer/player-embed/id/138/index.html]
[localhost/worldofficialtrailer/indexd4a6.html]
[localhost/worldofficialtrailer/watch/joker-official-trailer/OneSignalSDKUpdaterWorker.html]
[localhost/worldofficialtrailer/watch/joker-official-trailer/OneSignalSDKWorker.html]
[localhost/worldofficialtrailer/player-embed/id/124/index.html]
[localhost/worldofficialtrailer/watch/android-app/index.html]
[localhost/worldofficialtrailer/wp-json/oembed/1.0/embed8232.json]
[localhost/worldofficialtrailer/indexee5b.html]
[localhost/worldofficialtrailer/wp-json/oembed/1.0/embed0307]
[localhost/worldofficialtrailer/watch/bachchan-pandey-official-trailer/OneSignalSDKUpdaterWorker.html]
[localhost/worldofficialtrailer/watch/bachchan-pandey-official-trailer/OneSignalSDKWorker.html]
[localhost/worldofficialtrailer/wp-admin/admin-ajaxaaf3.json]
[localhost/worldofficialtrailer/player-embed/id/142/index.html]
[localhost/worldofficialtrailer/index7665.html]
[localhost/worldofficialtrailer/watch/420-ipc-official-trailer/OneSignalSDKUpdaterWorker.html]
[localhost/worldofficialtrailer/watch/420-ipc-official-trailer/OneSignalSDKWorker.html]
[localhost/worldofficialtrailer/player-embed/id/65/index.html]
[localhost/worldofficialtrailer/watch/home-team-official-trailer/page/OneSignalSDKUpdaterWorker.html]
[localhost/worldofficialtrailer/watch/home-team-official-trailer/page/OneSignalSDKWorker.html]
[localhost/worldofficialtrailer/index4ab3.html]
[localhost/worldofficialtrailer/watch/marakkar-lion-of-the-arabian-sea-official-trailer/OneSignalSDKUpdaterWorker.html]
[localhost/worldofficialtrailer/watch/marakkar-lion-of-the-arabian-sea-official-trailer/OneSignalSDKWorker.html]
[localhost/worldofficialtrailer/player-embed/id/126/index.html]
[localhost/worldofficialtrailer/indexe887.html]
[localhost/worldofficialtrailer/watch/attack-official-trailer/OneSignalSDKUpdaterWorker.html]
[localhost/worldofficialtrailer/watch/attack-official-trailer/OneSignalSDKWorker.html]
[localhost/worldofficialtrailer/player-embed/id/109/index.html]
[localhost/worldofficialtrailer/index460d.html]
[localhost/worldofficialtrailer/watch/prithviraj-official-trailer/OneSignalSDKUpdaterWorker.html]
[localhost/worldofficialtrailer/watch/prithviraj-official-trailer/OneSignalSDKWorker.html]
[localhost/worldofficialtrailer/player-embed/id/108/index.html]
[localhost/worldofficialtrailer/watch/prithviraj-official-trailer/page/2.html]
[localhost/worldofficialtrailer/video-category/hindi/page/2/OneSignalSDKUpdaterWorker.html]
[localhost/worldofficialtrailer/video-category/hindi/page/2/OneSignalSDKWorker.html]
[localhost/worldofficialtrailer/player-embed/id/161/GET.html]
[localhost/worldofficialtrailer/index6aed.html]
[localhost/worldofficialtrailer/watch/rrr-official-trailer/OneSignalSDKUpdaterWorker.html]
[localhost/worldofficialtrailer/watch/rrr-official-trailer/OneSignalSDKWorker.html]
[localhost/worldofficialtrailer/player-embed/id/50/index.html]
[localhost/worldofficialtrailer/watch/rrr-official-trailer/page/2.html]
[localhost/worldofficialtrailer/watch/brazen-deadly-desires-official-trailer/page/OneSignalSDKUpdaterWorker.html]
[localhost/worldofficialtrailer/watch/brazen-deadly-desires-official-trailer/page/OneSignalSDKWorker.html]
[localhost/worldofficialtrailer/player-embed/id/160/GET.html]
[localhost/worldofficialtrailer/watch/the-royal-treatment-official-trailer/page/OneSignalSDKUpdaterWorker.html]
[localhost/worldofficialtrailer/watch/the-royal-treatment-official-trailer/page/OneSignalSDKWorker.html]
[localhost/worldofficialtrailer/player-embed/id/159/GET.html]
[localhost/worldofficialtrailer/watch/fantastic-beasts-the-secrets-of-dumbledore-official-trailer/page/OneSignalSDKUpdaterWorker.html]
[localhost/worldofficialtrailer/watch/fantastic-beasts-the-secrets-of-dumbledore-official-trailer/page/OneSignalSDKWorker.html]
[localhost/worldofficialtrailer/player-embed/id/158/GET.html]
[localhost/worldofficialtrailer/watch/the-lost-city-official-trailer/page/OneSignalSDKUpdaterWorker.html]
[localhost/worldofficialtrailer/watch/the-lost-city-official-trailer/page/OneSignalSDKWorker.html]
[localhost/worldofficialtrailer/player-embed/id/157/GET.html]
[localhost/worldofficialtrailer/watch/uncharted-official-trailer/page/OneSignalSDKUpdaterWorker.html]
[localhost/worldofficialtrailer/watch/uncharted-official-trailer/page/OneSignalSDKWorker.html]
[localhost/worldofficialtrailer/player-embed/id/156/GET.html]
[localhost/worldofficialtrailer/index5a24.html]
[localhost/worldofficialtrailer/watch/valimai-official-trailer/OneSignalSDKUpdaterWorker.html]
[localhost/worldofficialtrailer/watch/valimai-official-trailer/OneSignalSDKWorker.html]
[localhost/worldofficialtrailer/player-embed/id/107/index.html]
[localhost/worldofficialtrailer/watch/radhe-shyam-official-trailer/index.html]
[localhost/worldofficialtrailer/player-embed/id/147/GET.html]
[localhost/worldofficialtrailer/player-embed/id/146/GET.html]
[localhost/worldofficialtrailer/wp-json/oembed/1.0/embed168c.json]
[localhost/worldofficialtrailer/watch/the-black-phone-official-trailer/page/OneSignalSDKUpdaterWorker.html]
[localhost/worldofficialtrailer/wp-json/oembed/1.0/embedbce3]
[localhost/worldofficialtrailer/watch/the-black-phone-official-trailer/page/OneSignalSDKWorker.html]
[localhost/worldofficialtrailer/player-embed/id/143/GET.html]
[localhost/worldofficialtrailer/watch/doctor-strange-in-the-multiverse-of-madness-official-trailer/page/OneSignalSDKUpdaterWorker.html]
[localhost/worldofficialtrailer/watch/doctor-strange-in-the-multiverse-of-madness-official-trailer/page/OneSignalSDKWorker.html]
[localhost/worldofficialtrailer/2/index.html]
[localhost/worldofficialtrailer/page/2/OneSignalSDKUpdaterWorker.html]
[localhost/worldofficialtrailer/page/2/OneSignalSDKWorker.html]
[localhost/bitnami.css]
[localhost/dashboard/docs/backup-restore-mysql.html]
[localhost/dashboard/docs/backup-restore-mysql.pdf]
[localhost/dashboard/docs/transfer-files-ftp.html]
[localhost/dashboard/docs/images/backup-restore-mysql/image2.png]
[localhost/dashboard/docs/images/backup-restore-mysql/image1.png]
[localhost/dashboard/docs/configure-vhosts.html]
[localhost/dashboard/docs/images/backup-restore-mysql/image4.png]
[localhost/dashboard/docs/images/backup-restore-mysql/image3.png]
[localhost/dashboard/docs/configure-wildcard-subdomains.html]
[localhost/dashboard/docs/images/backup-restore-mysql/image5.png]
[localhost/dashboard/docs/deploy-git-app.html]
[localhost/dashboard/docs/images/backup-restore-mysql/image6.png]
[localhost/dashboard/docs/images/backup-restore-mysql/image7.png]
[cdn.hswstatic.com/gif/download-legit-250x150.jpg]
[www.filmcompanion.in/wp-content/uploads/2020/07/F3F7776B-494A-4BFE-8FB4-B32F6B798D0A.jpg]
[localhost/dashboard/docs/install-wordpress.html]
[localhost/dashboard/docs/images/backup-restore-mysql/image9.png]
[localhost/dashboard/docs/images/backup-restore-mysql/image8.png]
[localhost/dashboard/docs/images/backup-restore-mysql/image10.png]
[localhost/dashboard/docs/images/backup-restore-mysql/image11.png]
[localhost/dashboard/docs/reset-mysql-password.html]
[localhost/dashboard/docs/images/backup-restore-mysql/image12.png]
[localhost/dashboard/docs/images/backup-restore-mysql/image14.png]
[localhost/dashboard/docs/transfer-files-ftp.pdf]
[localhost/dashboard/docs/images/backup-restore-mysql/image13.png]
[localhost/dashboard/docs/images/transfer-files-ftp/image1.png]
[localhost/dashboard/docs/send-mail.html]
[localhost/dashboard/docs/images/transfer-files-ftp/image2.png]
[localhost/dashboard/docs/use-sqlite.html]
[localhost/dashboard/docs/images/transfer-files-ftp/image3.png]
[localhost/dashboard/docs/activate-use-xdebug.html]
[localhost/dashboard/docs/images/transfer-files-ftp/image4.png]
[localhost/dashboard/docs/create-framework-project-zf1.html]
[localhost/dashboard/docs/images/transfer-files-ftp/image5.png]
[localhost/dashboard/docs/create-framework-project-zf2.html]
[localhost/dashboard/docs/images/transfer-files-ftp/image6.png]
[localhost/dashboard/docs/troubleshoot-apache.html]
[localhost/dashboard/docs/images/transfer-files-ftp/image7.png]
[localhost/dashboard/docs/change-mysql-temp-dir.html]
[localhost/dashboard/docs/images/transfer-files-ftp/image8.png]
[localhost/dashboard/docs/increase-php-file-upload-limit.html]
[localhost/dashboard/docs/images/transfer-files-ftp/image9.png]
[localhost/dashboard/docs/access-phpmyadmin-remotely.html]
[localhost/dashboard/docs/images/transfer-files-ftp/image10.png]
[localhost/dashboard/docs/auto-start-xampp.html]
[localhost/dashboard/docs/images/transfer-files-ftp/image11.png]
[localhost/dashboard/docs/use-different-php-version.html]
[localhost/dashboard/docs/configure-vhosts.pdf]
[localhost/dashboard/docs/use-php-fcgi.html]
[localhost/dashboard/docs/configure-use-tomcat.html]
[localhost/dashboard/docs/images/configure-vhosts/image1.png]
[localhost/worldofficialtrailer/video-tag/OneSignalSDKUpdaterWorker.js/OneSignalSDKUpdaterWorker.html]
[localhost/worldofficialtrailer/video-tag/OneSignalSDKUpdaterWorker.js/OneSignalSDKWorker.html]
[localhost/worldofficialtrailer/video-tag/OneSignalSDKWorker.js/index.html]
[localhost/dashboard/docs/images/configure-vhosts/image3.png]
[localhost/dashboard/docs/images/configure-vhosts/image2.png]
[localhost/dashboard/docs/images/configure-vhosts/image4.png]
[localhost/worldofficialtrailer/video-tag/7-jan/OneSignalSDKUpdaterWorker.html]
[localhost/worldofficialtrailer/video-tag/7-jan/OneSignalSDKWorker.html]
[localhost/worldofficialtrailer/video-tag/12-jan/OneSignalSDKUpdaterWorker.html]
[localhost/dashboard/docs/images/configure-wildcard-subdomains/image1.png]
[localhost/dashboard/docs/images/configure-wildcard-subdomains/image2.png]
[localhost/dashboard/docs/images/configure-wildcard-subdomains/image3.png]
[localhost/dashboard/docs/configure-wildcard-subdomains.pdf]
[localhost/worldofficialtrailer/video-tag/12-jan/OneSignalSDKWorker.html]
[localhost/worldofficialtrailer/video-tag/13-jan/OneSignalSDKUpdaterWorker.html]
[localhost/worldofficialtrailer/video-tag/13-jan/OneSignalSDKWorker.html]
[localhost/worldofficialtrailer/video-tag/14-jan/OneSignalSDKUpdaterWorker.html]
[localhost/dashboard/docs/deploy-git-app.pdf]
[localhost/dashboard/docs/images/deploy-git-app/image1.png]
[localhost/dashboard/docs/images/deploy-git-app/image2.png]
[localhost/dashboard/docs/images/configure-wildcard-subdomains/image4.png]
[localhost/worldofficialtrailer/video-tag/14-jan/OneSignalSDKWorker.html]
[localhost/worldofficialtrailer/video-tag/18-feb/OneSignalSDKUpdaterWorker.html]
[localhost/dashboard/docs/images/deploy-git-app/image4.png]
[localhost/dashboard/docs/images/deploy-git-app/image5.png]
[localhost/dashboard/docs/images/deploy-git-app/image3.png]
[localhost/worldofficialtrailer/video-tag/18-feb/OneSignalSDKWorker.html]
[localhost/worldofficialtrailer/video-tag/21-jan/OneSignalSDKUpdaterWorker.html]
[localhost/worldofficialtrailer/video-tag/21-jan/OneSignalSDKWorker.html]
[localhost/dashboard/docs/install-wordpress.pdf]
[localhost/dashboard/docs/images/install-wordpress/image01.png]
[localhost/dashboard/docs/images/deploy-git-app/image6.png]
[localhost/dashboard/docs/images/install-wordpress/image02.png]
[localhost/worldofficialtrailer/video-tag/26-jan/OneSignalSDKUpdaterWorker.html]
[localhost/worldofficialtrailer/video-tag/26-jan/OneSignalSDKWorker.html]
[localhost/worldofficialtrailer/video-tag/28-jan/OneSignalSDKUpdaterWorker.html]
[localhost/worldofficialtrailer/video-tag/28-jan/OneSignalSDKWorker.html]
[localhost/dashboard/docs/images/install-wordpress/image12.png]
[localhost/dashboard/docs/images/install-wordpress/image13.png]
[localhost/dashboard/docs/images/install-wordpress/image14.png]
[localhost/dashboard/docs/images/install-wordpress/image11.png]
[localhost/worldofficialtrailer/player-embed/id/63/GET.html]
[localhost/worldofficialtrailer/wp-admin/admin-ajaxd54a.json]
[localhost/worldofficialtrailer/watch/the-kings-man-official-trailer/page/OneSignalSDKUpdaterWorker.html]
[localhost/worldofficialtrailer/watch/the-kings-man-official-trailer/page/OneSignalSDKWorker.html]
[localhost/dashboard/docs/images/install-wordpress/image16.png]
[localhost/dashboard/docs/images/install-wordpress/image17.png]
[localhost/dashboard/docs/images/install-wordpress/image18.png]
[localhost/dashboard/docs/images/install-wordpress/image15.png]
[localhost/worldofficialtrailer/player-embed/id/53/GET.html]
[localhost/worldofficialtrailer/wp-admin/admin-ajax46f5.json]
[localhost/worldofficialtrailer/watch/the-matrix-resurrections-official-trailer/page/OneSignalSDKUpdaterWorker.html]
[localhost/worldofficialtrailer/watch/the-matrix-resurrections-official-trailer/page/OneSignalSDKWorker.html]
[localhost/dashboard/docs/images/install-wordpress/image110.png]
[localhost/dashboard/docs/images/install-wordpress/image21.png]
[localhost/dashboard/docs/images/install-wordpress/image22.png]
[localhost/dashboard/docs/images/install-wordpress/image19.png]
[localhost/worldofficialtrailer/player-embed/id/98/GET.html]
[localhost/worldofficialtrailer/wp-admin/admin-ajax56b7.json]
[localhost/worldofficialtrailer/player-embed/id/73/GET.html]
[localhost/dashboard/docs/images/install-wordpress/image24.png]
[localhost/dashboard/docs/images/install-wordpress/image31.png]
[localhost/dashboard/docs/images/install-wordpress/image32.png]
[localhost/dashboard/docs/images/install-wordpress/image23.png]
[localhost/worldofficialtrailer/wp-admin/admin-ajax8ddb.json]
[localhost/worldofficialtrailer/player-embed/id/68/GET.html]
[localhost/dashboard/docs/images/install-wordpress/image34.png]
[localhost/dashboard/docs/images/install-wordpress/image35.png]
[localhost/dashboard/docs/images/install-wordpress/image36.png]
[localhost/dashboard/docs/images/install-wordpress/image33.png]
[localhost/worldofficialtrailer/wp-admin/admin-ajax3671.json]
[localhost/worldofficialtrailer/watch/83-official-trailer/page/OneSignalSDKUpdaterWorker.html]
[localhost/dashboard/docs/reset-mysql-password.pdf]
[localhost/dashboard/docs/images/reset-mysql-password/image1.png]
[localhost/dashboard/docs/images/reset-mysql-password/image2.png]
[localhost/dashboard/docs/images/install-wordpress/image37.png]
[localhost/worldofficialtrailer/watch/83-official-trailer/page/OneSignalSDKWorker.html]
[localhost/worldofficialtrailer/player-embed/id/66/GET.html]
[localhost/worldofficialtrailer/wp-admin/admin-ajax0123.json]
[localhost/worldofficialtrailer/watch/atrangi-re-official-trailer/page/OneSignalSDKUpdaterWorker.html]
[localhost/dashboard/docs/send-mail.pdf]
[localhost/dashboard/docs/images/send-mail/image1.png]
[localhost/dashboard/docs/images/send-mail/image2.png]
[localhost/dashboard/docs/images/reset-mysql-password/image3.png]
[localhost/worldofficialtrailer/watch/atrangi-re-official-trailer/page/OneSignalSDKWorker.html]
[localhost/worldofficialtrailer/player-embed/id/72/GET.html]
[localhost/worldofficialtrailer/wp-admin/admin-ajax1614.json]
[localhost/dashboard/docs/use-sqlite.pdf]
[localhost/dashboard/docs/images/use-sqlite/image1.png]
[localhost/dashboard/docs/images/use-sqlite/image2.png]
[localhost/dashboard/docs/images/send-mail/image3.png]
[localhost/worldofficialtrailer/watch/a-journal-for-jordan-official-trailer/page/OneSignalSDKUpdaterWorker.html]
[localhost/worldofficialtrailer/watch/a-journal-for-jordan-official-trailer/page/OneSignalSDKWorker.html]
[localhost/dashboard/docs/images/use-sqlite/image3.png]
[localhost/dashboard/docs/activate-use-xdebug.pdf]
[localhost/worldofficialtrailer/player-embed/id/70/GET.html]
[localhost/worldofficialtrailer/wp-admin/admin-ajax90f5.json]
[localhost/dashboard/docs/images/activate-use-xdebug/image2.png]
[localhost/dashboard/docs/images/activate-use-xdebug/image3.png]
[localhost/dashboard/docs/images/activate-use-xdebug/image1.png]
[localhost/dashboard/docs/create-framework-project-zf1.pdf]
[localhost/worldofficialtrailer/watch/american-underdog-official-trailer/page/OneSignalSDKUpdaterWorker.html]
[localhost/worldofficialtrailer/watch/american-underdog-official-trailer/page/OneSignalSDKWorker.html]
[localhost/worldofficialtrailer/player-embed/id/99/GET.html]
[localhost/worldofficialtrailer/wp-admin/admin-ajax5d8f.json]
[localhost/dashboard/docs/images/create-framework-project-zf1/image1.png]
[localhost/dashboard/docs/images/create-framework-project-zf1/image2.png]
[localhost/worldofficialtrailer/watch/cobra-kai-season-4-official-trailer/page/OneSignalSDKUpdaterWorker.html]
[localhost/worldofficialtrailer/watch/cobra-kai-season-4-official-trailer/page/OneSignalSDKWorker.html]
[localhost/dashboard/docs/images/create-framework-project-zf2/image1.png]
[localhost/dashboard/docs/create-framework-project-zf2.pdf]
[localhost/dashboard/docs/images/create-framework-project-zf2/image2.png]
[localhost/dashboard/docs/images/create-framework-project-zf2/image3.png]
[localhost/worldofficialtrailer/player-embed/id/94/GET.html]
[localhost/worldofficialtrailer/wp-admin/admin-ajax559c.json]
[localhost/worldofficialtrailer/watch/stay-close-official-trailer/page/OneSignalSDKUpdaterWorker.html]
[localhost/worldofficialtrailer/watch/stay-close-official-trailer/page/OneSignalSDKWorker.html]
[localhost/dashboard/docs/images/create-framework-project-zf2/image5.png]
[localhost/dashboard/docs/troubleshoot-apache.pdf]
[localhost/dashboard/docs/images/troubleshoot-apache/image1.png]
[localhost/dashboard/docs/images/create-framework-project-zf2/image4.png]
[localhost/worldofficialtrailer/player-embed/id/90/GET.html]
[localhost/worldofficialtrailer/wp-admin/admin-ajax7dd2.json]
[localhost/worldofficialtrailer/player-embed/id/89/GET.html]
[localhost/dashboard/docs/images/troubleshoot-apache/image3.png]
[localhost/dashboard/docs/images/troubleshoot-apache/image4.png]
[localhost/dashboard/docs/images/troubleshoot-apache/image5.png]
[localhost/dashboard/docs/images/troubleshoot-apache/image2.png]
[localhost/worldofficialtrailer/wp-admin/admin-ajaxdb7b.json]
[localhost/worldofficialtrailer/watch/jersey-official-trailer/page/OneSignalSDKUpdaterWorker.html]
[localhost/worldofficialtrailer/watch/jersey-official-trailer/page/OneSignalSDKWorker.html]
[localhost/worldofficialtrailer/player-embed/id/58/GET.html]
[localhost/dashboard/docs/images/troubleshoot-apache/image7.png]
[localhost/dashboard/docs/images/troubleshoot-apache/image8.png]
[localhost/dashboard/docs/change-mysql-temp-dir.pdf]
[localhost/dashboard/docs/images/troubleshoot-apache/image6.png]
[localhost/worldofficialtrailer/wp-admin/admin-ajax5306.json]
[localhost/worldofficialtrailer/watch/operation-fortune-ruse-de-guerre-official-trailer/page/OneSignalSDKUpdaterWorker.html]
[localhost/worldofficialtrailer/watch/operation-fortune-ruse-de-guerre-official-trailer/page/OneSignalSDKWorker.html]
[localhost/worldofficialtrailer/player-embed/id/95/GET.html]
[localhost/dashboard/docs/access-phpmyadmin-remotely.pdf]
[localhost/dashboard/docs/images/access-phpmyadmin-remotely/image1.png]
[localhost/dashboard/docs/auto-start-xampp.pdf]
[localhost/dashboard/docs/increase-php-file-upload-limit.pdf]
[localhost/worldofficialtrailer/wp-admin/admin-ajax7b2a.json]
[localhost/worldofficialtrailer/watch/peacemaker-official-trailer/page/OneSignalSDKUpdaterWorker.html]
[localhost/worldofficialtrailer/watch/peacemaker-official-trailer/page/OneSignalSDKWorker.html]
[localhost/worldofficialtrailer/player-embed/id/61/GET.html]
[localhost/dashboard/docs/use-different-php-version.pdf]
[localhost/dashboard/docs/images/use-different-php-version/image1.png]
[localhost/dashboard/docs/use-php-fcgi.pdf]
[localhost/dashboard/docs/images/auto-start-xampp/image1.png]
[localhost/worldofficialtrailer/wp-admin/admin-ajax81d9.json]
[localhost/worldofficialtrailer/watch/spider-man-no-way-home-official-trailer/page/OneSignalSDKUpdaterWorker.html]
[localhost/worldofficialtrailer/watch/spider-man-no-way-home-official-trailer/page/OneSignalSDKWorker.html]
[localhost/worldofficialtrailer/player-embed/id/103/GET.html]
[localhost/dashboard/docs/configure-use-tomcat.pdf]
[localhost/dashboard/docs/images/configure-use-tomcat/image1.png]
[localhost/dashboard/docs/images/configure-use-tomcat/image2.png]
[localhost/dashboard/docs/images/use-php-fcgi/image1.png]
[localhost/worldofficialtrailer/wp-admin/admin-ajax8fa1.json]
[localhost/worldofficialtrailer/watch/scream-official-trailer/page/OneSignalSDKUpdaterWorker.html]
[localhost/worldofficialtrailer/watch/scream-official-trailer/page/OneSignalSDKWorker.html]
[localhost/worldofficialtrailer/index9430.html]
[localhost/dashboard/docs/images/configure-use-tomcat/image4.png]
[localhost/dashboard/docs/images/configure-use-tomcat/image8.png]
[localhost/dashboard/docs/images/configure-use-tomcat/image3.png]
[localhost/worldofficialtrailer/watch/bheemla-nayak-official-trailer/OneSignalSDKUpdaterWorker.html]
[localhost/worldofficialtrailer/watch/bheemla-nayak-official-trailer/OneSignalSDKWorker.html]
[localhost/dashboard/docs/images/configure-use-tomcat/image6.png]
[localhost/dashboard/docs/images/configure-use-tomcat/image7.png]
[localhost/dashboard/docs/images/configure-use-tomcat/image5.png]
[localhost/worldofficialtrailer/player-embed/id/104/index.html]
[localhost/worldofficialtrailer/player-embed/id/140/GET.html]
[localhost/worldofficialtrailer/watch/death-on-the-nile-official-trailer/page/OneSignalSDKUpdaterWorker.html]
[localhost/worldofficialtrailer/watch/death-on-the-nile-official-trailer/page/OneSignalSDKWorker.html]
[localhost/worldofficialtrailer/player-embed/id/92/GET.html]
[localhost/worldofficialtrailer/wp-admin/admin-ajax3435.json]
[localhost/worldofficialtrailer/watch/the-355-official-trailer/page/OneSignalSDKUpdaterWorker.html]
[localhost/worldofficialtrailer/watch/the-355-official-trailer/page/OneSignalSDKWorker.html]
[localhost/worldofficialtrailer/video-category/OneSignalSDKUpdaterWorker.js/index.html]
[localhost/worldofficialtrailer/video-category/OneSignalSDKWorker.js/index.html]
[localhost/worldofficialtrailer/video-category/android-app/OneSignalSDKUpdaterWorker.html]
[localhost/worldofficialtrailer/video-category/android-app/OneSignalSDKWorker.html]
[localhost/worldofficialtrailer/video-category/telugu/OneSignalSDKUpdaterWorker.html]
[localhost/worldofficialtrailer/video-category/telugu/OneSignalSDKWorker.html]
[localhost/worldofficialtrailer/player-embed/id/101/GET.html]
[localhost/worldofficialtrailer/wp-admin/admin-ajaxd085.json]
[localhost/worldofficialtrailer/watch/ambulance-official-trailer/page/OneSignalSDKUpdaterWorker.html]
[localhost/worldofficialtrailer/watch/ambulance-official-trailer/page/OneSignalSDKWorker.html]
[localhost/worldofficialtrailer/player-embed/id/97/GET.html]
[localhost/worldofficialtrailer/wp-admin/admin-ajax45f0.json]
[localhost/worldofficialtrailer/watch/station-eleven-official-trailer/page/OneSignalSDKUpdaterWorker.html]
[localhost/worldofficialtrailer/watch/station-eleven-official-trailer/page/OneSignalSDKWorker.html]
[localhost/worldofficialtrailer/player-embed/id/102/GET.html]
[localhost/worldofficialtrailer/wp-admin/admin-ajax8302.json]
[localhost/worldofficialtrailer/watch/morbius-official-trailer/page/OneSignalSDKUpdaterWorker.html]
[localhost/worldofficialtrailer/watch/morbius-official-trailer/page/OneSignalSDKWorker.html]
[localhost/worldofficialtrailer/player-embed/id/138/GET.html]
[localhost/worldofficialtrailer/player-embed/id/124/GET.html]
[localhost/worldofficialtrailer/wp-admin/admin-ajax8a82.json]
[localhost/worldofficialtrailer/indexe856.html]
[localhost/worldofficialtrailer/watch/android-app/OneSignalSDKUpdaterWorker.html]
[localhost/worldofficialtrailer/watch/android-app/OneSignalSDKWorker.html]
[localhost/worldofficialtrailer/wp-content/plugins/all-in-one-video-gallery/vendor/videojs/video.min5fb2.js]
[localhost/worldofficialtrailer/wp-content/plugins/all-in-one-video-gallery/vendor/videojs-plugins/can-autoplay/can-autoplay.min2513.js]
[localhost/worldofficialtrailer/wp-admin/admin-ajaxe9a9.json]
[localhost/worldofficialtrailer/player-embed/id/121/index.html]
[pinterest.com/pin/create/button/index38d0.html]
[localhost/worldofficialtrailer/player-embed/id/142/GET.html]
[localhost/worldofficialtrailer/player-embed/id/65/GET.html]
[localhost/worldofficialtrailer/wp-admin/admin-ajaxf664.json]
[localhost/worldofficialtrailer/player-embed/id/126/GET.html]
[localhost/worldofficialtrailer/wp-admin/admin-ajax2890.json]
[localhost/worldofficialtrailer/player-embed/id/109/GET.html]
[localhost/worldofficialtrailer/wp-admin/admin-ajax6ff2.json]
[localhost/worldofficialtrailer/player-embed/id/108/GET.html]
[localhost/worldofficialtrailer/wp-admin/admin-ajax61f2.json]
[localhost/worldofficialtrailer/watch/prithviraj-official-trailer/page/OneSignalSDKUpdaterWorker.html]
[localhost/worldofficialtrailer/watch/prithviraj-official-trailer/page/OneSignalSDKWorker.html]
[localhost/worldofficialtrailer/player-embed/id/50/GET.html]
[localhost/worldofficialtrailer/wp-admin/admin-ajax7d22.json]
[localhost/worldofficialtrailer/watch/rrr-official-trailer/page/OneSignalSDKUpdaterWorker.html]
[localhost/worldofficialtrailer/watch/rrr-official-trailer/page/OneSignalSDKWorker.html]
[localhost/worldofficialtrailer/player-embed/id/107/GET.html]
[localhost/worldofficialtrailer/wp-admin/admin-ajaxcfa3.json]
[localhost/worldofficialtrailer/indexea0f.html]
[localhost/worldofficialtrailer/watch/radhe-shyam-official-trailer/OneSignalSDKUpdaterWorker.html]
[localhost/worldofficialtrailer/watch/radhe-shyam-official-trailer/OneSignalSDKWorker.html]
[localhost/worldofficialtrailer/player-embed/id/105/index.html]
[localhost/phpMyAdmin.html]
[localhost/example.html]
[localhost/wordpress.html]
[localhost/Slim.html]
[localhost/wordpress/wp-login.html]
[localhost/sendmail.html]
[localhost/example/phpmailer.html]
[localhost/sqlite.html]
[localhost/xampp/phpinfo.html]
[localhost/myapp/index.html]
[localhost/myapp.html]
[localhost/worldofficialtrailer/video-tag/OneSignalSDKWorker.js/OneSignalSDKUpdaterWorker.html]
[localhost/worldofficialtrailer/video-tag/OneSignalSDKWorker.js/OneSignalSDKWorker.html]
[localhost/worldofficialtrailer/player-embed/id/104/GET.html]
[localhost/worldofficialtrailer/wp-admin/admin-ajax365c.json]
[localhost/worldofficialtrailer/video-category/OneSignalSDKUpdaterWorker.js/OneSignalSDKUpdaterWorker.html]
[localhost/worldofficialtrailer/video-category/OneSignalSDKUpdaterWorker.js/OneSignalSDKWorker.html]
[localhost/worldofficialtrailer/video-category/OneSignalSDKWorker.js/OneSignalSDKUpdaterWorker.html]
[localhost/worldofficialtrailer/video-category/OneSignalSDKWorker.js/OneSignalSDKWorker.html]
[localhost/worldofficialtrailer/wp-content/plugins/all-in-one-video-gallery/vendor/videojs/video-js.min5fb2.css]
[localhost/worldofficialtrailer/player-embed/id/121/GET.html]
[www.pinterest.com/pin/create/button/indexb00f.html]
[s.pinimg.com/webapp/www/_client-unauthdesktop-ab1aa968544cd38b.css]
[s.pinimg.com/webapp/runtime-24cacfc82fe79e0c.js]
[s.pinimg.com/webapp/18265-03afa77a4410b2e3.js]
[s.pinimg.com/webapp/polyfills-241f2fab843a6e1a.js]
[s.pinimg.com/webapp/13764-cd8048923af8bdec.js]
[s.pinimg.com/webapp/1436-448723370142ddda.js]
[s.pinimg.com/webapp/55998-efb09a3dc7fa2059.js]
[s.pinimg.com/webapp/97362-0c6c9dfc68a7676a.js]
[s.pinimg.com/webapp/40925-ad8294ac06557c7e.js]
[s.pinimg.com/webapp/78170-10b52d34807418ca.js]
[s.pinimg.com/webapp/locale-en_US-lite-560f0a2bcf0bd5d5.js]
[s.pinimg.com/webapp/28468-f008fcca59ad9f4d.js]
[s.pinimg.com/webapp/vendor-react-6f08d6ba60496f4e.js]
[s.pinimg.com/webapp/71233-652578003f7f5570.js]
[s.pinimg.com/webapp/13529-92f77dc1397f99b5.js]
[s.pinimg.com/webapp/www/pin/create/[method]-unauthdesktop-e3e0fa0780c61fa9.js]
[s.pinimg.com/webapp/27003-2de4e5466d084a89.js]
[s.pinimg.com/webapp/www/_client-unauthdesktop-83b3fc74aa1aa941.js]
[s.pinimg.com/webapp/65178-283fe14e0dbe16e7.js]
[s.pinimg.com/webapp/8330-a9450c4e35d41417.js]
[s.pinimg.com/webapp/26623-bf5b2e41d8f76da0.js]
[s.pinimg.com/webapp/97346-455f57dcb3b3f89b.js]
[s.pinimg.com/webapp/36895-eae848642dec1a96.js]
[s.pinimg.com/webapp/76865-957b1fe04435e2ed.js]
[s.pinimg.com/webapp/20896-93ddaf0617c46239.js]
[s.pinimg.com/webapp/98131-5266ca6a8abd625a.js]
[s.pinimg.com/webapp/www/tv/[pin_id]-unauthdesktop-cbd4943a78c46655.css]
[s.pinimg.com/webapp/74923-c5c1a5ca0e860f3a.js]
[www.pinterest.com/pin/create/button/indexb00f.html]
[www.pinterest.com/pin/create/button/ios-app_/429047995/pinterest/add_pin/_method=button&image_url=undefined&source_url=h/localhost/worldofficialtrailer/watch/andro/google_play_15593953462]
[www.pinterest.com/pin/create/button/android-app_/com.pinterest/pinterest/www.pinterest.com/pin/create/button/_media=undefined&url=http_/localhost/worldofficialtrai/google_play_15593953462]
[localhost/worldofficialtrailer/player-embed/id/105/GET.html]
[s.pinimg.com/webapp/logo_trans_144x144-5e37c0c6.png]
[s.pinimg.com/webapp/favicon-54a5b2af.png]
[localhost/worldofficialtrailer/wp-admin/admin-ajaxd5d6.json]
[s.pinimg.com/webapp/70079-257309112370be8c.js]
[s.pinimg.com/webapp/1892-b3814fcbd5f1e1e4.js]
[s.pinimg.com/webapp/www/pin/create/[method]-unauthdesktop-5877cd88c6734726.css]
[s.pinimg.com/webapp/30353-add7a44777f08c56.js]
[s.pinimg.com/webapp/www/_client-unauthdesktop-ab1aa968544cd38b.css]
[s.pinimg.com/webapp/51252-dbf5080e9da1a0ae.js]
[s.pinimg.com/webapp/884-6f55dad86a63cce5.js]
[s.pinimg.com/webapp/30524-d57d286ccef1a87e.js]
[www.pinterest.com/pin/create/button/ios-app_/429047995/pinterest/add_pin/_method=button&image_url=undefined&source_url=h/localhost/worldofficialtrailer/watch/andro/google_play_15593953462]
[s.pinimg.com/webapp/26672-9394a2c59723ec42.js]
[www.pinterest.com/pin/create/button/android-app_/com.pinterest/pinterest/www.pinterest.com/pin/create/button/_media=undefined&url=http_/localhost/worldofficialtrai/google_play_15593953462]
[s.pinimg.com/webapp/20798-464abdcf4d8836a6.js]
[s.pinimg.com/webapp/69209-3b1509c1aa12028c.js]
[s.pinimg.com/webapp/21157-ec30cdd12fefab60.js]
[s.pinimg.com/webapp/67579-edfeeba7fc346993.js]
[s.pinimg.com/webapp/39752-42e26b6e6e6ec10d.js]
[s.pinimg.com/webapp/71837-53299a13b564ae59.js]
[s.pinimg.com/webapp/68910-2f24422edfee5fb5.css]
[s.pinimg.com/webapp/51966-e2d9e2729fcd6e4a.js]
[s.pinimg.com/webapp/40667-24b427eb87901de5.js]
[s.pinimg.com/webapp/73412-b5668fbc1316999d.js]
[s.pinimg.com/webapp/73412-2f24422edfee5fb5.css]
[s.pinimg.com/webapp/29894-b33500f066c5a301.js]
[s.pinimg.com/webapp/bce958f90574f516.png]
[s.pinimg.com/webapp/79774-4226d27e88bc9570.js]
[s.pinimg.com/webapp/www/tv/[pin_id]-unauthdesktop-cbd4943a78c46655.css]
[s.pinimg.com/webapp/www/today/popular/[interest]/[interestId]-unauthdesktop-cbd4943a78c46655.css]
